<html>
<body>
<pre>
<h1>µVision Build Log</h1>
<h2>Tool Versions:</h2>
IDE-Version: ¦ÌVision V5.14.0.0
Copyright (C) 2015 ARM Ltd and ARM Germany GmbH. All rights reserved.
License Information: Newland Newland, Newland, LIC=76FVE-5TZLL-5T93W-Q2YKD-CQL6S-790YL
 
Tool Versions:
Toolchain:       MDK-ARM Standard  Version: 5.14.0.0
Toolchain Path:  C:\Keil_v5\ARM\ARMCC\Bin
C Compiler:      Armcc.exe V5.05 update 1 (build 106)
Assembler:       Armasm.exe V5.05 update 1 (build 106)
Linker/Locator:  ArmLink.exe V5.05 update 1 (build 106)
Library Manager: ArmAr.exe V5.05 update 1 (build 106)
Hex Converter:   FromElf.exe V5.05 update 1 (build 106)
CPU DLL:         SARMCM3.DLL V5.14.0.0
Dialog DLL:      DCM.DLL V1.13.1.0
Target DLL:      STLink\ST-LINKIII-KEIL_SWO.dll V2.0.14.0_KEIL
Dialog DLL:      TCM.DLL V1.14.4.0
 
<h2>Project:</h2>
C:\Users\Newland\Desktop\2022\C¾í\NB-IOT\project\LoraNode.uvprojx
Project File Date:  04/19/2019

<h2>Output:</h2>
Rebuild target 'LoraNode-433-lora'
compiling main.c...
compiling timer_handles.c...
compiling adc_reader.c...
compiling configs.c...
compiling NS_Radio.c...
compiling uart_receiver.c...
compiling key_scaner.c...
compiling led_light.c...
compiling misc.c...
compiling adc-board.c...
compiling board.c...
compiling gpio-board.c...
compiling rtc-board.c...
compiling spi-board.c...
compiling sx1276-board.c...
compiling tim-board.c...
compiling uart-board.c...
compiling usart1-board.c...
assembling startup_stm32l151xb.s...
compiling system_stm32l1xx.c...
compiling stm32l1xx_hal.c...
compiling stm32l1xx_hal_adc.c...
compiling stm32l1xx_hal_adc_ex.c...
compiling stm32l1xx_hal_cortex.c...
compiling stm32l1xx_hal_dma.c...
compiling stm32l1xx_hal_flash.c...
compiling stm32l1xx_hal_flash_ex.c...
compiling stm32l1xx_hal_flash_ramfunc.c...
compiling stm32l1xx_hal_gpio.c...
compiling stm32l1xx_hal_i2c.c...
compiling stm32l1xx_hal_iwdg.c...
compiling stm32l1xx_hal_pwr.c...
compiling stm32l1xx_hal_pwr_ex.c...
compiling stm32l1xx_hal_rcc.c...
compiling stm32l1xx_hal_rcc_ex.c...
compiling stm32l1xx_hal_rtc.c...
compiling stm32l1xx_hal_rtc_ex.c...
compiling stm32l1xx_hal_spi.c...
compiling stm32l1xx_hal_spi_ex.c...
compiling stm32l1xx_hal_tim.c...
compiling stm32l1xx_hal_tim_ex.c...
compiling stm32l1xx_hal_uart.c...
compiling stm32l1xx_hal_usart.c...
compiling sysIrqHandlers.c...
compiling utilities.c...
compiling hal_key.c...
compiling hal_oled.c...
compiling sht1x.c...
compiling hal_it.c...
compiling sx1276.c...
compiling adc.c...
compiling delay.c...
compiling fifo.c...
compiling gpio.c...
compiling timer.c...
compiling uart.c...
compiling flash.c...
compiling iwdg.c...
linking...
Program Size: Code=15888 RO-data=2296 RW-data=88 ZI-data=2216  
FromELF: creating hex file...
".\Objects\LoraNode.axf" - 0 Error(s), 0 Warning(s).

<h2>Collection of Component include folders:</h2>
  C:\Users\Newland\Desktop\2022\C¾í\NB-IOT\project\RTE
  C:\Keil_v5\ARM\PACK\Keil\STM32L1xx_DFP\1.2.0

<h2>Collection of Component Files used:</h2>
</pre>
</body>
</html>
