Component: ARM Compiler 5.06 update 6 (build 750) Tool: armlink [4d35ed]

==============================================================================

Section Cross References

    main.o(i.GetData) refers to adc_reader.o(i.AdcScanChannel) for AdcScanChannel
    main.o(i.GetData) refers to hal_temhum.o(i.call_sht11) for call_sht11
    main.o(i.GetData) refers to adc_reader.o(i.AdcReadCh0) for AdcReadCh0
    main.o(i.GetData) refers to fmul.o(.text) for __aeabi_fmul
    main.o(i.GetData) refers to fscalb.o(.text) for __ARM_scalbnf
    main.o(i.GetData) refers to fdiv.o(.text) for __aeabi_fdiv
    main.o(i.GetData) refers to fadd.o(.text) for __aeabi_fsub
    main.o(i.GetData) refers to f2d.o(.text) for __aeabi_f2d
    main.o(i.GetData) refers to log10.o(i.log10) for log10
    main.o(i.GetData) refers to dadd.o(.text) for __aeabi_drsub
    main.o(i.GetData) refers to ddiv.o(.text) for __aeabi_ddiv
    main.o(i.GetData) refers to pow.o(i.pow) for pow
    main.o(i.GetData) refers to d2f.o(.text) for __aeabi_d2f
    main.o(i.GetData) refers to printfa.o(i.__0sprintf) for __2sprintf
    main.o(i.GetData) refers to hal_oled.o(i.OLED_ShowString) for OLED_ShowString
    main.o(i.GetData) refers to main.o(.data) for .data
    main.o(i.Init) refers to board.o(i.BoardInitMcu) for BoardInitMcu
    main.o(i.Init) refers to board.o(i.BoardInitPeriph) for BoardInitPeriph
    main.o(i.Init) refers to hal_key.o(i.keys_init) for keys_init
    main.o(i.Init) refers to tim-board.o(i.Tim2McuInit) for Tim2McuInit
    main.o(i.Init) refers to tim-board.o(i.setTimer2Callback) for setTimer2Callback
    main.o(i.Init) refers to timer_handles.o(i.Time2Handler) for Time2Handler
    main.o(i.SendData) refers to fmul.o(.text) for __aeabi_fmul
    main.o(i.SendData) refers to ffixi.o(.text) for __aeabi_f2iz
    main.o(i.SendData) refers to usart1-board.o(i.USART1_SendStr) for USART1_SendStr
    main.o(i.SendData) refers to main.o(.data) for .data
    main.o(i.SendData) refers to main.o(.bss) for .bss
    main.o(i.bright) refers to gpio.o(i.GpioWrite) for GpioWrite
    main.o(i.bright) refers to sx1276.o(i.SX1276Send) for SX1276Send
    main.o(i.bright) refers to main.o(.data) for .data
    main.o(i.bright) refers to board.o(.bss) for Led1
    main.o(i.main) refers to main.o(i.Init) for Init
    main.o(i.main) refers to adc_reader.o(i.ADCS_Init) for ADCS_Init
    main.o(i.main) refers to hal_temhum.o(i.hal_temHumInit) for hal_temHumInit
    main.o(i.main) refers to usart1-board.o(i.USART1_Init) for USART1_Init
    main.o(i.main) refers to hal_oled.o(i.OLED_Init_Inverse) for OLED_Init_Inverse
    main.o(i.main) refers to ns_radio.o(i.NS_RadioInit) for NS_RadioInit
    main.o(i.main) refers to main.o(i.GetData) for GetData
    main.o(i.main) refers to main.o(i.bright) for bright
    main.o(i.main) refers to main.o(i.SendData) for SendData
    main.o(i.main) refers to delay.o(i.DelayMs) for DelayMs
    main.o(i.main) refers to hal_key.o(i.isKey2Pressed) for isKey2Pressed
    main.o(i.main) refers to sx1276.o(i.SX1276Send) for SX1276Send
    main.o(i.main) refers to hal_key.o(i.resetKey2) for resetKey2
    main.o(i.main) refers to hal_key.o(i.isKey3Pressed) for isKey3Pressed
    main.o(i.main) refers to hal_key.o(i.resetKey3) for resetKey3
    main.o(i.main) refers to hal_key.o(i.isKey4Pressed) for isKey4Pressed
    main.o(i.main) refers to hal_key.o(i.resetKey4) for resetKey4
    main.o(i.main) refers to usart1-board.o(i.USART1_ReadRxBuffer) for USART1_ReadRxBuffer
    main.o(i.main) refers to usart1-board.o(i.USART1_SendStr) for USART1_SendStr
    main.o(i.main) refers to usart1-board.o(i.USART1_ReceiveClr) for USART1_ReceiveClr
    main.o(i.main) refers to main.o(.bss) for .bss
    main.o(i.main) refers to main.o(.data) for .data
    timer_handles.o(i.Time2Handler) refers to key_scaner.o(i.keyScanner) for keyScanner
    adc_reader.o(i.ADCS_Init) refers to adc.o(i.AdcInit) for AdcInit
    adc_reader.o(i.ADCS_Init) refers to adc_reader.o(.bss) for .bss
    adc_reader.o(i.AdcReadCh0) refers to adc_reader.o(.data) for .data
    adc_reader.o(i.AdcReadCh2) refers to adc_reader.o(.data) for .data
    adc_reader.o(i.AdcScanChannel) refers to adc.o(i.AdcReadChannel) for AdcReadChannel
    adc_reader.o(i.AdcScanChannel) refers to dfltui.o(.text) for __aeabi_ui2d
    adc_reader.o(i.AdcScanChannel) refers to dscalb.o(.text) for __ARM_scalbn
    adc_reader.o(i.AdcScanChannel) refers to dmul.o(.text) for __aeabi_dmul
    adc_reader.o(i.AdcScanChannel) refers to d2f.o(.text) for __aeabi_d2f
    adc_reader.o(i.AdcScanChannel) refers to adc_reader.o(.bss) for .bss
    adc_reader.o(i.AdcScanChannel) refers to adc_reader.o(.data) for .data
    configs.o(i.ReadFlashCfg) refers to flash.o(i.STMFLASH_ReadWord) for STMFLASH_ReadWord
    configs.o(i.ReadFlashCfg) refers to printfa.o(i.__0printf) for __2printf
    configs.o(i.ReadFlashCfg) refers to configs.o(.data) for .data
    configs.o(i.channelNumPP) refers to configs.o(.data) for .data
[...]
    Reset_Handler                            0x08000109   Thumb Code     8  startup_stm32l151xb.o(.text)
    HardFault_Handler                        0x08000113   Thumb Code     2  startup_stm32l151xb.o(.text)
    SVC_Handler                              0x0800011b   Thumb Code     2  startup_stm32l151xb.o(.text)
    PendSV_Handler                           0x0800011f   Thumb Code     2  startup_stm32l151xb.o(.text)
    ADC1_IRQHandler                          0x08000123   Thumb Code     0  startup_stm32l151xb.o(.text)
    COMP_IRQHandler                          0x08000123   Thumb Code     0  startup_stm32l151xb.o(.text)
    DAC_IRQHandler                           0x08000123   Thumb Code     0  startup_stm32l151xb.o(.text)
    DMA1_Channel1_IRQHandler                 0x08000123   Thumb Code     0  startup_stm32l151xb.o(.text)
    DMA1_Channel2_IRQHandler                 0x08000123   Thumb Code     0  startup_stm32l151xb.o(.text)
    DMA1_Channel3_IRQHandler                 0x08000123   Thumb Code     0  startup_stm32l151xb.o(.text)
    DMA1_Channel4_IRQHandler                 0x08000123   Thumb Code     0  startup_stm32l151xb.o(.text)
    DMA1_Channel5_IRQHandler                 0x08000123   Thumb Code     0  startup_stm32l151xb.o(.text)
    DMA1_Channel6_IRQHandler                 0x08000123   Thumb Code     0  startup_stm32l151xb.o(.text)
    DMA1_Channel7_IRQHandler                 0x08000123   Thumb Code     0  startup_stm32l151xb.o(.text)
    FLASH_IRQHandler                         0x08000123   Thumb Code     0  startup_stm32l151xb.o(.text)
    I2C1_ER_IRQHandler                       0x08000123   Thumb Code     0  startup_stm32l151xb.o(.text)
    I2C1_EV_IRQHandler                       0x08000123   Thumb Code     0  startup_stm32l151xb.o(.text)
    I2C2_ER_IRQHandler                       0x08000123   Thumb Code     0  startup_stm32l151xb.o(.text)
    I2C2_EV_IRQHandler                       0x08000123   Thumb Code     0  startup_stm32l151xb.o(.text)
    PVD_IRQHandler                           0x08000123   Thumb Code     0  startup_stm32l151xb.o(.text)
    RCC_IRQHandler                           0x08000123   Thumb Code     0  startup_stm32l151xb.o(.text)
    RTC_WKUP_IRQHandler                      0x08000123   Thumb Code     0  startup_stm32l151xb.o(.text)
    SPI1_IRQHandler                          0x08000123   Thumb Code     0  startup_stm32l151xb.o(.text)
    SPI2_IRQHandler                          0x08000123   Thumb Code     0  startup_stm32l151xb.o(.text)
    TAMPER_STAMP_IRQHandler                  0x08000123   Thumb Code     0  startup_stm32l151xb.o(.text)
    TIM10_IRQHandler                         0x08000123   Thumb Code     0  startup_stm32l151xb.o(.text)
    TIM11_IRQHandler                         0x08000123   Thumb Code     0  startup_stm32l151xb.o(.text)
    TIM6_IRQHandler                          0x08000123   Thumb Code     0  startup_stm32l151xb.o(.text)
    TIM7_IRQHandler                          0x08000123   Thumb Code     0  startup_stm32l151xb.o(.text)
    TIM9_IRQHandler                          0x08000123   Thumb Code     0  startup_stm32l151xb.o(.text)
    USART2_IRQHandler                        0x08000123   Thumb Code     0  startup_stm32l151xb.o(.text)
    USART3_IRQHandler                        0x08000123   Thumb Code     0  startup_stm32l151xb.o(.text)
    USB_FS_WKUP_IRQHandler                   0x08000123   Thumb Code     0  startup_stm32l151xb.o(.text)
    USB_HP_IRQHandler                        0x08000123   Thumb Code     0  startup_stm32l151xb.o(.text)
    USB_LP_IRQHandler                        0x08000123   Thumb Code     0  startup_stm32l151xb.o(.text)
    WWDG_IRQHandler                          0x08000123   Thumb Code     0  startup_stm32l151xb.o(.text)
    __aeabi_memcpy                           0x0800012d   Thumb Code    36  memcpya.o(.text)
    __aeabi_memcpy4                          0x0800012d   Thumb Code     0  memcpya.o(.text)
    __aeabi_memcpy8                          0x0800012d   Thumb Code     0  memcpya.o(.text)
    __aeabi_memset                           0x08000151   Thumb Code    14  memseta.o(.text)
    __aeabi_memset4                          0x08000151   Thumb Code     0  memseta.o(.text)
    __aeabi_memset8                          0x08000151   Thumb Code     0  memseta.o(.text)
    __aeabi_memclr                           0x0800015f   Thumb Code     4  memseta.o(.text)
    __aeabi_memclr4                          0x0800015f   Thumb Code     0  memseta.o(.text)
    __aeabi_memclr8                          0x0800015f   Thumb Code     0  memseta.o(.text)
    _memset$wrapper                          0x08000163   Thumb Code    18  memseta.o(.text)
    __aeabi_fadd                             0x08000175   Thumb Code   164  fadd.o(.text)
    __aeabi_fsub                             0x08000219   Thumb Code     6  fadd.o(.text)
    __aeabi_frsub                            0x0800021f   Thumb Code     6  fadd.o(.text)
    __aeabi_fmul                             0x08000225   Thumb Code   100  fmul.o(.text)
    __aeabi_fdiv                             0x08000289   Thumb Code   124  fdiv.o(.text)
    __ARM_scalbnf                            0x08000305   Thumb Code    24  fscalb.o(.text)
    scalbnf                                  0x08000305   Thumb Code     0  fscalb.o(.text)
    __aeabi_dadd                             0x0800031d   Thumb Code   322  dadd.o(.text)
    __aeabi_dsub                             0x0800045f   Thumb Code     6  dadd.o(.text)
    __aeabi_drsub                            0x08000465   Thumb Code     6  dadd.o(.text)
    __aeabi_dmul                             0x0800046b   Thumb Code   228  dmul.o(.text)
    __aeabi_ddiv                             0x0800054f   Thumb Code   222  ddiv.o(.text)
    __ARM_scalbn                             0x0800062d   Thumb Code    46  dscalb.o(.text)
    scalbn                                   0x0800062d   Thumb Code     0  dscalb.o(.text)
    __aeabi_ui2f                             0x0800065b   Thumb Code    10  ffltui.o(.text)
    __aeabi_i2d                              0x08000665   Thumb Code    34  dflti.o(.text)
    __aeabi_ui2d                             0x08000687   Thumb Code    26  dfltui.o(.text)
    __aeabi_f2iz                             0x080006a1   Thumb Code    50  ffixi.o(.text)
    __aeabi_d2iz                             0x080006d3   Thumb Code    62  dfixi.o(.text)
    __aeabi_d2uiz                            0x08000711   Thumb Code    50  dfixui.o(.text)
    __aeabi_f2d                              0x08000743   Thumb Code    38  f2d.o(.text)
    __aeabi_cdcmpeq                          0x08000769   Thumb Code     0  cdcmple.o(.text)
    __aeabi_cdcmple                          0x08000769   Thumb Code    48  cdcmple.o(.text)
    __aeabi_cdrcmple                         0x08000799   Thumb Code    48  cdrcmple.o(.text)
    __aeabi_d2f                              0x080007c9   Thumb Code    56  d2f.o(.text)
    __aeabi_uidiv                            0x08000801   Thumb Code     0  uidiv.o(.text)
    __aeabi_uidivmod                         0x08000801   Thumb Code    44  uidiv.o(.text)
    __aeabi_uldivmod                         0x0800082d   Thumb Code    98  uldiv.o(.text)
    __aeabi_llsl                             0x0800088f   Thumb Code    30  llshl.o(.text)
    _ll_shift_l                              0x0800088f   Thumb Code     0  llshl.o(.text)
    __aeabi_llsr                             0x080008ad   Thumb Code    32  llushr.o(.text)
    _ll_ushift_r                             0x080008ad   Thumb Code     0  llushr.o(.text)
    __aeabi_lasr                             0x080008cd   Thumb Code    36  llsshr.o(.text)
    _ll_sshift_r                             0x080008cd   Thumb Code     0  llsshr.o(.text)
    __I$use$fp                               0x080008f1   Thumb Code     0  iusefp.o(.text)
    _float_round                             0x080008f1   Thumb Code    18  fepilogue.o(.text)
    _float_epilogue                          0x08000903   Thumb Code    92  fepilogue.o(.text)
    _double_round                            0x0800095f   Thumb Code    30  depilogue.o(.text)
    _double_epilogue                         0x0800097d   Thumb Code   156  depilogue.o(.text)
    _drnd                                    0x08000a19   Thumb Code   132  drnd.o(.text)
    __aeabi_d2ulz                            0x08000aa1   Thumb Code    48  dfixul.o(.text)
    __scatterload                            0x08000ad1   Thumb Code    28  init.o(.text)
    __scatterload_rt2                        0x08000ad1   Thumb Code     0  init.o(.text)
    _dsqrt                                   0x08000af5   Thumb Code   162  dsqrt.o(.text)
    ADCS_Init                                0x08000b99   Thumb Code    24  adc_reader.o(i.ADCS_Init)
    ADC_ConversionStop_Disable               0x08000bb5   Thumb Code    76  stm32l1xx_hal_adc.o(i.ADC_ConversionStop_Disable)
    ADC_Enable                               0x08000c01   Thumb Code   108  stm32l1xx_hal_adc.o(i.ADC_Enable)
    AdcInit                                  0x08000c75   Thumb Code    28  adc.o(i.AdcInit)
    AdcMcuConfig                             0x08000c95   Thumb Code    40  adc-board.o(i.AdcMcuConfig)
    AdcMcuInit                               0x08000cc1   Thumb Code    60  adc-board.o(i.AdcMcuInit)
    AdcMcuReadChannel                        0x08000d09   Thumb Code   214  adc-board.o(i.AdcMcuReadChannel)
    AdcReadCh0                               0x08000ded   Thumb Code     6  adc_reader.o(i.AdcReadCh0)
    AdcReadChannel                           0x08000df9   Thumb Code    14  adc.o(i.AdcReadChannel)
    AdcScanChannel                           0x08000e0d   Thumb Code    90  adc_reader.o(i.AdcScanChannel)
    BlockLowPowerDuringTask                  0x08000e75   Thumb Code    16  rtc-board.o(i.BlockLowPowerDuringTask)
    BoardDisableIrq                          0x08000e89   Thumb Code    12  board.o(i.BoardDisableIrq)
    BoardEnableIrq                           0x08000e99   Thumb Code    18  board.o(i.BoardEnableIrq)
    BoardInitMcu                             0x08000eb1   Thumb Code   112  board.o(i.BoardInitMcu)
    BoardInitPeriph                          0x08000f29   Thumb Code    90  board.o(i.BoardInitPeriph)
    BusFault_Handler                         0x08000f89   Thumb Code     2  sysirqhandlers.o(i.BusFault_Handler)
    DebugMon_Handler                         0x08000f8b   Thumb Code     2  sysirqhandlers.o(i.DebugMon_Handler)
    DelayMicroSeconds                        0x08000f8d   Thumb Code    20  hal_temhum.o(i.DelayMicroSeconds)
    DelayMs                                  0x08000fa1   Thumb Code     4  delay.o(i.DelayMs)
    EXTI0_IRQHandler                         0x08000fa5   Thumb Code    16  gpio-board.o(i.EXTI0_IRQHandler)
    EXTI15_10_IRQHandler                     0x08000fb5   Thumb Code    58  gpio-board.o(i.EXTI15_10_IRQHandler)
    EXTI1_IRQHandler                         0x08000fef   Thumb Code    16  gpio-board.o(i.EXTI1_IRQHandler)
    EXTI2_IRQHandler                         0x08000fff   Thumb Code    16  gpio-board.o(i.EXTI2_IRQHandler)
    EXTI3_IRQHandler                         0x0800100f   Thumb Code    16  gpio-board.o(i.EXTI3_IRQHandler)
    EXTI4_IRQHandler                         0x0800101f   Thumb Code    16  gpio-board.o(i.EXTI4_IRQHandler)
    EXTI9_5_IRQHandler                       0x0800102f   Thumb Code    44  gpio-board.o(i.EXTI9_5_IRQHandler)
    GetData                                  0x0800105d   Thumb Code   190  main.o(i.GetData)
    GpioInit                                 0x0800119d   Thumb Code    16  gpio.o(i.GpioInit)
    GpioMcuInit                              0x080011ad   Thumb Code   234  gpio-board.o(i.GpioMcuInit)
    GpioMcuSetInterrupt                      0x080012b1   Thumb Code   246  gpio-board.o(i.GpioMcuSetInterrupt)
    GpioMcuWrite                             0x080013b9   Thumb Code    20  gpio-board.o(i.GpioMcuWrite)
    GpioSetInterrupt                         0x080013cd   Thumb Code     4  gpio.o(i.GpioSetInterrupt)
    GpioWrite                                0x080013d1   Thumb Code     4  gpio.o(i.GpioWrite)
    HAL_ADC_ConfigChannel                    0x080013d5   Thumb Code   316  stm32l1xx_hal_adc.o(i.HAL_ADC_ConfigChannel)
    HAL_ADC_DeInit                           0x0800151d   Thumb Code   242  stm32l1xx_hal_adc.o(i.HAL_ADC_DeInit)
    HAL_ADC_GetValue                         0x08001621   Thumb Code     6  stm32l1xx_hal_adc.o(i.HAL_ADC_GetValue)
    HAL_ADC_Init                             0x08001629   Thumb Code   390  stm32l1xx_hal_adc.o(i.HAL_ADC_Init)
    HAL_ADC_MspDeInit                        0x080017c5   Thumb Code     2  stm32l1xx_hal_adc.o(i.HAL_ADC_MspDeInit)
    HAL_ADC_MspInit                          0x080017c7   Thumb Code     2  stm32l1xx_hal_adc.o(i.HAL_ADC_MspInit)
    HAL_ADC_PollForConversion                0x080017c9   Thumb Code   166  stm32l1xx_hal_adc.o(i.HAL_ADC_PollForConversion)
    HAL_ADC_Start                            0x0800186f   Thumb Code   118  stm32l1xx_hal_adc.o(i.HAL_ADC_Start)
    HAL_DBGMCU_EnableDBGSleepMode            0x080018e5   Thumb Code    12  stm32l1xx_hal.o(i.HAL_DBGMCU_EnableDBGSleepMode)
    HAL_DBGMCU_EnableDBGStandbyMode          0x080018f5   Thumb Code    12  stm32l1xx_hal.o(i.HAL_DBGMCU_EnableDBGStandbyMode)
    HAL_DBGMCU_EnableDBGStopMode             0x08001905   Thumb Code    12  stm32l1xx_hal.o(i.HAL_DBGMCU_EnableDBGStopMode)
    HAL_Delay                                0x08001915   Thumb Code    22  stm32l1xx_hal.o(i.HAL_Delay)
    HAL_GPIO_EXTI_Callback                   0x0800192d   Thumb Code    30  gpio-board.o(i.HAL_GPIO_EXTI_Callback)
    HAL_GPIO_EXTI_IRQHandler                 0x08001951   Thumb Code    18  stm32l1xx_hal_gpio.o(i.HAL_GPIO_EXTI_IRQHandler)
    HAL_GPIO_Init                            0x08001969   Thumb Code   364  stm32l1xx_hal_gpio.o(i.HAL_GPIO_Init)
    HAL_GPIO_ReadPin                         0x08001af5   Thumb Code    10  stm32l1xx_hal_gpio.o(i.HAL_GPIO_ReadPin)
    HAL_GPIO_WritePin                        0x08001aff   Thumb Code    10  stm32l1xx_hal_gpio.o(i.HAL_GPIO_WritePin)
    HAL_GetTick                              0x08001b09   Thumb Code     6  stm32l1xx_hal.o(i.HAL_GetTick)
    HAL_IncTick                              0x08001b15   Thumb Code    10  stm32l1xx_hal.o(i.HAL_IncTick)
    HAL_Init                                 0x08001b25   Thumb Code    22  stm32l1xx_hal.o(i.HAL_Init)
    HAL_InitTick                             0x08001b3d   Thumb Code    34  stm32l1xx_hal.o(i.HAL_InitTick)
    HAL_MspInit                              0x08001b65   Thumb Code     2  stm32l1xx_hal.o(i.HAL_MspInit)
    HAL_NVIC_EnableIRQ                       0x08001b67   Thumb Code    22  stm32l1xx_hal_cortex.o(i.HAL_NVIC_EnableIRQ)
    HAL_NVIC_SetPriority                     0x08001b7d   Thumb Code    60  stm32l1xx_hal_cortex.o(i.HAL_NVIC_SetPriority)
    HAL_NVIC_SetPriorityGrouping             0x08001bbd   Thumb Code    26  stm32l1xx_hal_cortex.o(i.HAL_NVIC_SetPriorityGrouping)
    HAL_PWREx_GetVoltageRange                0x08001be1   Thumb Code    10  stm32l1xx_hal_pwr_ex.o(i.HAL_PWREx_GetVoltageRange)
    HAL_RCCEx_PeriphCLKConfig                0x08001bf1   Thumb Code   348  stm32l1xx_hal_rcc_ex.o(i.HAL_RCCEx_PeriphCLKConfig)
    HAL_RCC_ClockConfig                      0x08001d59   Thumb Code   450  stm32l1xx_hal_rcc.o(i.HAL_RCC_ClockConfig)
    HAL_RCC_GetHCLKFreq                      0x08001f2d   Thumb Code     6  stm32l1xx_hal_rcc.o(i.HAL_RCC_GetHCLKFreq)
    HAL_RCC_GetPCLK1Freq                     0x08001f39   Thumb Code    34  stm32l1xx_hal_rcc.o(i.HAL_RCC_GetPCLK1Freq)
    HAL_RCC_GetPCLK2Freq                     0x08001f69   Thumb Code    34  stm32l1xx_hal_rcc.o(i.HAL_RCC_GetPCLK2Freq)
    HAL_RCC_GetSysClockFreq                  0x08001f99   Thumb Code   122  stm32l1xx_hal_rcc.o(i.HAL_RCC_GetSysClockFreq)
    HAL_RCC_OscConfig                        0x08002025   Thumb Code  1860  stm32l1xx_hal_rcc.o(i.HAL_RCC_OscConfig)
    HAL_RTCEx_AlarmBEventCallback            0x08002775   Thumb Code     2  stm32l1xx_hal_rtc_ex.o(i.HAL_RTCEx_AlarmBEventCallback)
    HAL_RTCEx_DeactivateWakeUpTimer          0x08002777   Thumb Code   122  stm32l1xx_hal_rtc_ex.o(i.HAL_RTCEx_DeactivateWakeUpTimer)
    HAL_RTC_AlarmAEventCallback              0x080027f1   Thumb Code     2  stm32l1xx_hal_rtc.o(i.HAL_RTC_AlarmAEventCallback)
    HAL_RTC_AlarmIRQHandler                  0x080027f5   Thumb Code    86  stm32l1xx_hal_rtc.o(i.HAL_RTC_AlarmIRQHandler)
    HAL_RTC_DeactivateAlarm                  0x08002851   Thumb Code   178  stm32l1xx_hal_rtc.o(i.HAL_RTC_DeactivateAlarm)
    HAL_RTC_GetAlarm                         0x08002903   Thumb Code   110  stm32l1xx_hal_rtc_ex.o(i.HAL_RTC_GetAlarm)
    HAL_RTC_GetDate                          0x08002971   Thumb Code    62  stm32l1xx_hal_rtc.o(i.HAL_RTC_GetDate)
    HAL_RTC_GetTime                          0x080029b5   Thumb Code    66  stm32l1xx_hal_rtc_ex.o(i.HAL_RTC_GetTime)
    HAL_RTC_Init                             0x080029fd   Thumb Code   150  stm32l1xx_hal_rtc.o(i.HAL_RTC_Init)
    HAL_RTC_MspInit                          0x08002a99   Thumb Code     2  stm32l1xx_hal_rtc.o(i.HAL_RTC_MspInit)
    HAL_RTC_SetAlarm_IT                      0x08002a9d   Thumb Code   378  stm32l1xx_hal_rtc_ex.o(i.HAL_RTC_SetAlarm_IT)
    HAL_RTC_SetDate                          0x08002c1d   Thumb Code   196  stm32l1xx_hal_rtc.o(i.HAL_RTC_SetDate)
    HAL_RTC_SetTime                          0x08002ce5   Thumb Code   228  stm32l1xx_hal_rtc.o(i.HAL_RTC_SetTime)
    HAL_RTC_WaitForSynchro                   0x08002dcd   Thumb Code    54  stm32l1xx_hal_rtc_ex.o(i.HAL_RTC_WaitForSynchro)
    HAL_SPI_Init                             0x08002e03   Thumb Code   122  stm32l1xx_hal_spi_ex.o(i.HAL_SPI_Init)
    HAL_SPI_MspInit                          0x08002e7d   Thumb Code     2  stm32l1xx_hal_spi.o(i.HAL_SPI_MspInit)
    HAL_SYSTICK_CLKSourceConfig              0x08002e7f   Thumb Code    24  stm32l1xx_hal_cortex.o(i.HAL_SYSTICK_CLKSourceConfig)
    HAL_SYSTICK_Callback                     0x08002e97   Thumb Code     2  stm32l1xx_hal_cortex.o(i.HAL_SYSTICK_Callback)
    HAL_SYSTICK_Config                       0x08002e99   Thumb Code    40  stm32l1xx_hal_cortex.o(i.HAL_SYSTICK_Config)
    HAL_SYSTICK_IRQHandler                   0x08002ec1   Thumb Code     8  stm32l1xx_hal_cortex.o(i.HAL_SYSTICK_IRQHandler)
    HAL_TIM_Base_Init                        0x08002ec9   Thumb Code    54  stm32l1xx_hal_tim.o(i.HAL_TIM_Base_Init)
    HAL_TIM_Base_MspInit                     0x08002f01   Thumb Code   122  tim-board.o(i.HAL_TIM_Base_MspInit)
    HAL_TIM_Base_Start_IT                    0x08002f89   Thumb Code    24  stm32l1xx_hal_tim.o(i.HAL_TIM_Base_Start_IT)
    HAL_TIM_IC_CaptureCallback               0x08002fa1   Thumb Code     2  stm32l1xx_hal_tim.o(i.HAL_TIM_IC_CaptureCallback)
    HAL_TIM_IRQHandler                       0x08002fa3   Thumb Code   294  stm32l1xx_hal_tim.o(i.HAL_TIM_IRQHandler)
    HAL_TIM_OC_DelayElapsedCallback          0x080030c9   Thumb Code     2  stm32l1xx_hal_tim.o(i.HAL_TIM_OC_DelayElapsedCallback)
    HAL_TIM_PWM_PulseFinishedCallback        0x080030cb   Thumb Code     2  stm32l1xx_hal_tim.o(i.HAL_TIM_PWM_PulseFinishedCallback)
    HAL_TIM_PeriodElapsedCallback            0x080030cd   Thumb Code    40  tim-board.o(i.HAL_TIM_PeriodElapsedCallback)
    HAL_TIM_TriggerCallback                  0x08003101   Thumb Code     2  stm32l1xx_hal_tim.o(i.HAL_TIM_TriggerCallback)
    HAL_UART_Init                            0x08003103   Thumb Code    94  stm32l1xx_hal_uart.o(i.HAL_UART_Init)
    HAL_UART_MspInit                         0x08003161   Thumb Code     2  stm32l1xx_hal_uart.o(i.HAL_UART_MspInit)
    HAL_UART_Receive_IT                      0x08003165   Thumb Code   106  stm32l1xx_hal_uart.o(i.HAL_UART_Receive_IT)
    I2c_Init                                 0x080031d1   Thumb Code    70  hal_temhum.o(i.I2c_Init)
    I2c_ReadByte                             0x08003221   Thumb Code   226  hal_temhum.o(i.I2c_ReadByte)
    I2c_SclInOutInit                         0x08003309   Thumb Code    50  hal_temhum.o(i.I2c_SclInOutInit)
    I2c_StartCondition                       0x08003341   Thumb Code    72  hal_temhum.o(i.I2c_StartCondition)
    I2c_StopCondition                        0x0800338d   Thumb Code    72  hal_temhum.o(i.I2c_StopCondition)
    I2c_WriteByte                            0x080033d9   Thumb Code   144  hal_temhum.o(i.I2c_WriteByte)
    I2c_sdaInOutInit                         0x0800346d   Thumb Code    50  hal_temhum.o(i.I2c_sdaInOutInit)
    Init                                     0x080034a5   Thumb Code    30  main.o(i.Init)
    MemManage_Handler                        0x080034c9   Thumb Code     2  sysirqhandlers.o(i.MemManage_Handler)
    NMI_Handler                              0x080034cb   Thumb Code     2  sysirqhandlers.o(i.NMI_Handler)
    NS_RadioEventsInit                       0x080034cd   Thumb Code    30  ns_radio.o(i.NS_RadioEventsInit)
    NS_RadioInit                             0x08003509   Thumb Code    38  ns_radio.o(i.NS_RadioInit)
    NS_RadioSetTxRxConfig                    0x08003535   Thumb Code    98  ns_radio.o(i.NS_RadioSetTxRxConfig)
    OLED_Clear                               0x080035bd   Thumb Code    60  hal_oled.o(i.OLED_Clear)
    OLED_Init_Inverse                        0x080035f9   Thumb Code     6  hal_oled.o(i.OLED_Init_Inverse)
    OLED_Init_Set_Inverse                    0x08003601   Thumb Code   324  hal_oled.o(i.OLED_Init_Set_Inverse)
    OLED_Set_Pos                             0x08003749   Thumb Code    44  hal_oled.o(i.OLED_Set_Pos)
    OLED_ShowChar                            0x08003775   Thumb Code    94  hal_oled.o(i.OLED_ShowChar)
    OLED_ShowString                          0x080037d9   Thumb Code    50  hal_oled.o(i.OLED_ShowString)
    OLED_WR_Byte                             0x0800380d   Thumb Code    98  hal_oled.o(i.OLED_WR_Byte)
    OnRxDone                                 0x08003875   Thumb Code    56  ns_radio.o(i.OnRxDone)
    OnRxError                                0x080038b9   Thumb Code    20  ns_radio.o(i.OnRxError)
    OnRxTimeout                              0x080038d1   Thumb Code    20  ns_radio.o(i.OnRxTimeout)
    OnTxDone                                 0x080038e9   Thumb Code    20  ns_radio.o(i.OnTxDone)
    OnTxTimeout                              0x08003901   Thumb Code    20  ns_radio.o(i.OnTxTimeout)
    RTC_Alarm_IRQHandler                     0x080039b5   Thumb Code    40  rtc-board.o(i.RTC_Alarm_IRQHandler)
    RTC_Bcd2ToByte                           0x080039e1   Thumb Code    18  stm32l1xx_hal_rtc.o(i.RTC_Bcd2ToByte)
    RTC_ByteToBcd2                           0x080039f3   Thumb Code    22  stm32l1xx_hal_rtc.o(i.RTC_ByteToBcd2)
    RTC_EnterInitMode                        0x08003a09   Thumb Code    58  stm32l1xx_hal_rtc.o(i.RTC_EnterInitMode)
    RtcGetAdjustedTimeoutValue               0x08003de9   Thumb Code    44  rtc-board.o(i.RtcGetAdjustedTimeoutValue)
    RtcGetElapsedAlarmTime                   0x08003e71   Thumb Code    30  rtc-board.o(i.RtcGetElapsedAlarmTime)
    RtcInit                                  0x08003e95   Thumb Code   128  rtc-board.o(i.RtcInit)
    RtcRecoverMcuStatus                      0x08003f25   Thumb Code    52  rtc-board.o(i.RtcRecoverMcuStatus)
    RtcSetTimeout                            0x08003f65   Thumb Code     4  rtc-board.o(i.RtcSetTimeout)
    SHT1X_Init                               0x08004091   Thumb Code    26  hal_temhum.o(i.SHT1X_Init)
    SHT3X_GetTempAndHumi                     0x08004129   Thumb Code    32  hal_temhum.o(i.SHT3X_GetTempAndHumi)
    SHT3X_GetTempAndHumiClkStretch           0x08004149   Thumb Code   128  hal_temhum.o(i.SHT3X_GetTempAndHumiClkStretch)
    SHT3X_GetTempAndHumiPolling              0x080041c9   Thumb Code   160  hal_temhum.o(i.SHT3X_GetTempAndHumiPolling)
    SHT3X_HardReset                          0x08004269   Thumb Code    20  hal_temhum.o(i.SHT3X_HardReset)
    SHT3X_Init                               0x08004281   Thumb Code    32  hal_temhum.o(i.SHT3X_Init)
    SHT3X_SoftReset                          0x080042ef   Thumb Code    36  hal_temhum.o(i.SHT3X_SoftReset)
    SHT3x_ReadSerialNumber                   0x08004367   Thumb Code    78  hal_temhum.o(i.SHT3x_ReadSerialNumber)
    SHTXX_Init                               0x080043b5   Thumb Code    24  hal_temhum.o(i.SHTXX_Init)
    SX1276CheckRfFrequency                   0x080043d1   Thumb Code     4  sx1276-board.o(i.SX1276CheckRfFrequency)
    SX1276GetPaSelect                        0x080043d5   Thumb Code    14  sx1276-board.o(i.SX1276GetPaSelect)
    SX1276GetStatus                          0x080043e9   Thumb Code     8  sx1276.o(i.SX1276GetStatus)
    SX1276GetTimeOnAir                       0x080043f5   Thumb Code   462  sx1276.o(i.SX1276GetTimeOnAir)
    SX1276Init                               0x080045ed   Thumb Code   104  sx1276.o(i.SX1276Init)
    SX1276IoInit                             0x08004669   Thumb Code    60  sx1276-board.o(i.SX1276IoInit)
    SX1276IoIrqInit                          0x080046a9   Thumb Code    34  sx1276-board.o(i.SX1276IoIrqInit)
    SX1276IsChannelFree                      0x080046d1   Thumb Code    54  sx1276.o(i.SX1276IsChannelFree)
    SX1276OnDio0Irq                          0x08004709   Thumb Code   580  sx1276.o(i.SX1276OnDio0Irq)
    SX1276OnDio1Irq                          0x08004961   Thumb Code   208  sx1276.o(i.SX1276OnDio1Irq)
    SX1276OnTimeoutIrq                       0x08004a3d   Thumb Code   210  sx1276.o(i.SX1276OnTimeoutIrq)
    SX1276Random                             0x08004b21   Thumb Code    62  sx1276.o(i.SX1276Random)
    SX1276Read                               0x08004b5f   Thumb Code    16  sx1276.o(i.SX1276Read)
    SX1276ReadBuffer                         0x08004b71   Thumb Code    68  sx1276.o(i.SX1276ReadBuffer)
    SX1276ReadFifo                           0x08004bb9   Thumb Code    10  sx1276.o(i.SX1276ReadFifo)
    SX1276ReadRssi                           0x08004bc5   Thumb Code    58  sx1276.o(i.SX1276ReadRssi)
    SX1276Reset                              0x08004c09   Thumb Code    58  sx1276.o(i.SX1276Reset)
    SX1276Send                               0x08004c45   Thumb Code   240  sx1276.o(i.SX1276Send)
    SX1276SetAntSw                           0x08004d3d   Thumb Code     2  sx1276-board.o(i.SX1276SetAntSw)
    SX1276SetAntSwLowPower                   0x08004d41   Thumb Code    12  sx1276-board.o(i.SX1276SetAntSwLowPower)
    SX1276SetChannel                         0x08004d51   Thumb Code    58  sx1276.o(i.SX1276SetChannel)
    SX1276SetMaxPayloadLength                0x08004d95   Thumb Code    46  sx1276.o(i.SX1276SetMaxPayloadLength)
    SX1276SetModem                           0x08004dc9   Thumb Code   114  sx1276.o(i.SX1276SetModem)
    SX1276SetOpMode                          0x08004e41   Thumb Code    48  sx1276.o(i.SX1276SetOpMode)
    SX1276SetPublicNetwork                   0x08004e71   Thumb Code    34  sx1276.o(i.SX1276SetPublicNetwork)
    SX1276SetRfTxPower                       0x08004e99   Thumb Code   158  sx1276-board.o(i.SX1276SetRfTxPower)
    SX1276SetRx                              0x08004f3d   Thumb Code   534  sx1276.o(i.SX1276SetRx)
    SX1276SetRxConfig                        0x08005179   Thumb Code   640  sx1276.o(i.SX1276SetRxConfig)
    SX1276SetSleep                           0x0800540d   Thumb Code    32  sx1276.o(i.SX1276SetSleep)
    SX1276SetStby                            0x08005435   Thumb Code    32  sx1276.o(i.SX1276SetStby)
    SX1276SetTx                              0x0800545d   Thumb Code   156  sx1276.o(i.SX1276SetTx)
    SX1276SetTxConfig                        0x08005501   Thumb Code   506  sx1276.o(i.SX1276SetTxConfig)
    SX1276SetTxContinuousWave                0x08005709   Thumb Code   138  sx1276.o(i.SX1276SetTxContinuousWave)
    SX1276StartCad                           0x080057a1   Thumb Code    58  sx1276.o(i.SX1276StartCad)
    SX1276Write                              0x080057e1   Thumb Code    12  sx1276.o(i.SX1276Write)
    SX1276WriteBuffer                        0x080057ed   Thumb Code    66  sx1276.o(i.SX1276WriteBuffer)
    SX1276WriteFifo                          0x08005835   Thumb Code    10  sx1276.o(i.SX1276WriteFifo)
    SendData                                 0x08005841   Thumb Code   192  main.o(i.SendData)
    Serial_DataInOutInit                     0x08005911   Thumb Code    50  hal_temhum.o(i.Serial_DataInOutInit)
    Serial_Init                              0x08005965   Thumb Code    70  hal_temhum.o(i.Serial_Init)
    SpiFormat                                0x080059b5   Thumb Code    48  spi-board.o(i.SpiFormat)
    SpiFrequency                             0x080059e5   Thumb Code    38  spi-board.o(i.SpiFrequency)
    SpiInOut                                 0x08005a11   Thumb Code    56  spi-board.o(i.SpiInOut)
    SpiInit                                  0x08005a49   Thumb Code   256  spi-board.o(i.SpiInit)
    SysTick_Handler                          0x08005b59   Thumb Code    14  board.o(i.SysTick_Handler)
    SystemInit                               0x08005ccd   Thumb Code    62  system_stm32l1xx.o(i.SystemInit)
    TIM2_IRQHandler                          0x08005d1d   Thumb Code     6  tim-board.o(i.TIM2_IRQHandler)
    TIM3_IRQHandler                          0x08005d29   Thumb Code     6  tim-board.o(i.TIM3_IRQHandler)
    TIM4_IRQHandler                          0x08005d35   Thumb Code     6  tim-board.o(i.TIM4_IRQHandler)
    Tim2McuInit                              0x08005dad   Thumb Code    78  tim-board.o(i.Tim2McuInit)
    Time2Handler                             0x08005e35   Thumb Code     4  timer_handles.o(i.Time2Handler)
    TimerInit                                0x08005e39   Thumb Code    14  timer.o(i.TimerInit)
    TimerIrqHandler                          0x08005ebd   Thumb Code    78  timer.o(i.TimerIrqHandler)
    TimerSetValue                            0x08005f31   Thumb Code    16  timer.o(i.TimerSetValue)
    TimerStart                               0x08005f41   Thumb Code    90  timer.o(i.TimerStart)
    TimerStop                                0x08005fa1   Thumb Code   134  timer.o(i.TimerStop)
    USART1_GetFlagStatus                     0x080062cd   Thumb Code    16  usart1-board.o(i.USART1_GetFlagStatus)
    USART1_IRQHandler                        0x080062e1   Thumb Code    48  usart1-board.o(i.USART1_IRQHandler)
    USART1_Init                              0x08006319   Thumb Code    58  usart1-board.o(i.USART1_Init)
    USART1_ReadRxBuffer                      0x08006361   Thumb Code    28  usart1-board.o(i.USART1_ReadRxBuffer)
    USART1_ReceiveClr                        0x08006385   Thumb Code    16  usart1-board.o(i.USART1_ReceiveClr)
    USART1_ReceiveData                       0x0800639d   Thumb Code    10  usart1-board.o(i.USART1_ReceiveData)
    USART1_SendStr                           0x080063ad   Thumb Code    44  usart1-board.o(i.USART1_SendStr)
    UartConfig                               0x080063dd   Thumb Code    26  uart.o(i.UartConfig)
    UartInit                                 0x080063f7   Thumb Code    26  uart.o(i.UartInit)
    UartMcuConfig                            0x08006411   Thumb Code   682  uart-board.o(i.UartMcuConfig)
    UartMcuInit                              0x080066d1   Thumb Code   180  uart-board.o(i.UartMcuInit)
    UsageFault_Handler                       0x08006789   Thumb Code     2  sysirqhandlers.o(i.UsageFault_Handler)
    __0printf                                0x0800678d   Thumb Code    22  printfa.o(i.__0printf)
    __1printf                                0x0800678d   Thumb Code     0  printfa.o(i.__0printf)
    __2printf                                0x0800678d   Thumb Code     0  printfa.o(i.__0printf)
    __c89printf                              0x0800678d   Thumb Code     0  printfa.o(i.__0printf)
    printf                                   0x0800678d   Thumb Code     0  printfa.o(i.__0printf)
    __0sprintf                               0x080067ad   Thumb Code    34  printfa.o(i.__0sprintf)
    __1sprintf                               0x080067ad   Thumb Code     0  printfa.o(i.__0sprintf)
    __2sprintf                               0x080067ad   Thumb Code     0  printfa.o(i.__0sprintf)
    __c89sprintf                             0x080067ad   Thumb Code     0  printfa.o(i.__0sprintf)
    sprintf                                  0x080067ad   Thumb Code     0  printfa.o(i.__0sprintf)
    __ARM_fpclassify                         0x080067d5   Thumb Code    40  fpclassify.o(i.__ARM_fpclassify)
    __kernel_poly                            0x080067fd   Thumb Code   170  poly.o(i.__kernel_poly)
    __mathlib_dbl_divzero                    0x080068a9   Thumb Code    12  dunder.o(i.__mathlib_dbl_divzero)
    __mathlib_dbl_infnan                     0x080068b9   Thumb Code     6  dunder.o(i.__mathlib_dbl_infnan)
    __mathlib_dbl_infnan2                    0x080068bf   Thumb Code     4  dunder.o(i.__mathlib_dbl_infnan2)
    __mathlib_dbl_invalid                    0x080068c3   Thumb Code    12  dunder.o(i.__mathlib_dbl_invalid)
    __mathlib_dbl_overflow                   0x080068cf   Thumb Code    14  dunder.o(i.__mathlib_dbl_overflow)
    __mathlib_dbl_underflow                  0x080068dd   Thumb Code    10  dunder.o(i.__mathlib_dbl_underflow)
    __scatterload_copy                       0x080068ed   Thumb Code    14  handlers.o(i.__scatterload_copy)
    __scatterload_null                       0x080068fb   Thumb Code     2  handlers.o(i.__scatterload_null)
    __scatterload_zeroinit                   0x080068fd   Thumb Code    14  handlers.o(i.__scatterload_zeroinit)
    __set_errno                              0x0800690d   Thumb Code     6  errno.o(i.__set_errno)
    bright                                   0x080071d5   Thumb Code    66  main.o(i.bright)
    calc_sth11                               0x08007229   Thumb Code   154  hal_temhum.o(i.calc_sth11)
    call_sht11                               0x080072f5   Thumb Code    58  hal_temhum.o(i.call_sht11)
    call_sht1x                               0x08007335   Thumb Code    84  hal_temhum.o(i.call_sht1x)
    ceil                                     0x08007389   Thumb Code   204  ceil.o(i.ceil)
    floor                                    0x08007465   Thumb Code   204  floor.o(i.floor)
    fputc                                    0x08007541   Thumb Code     2  uart.o(i.fputc)
    hal_temHumInit                           0x08007543   Thumb Code     4  hal_temhum.o(i.hal_temHumInit)
    isKey2Pressed                            0x08007549   Thumb Code     6  hal_key.o(i.isKey2Pressed)
    isKey3Pressed                            0x08007555   Thumb Code     6  hal_key.o(i.isKey3Pressed)
    isKey4Pressed                            0x08007561   Thumb Code     6  hal_key.o(i.isKey4Pressed)
    keyScanner                               0x0800756d   Thumb Code    22  key_scaner.o(i.keyScanner)
    keys_init                                0x08007589   Thumb Code    60  hal_key.o(i.keys_init)
    log                                      0x080075cd   Thumb Code   808  log.o(i.log)
    log10                                    0x08007929   Thumb Code   198  log10.o(i.log10)
    main                                     0x08007a0d   Thumb Code   194  main.o(i.main)
    memcpy1                                  0x08007add   Thumb Code    20  utilities.o(i.memcpy1)
    pow                                      0x08007af1   Thumb Code  2512  pow.o(i.pow)
    resetKey2                                0x080084c9   Thumb Code     8  hal_key.o(i.resetKey2)
    resetKey3                                0x080084d5   Thumb Code     8  hal_key.o(i.resetKey3)
    resetKey4                                0x080084e1   Thumb Code     8  hal_key.o(i.resetKey4)
    round                                    0x080084ed   Thumb Code   136  round.o(i.round)
    s_connectionreset                        0x08008581   Thumb Code    74  hal_temhum.o(i.s_connectionreset)
    s_measure                                0x080085d1   Thumb Code   126  hal_temhum.o(i.s_measure)
    s_read_byte                              0x08008655   Thumb Code   152  hal_temhum.o(i.s_read_byte)
    s_softreset                              0x080086f1   Thumb Code    16  hal_temhum.o(i.s_softreset)
    s_transstart                             0x08008701   Thumb Code   124  hal_temhum.o(i.s_transstart)
    s_write_byte                             0x08008781   Thumb Code   148  hal_temhum.o(i.s_write_byte)
    scan_keys                                0x08008819   Thumb Code   214  hal_key.o(i.scan_keys)
    setTimer2Callback                        0x080088fd   Thumb Code     6  tim-board.o(i.setTimer2Callback)
    sqrt                                     0x08008909   Thumb Code    76  sqrt.o(i.sqrt)
    Radio                                    0x0800896c   Data          92  sx1276-board.o(.constdata)
    PLLMulTable                              0x080089c8   Data           9  system_stm32l1xx.o(.constdata)
    AHBPrescTable                            0x080089d1   Data          16  system_stm32l1xx.o(.constdata)
    APBPrescTable                            0x080089e1   Data           8  system_stm32l1xx.o(.constdata)
    RadioRegsInit                            0x08009cdc   Data          48  sx1276.o(.constdata)
    FskBandwidths                            0x08009d0c   Data         176  sx1276.o(.constdata)
    __mathlib_zero                           0x08009e80   Data           8  qnan.o(.constdata)
    Region$$Table$$Base                      0x08009e88   Number         0  anon$$obj.o(Region$$Table)
    Region$$Table$$Limit                     0x08009ea8   Number         0  anon$$obj.o(Region$$Table)
    Light                                    0x20000000   Data           2  main.o(.data)
    light                                    0x20000004   Data           4  main.o(.data)
    temp                                     0x20000008   Data           4  main.o(.data)
    humi                                     0x2000000c   Data           4  main.o(.data)
    Red                                      0x20000010   Data           9  main.o(.data)
    Green                                    0x20000019   Data           9  main.o(.data)
    Blue                                     0x20000022   Data           9  main.o(.data)
    ADC0Value                                0x2000002c   Data           2  adc_reader.o(.data)
    ADC2Value                                0x2000002e   Data           2  adc_reader.o(.data)
    VoltageValue                             0x20000030   Data           4  adc_reader.o(.data)
    VoltageValue2                            0x20000034   Data           4  adc_reader.o(.data)
    NonScheduledWakeUp                       0x20000045   Data           1  rtc-board.o(.data)
    McuWakeUpTime                            0x2000004c   Data           4  rtc-board.o(.data)
    timer2Callback                           0x20000058   Data           4  tim-board.o(.data)
    timer3Callback                           0x2000005c   Data           4  tim-board.o(.data)
    timer4Callback                           0x20000060   Data           4  tim-board.o(.data)
    RxData                                   0x20000064   Data           1  uart-board.o(.data)
    Rx2Data                                  0x20000065   Data           1  uart-board.o(.data)
    Rx3Data                                  0x20000066   Data           1  uart-board.o(.data)
    F_USART1_RX_FINISH                       0x20000068   Data           1  usart1-board.o(.data)
    F_USART1_RX_RECEIVING                    0x20000069   Data           1  usart1-board.o(.data)
    USART1_RX_TIMEOUT_COUNT                  0x2000006a   Data           1  usart1-board.o(.data)
    USART1_RX_COUNT                          0x2000006c   Data           2  usart1-board.o(.data)
    SystemCoreClock                          0x20000070   Data           4  system_stm32l1xx.o(.data)
    uwTick                                   0x20000074   Data           4  stm32l1xx_hal.o(.data)
    light_status                             0x20000078   Data           1  hal_key.o(.data)
    fan_status                               0x20000079   Data           1  hal_key.o(.data)
    is_key2_down                             0x2000007a   Data           1  hal_key.o(.data)
    is_key3_down                             0x2000007b   Data           1  hal_key.o(.data)
    is_key4_down                             0x2000007c   Data           1  hal_key.o(.data)
    ShtFlag                                  0x20000086   Data           1  hal_temhum.o(.data)
    DioIrq                                   0x2000008c   Data          12  sx1276.o(.data)
    HasLoopedThroughMain                     0x2000009c   Data           1  timer.o(.data)
    __stdout                                 0x200000a4   Data           4  uart.o(.data)
    URecv                                    0x200000ac   Data         255  main.o(.bss)
    USend                                    0x200001ab   Data         255  main.o(.bss)
    ADC_0                                    0x200002ac   Data          12  adc_reader.o(.bss)
    ADC_2                                    0x200002b8   Data          12  adc_reader.o(.bss)
    AdcHandle                                0x200003e0   Data          84  adc-board.o(.bss)
    Led1                                     0x20000434   Data          12  board.o(.bss)
    Led2                                     0x20000440   Data          12  board.o(.bss)
    Key2                                     0x2000044c   Data          12  board.o(.bss)
    Adc                                      0x20000458   Data          12  board.o(.bss)
    Uart1                                    0x20000464   Data          56  board.o(.bss)
    RtcHandle                                0x200004dc   Data          32  rtc-board.o(.bss)
    RtcCalendarContext                       0x200004fc   Data          20  rtc-board.o(.bss)
    Tim2Handle                               0x20000510   Data          56  tim-board.o(.bss)
    Tim3Handle                               0x20000548   Data          56  tim-board.o(.bss)
    Tim4Handle                               0x20000580   Data          56  tim-board.o(.bss)
    UartHandle                               0x200005b8   Data          64  uart-board.o(.bss)
    Uart2Handle                              0x200005f8   Data          64  uart-board.o(.bss)
    Uart3Handle                              0x20000638   Data          64  uart-board.o(.bss)
    USART1_RX_BUF                            0x20000678   Data         255  usart1-board.o(.bss)
    OLED_CS_PIN                              0x2000078c   Data          12  hal_oled.o(.bss)
    OLED_DC_PIN                              0x20000798   Data          12  hal_oled.o(.bss)
    OLED_SCLK_PIN                            0x200007a4   Data          12  hal_oled.o(.bss)
    OLED_SDIN_PIN                            0x200007b0   Data          12  hal_oled.o(.bss)
    SX1276                                   0x200008bc   Data         272  sx1276.o(.bss)
    TxTimeoutTimer                           0x200009cc   Data          20  sx1276.o(.bss)
    RxTimeoutTimer                           0x200009e0   Data          20  sx1276.o(.bss)
    RxTimeoutSyncWord                        0x200009f4   Data          20  sx1276.o(.bss)
    __initial_sp                             0x20000e08   Data           0  startup_stm32l151xb.o(STACK)



==============================================================================

Memory Map of the image

  Image Entry point : 0x080000f5

  Load Region LR_IROM1 (Base: 0x08000000, Size: 0x00009f54, Max: 0x00010000, ABSOLUTE)

    Execution Region ER_IROM1 (Exec base: 0x08000000, Load base: 0x08000000, Size: 0x00009ea8, Max: 0x00010000, ABSOLUTE)

    Exec Addr    Load Addr    Size         Type   Attr      Idx    E Section Name        Object

    0x08000000   0x08000000   0x000000f4   Data   RO         1619    RESET               startup_stm32l151xb.o
    0x080000f4   0x080000f4   0x00000000   Code   RO         6422  * .ARM.Collect$$$$00000000  mc_w.l(entry.o)
    0x080000f4   0x080000f4   0x00000004   Code   RO         6767    .ARM.Collect$$$$00000001  mc_w.l(entry2.o)
    0x080000f8   0x080000f8   0x00000004   Code   RO         6770    .ARM.Collect$$$$00000004  mc_w.l(entry5.o)
    0x080000fc   0x080000fc   0x00000000   Code   RO         6772    .ARM.Collect$$$$00000008  mc_w.l(entry7b.o)
    0x080000fc   0x080000fc   0x00000000   Code   RO         6774    .ARM.Collect$$$$0000000A  mc_w.l(entry8b.o)
    0x080000fc   0x080000fc   0x00000008   Code   RO         6775    .ARM.Collect$$$$0000000B  mc_w.l(entry9a.o)
    0x08000104   0x08000104   0x00000000   Code   RO         6777    .ARM.Collect$$$$0000000D  mc_w.l(entry10a.o)
    0x08000104   0x08000104   0x00000000   Code   RO         6779    .ARM.Collect$$$$0000000F  mc_w.l(entry11a.o)
    0x08000104   0x08000104   0x00000004   Code   RO         6768    .ARM.Collect$$$$00002712  mc_w.l(entry2.o)
    0x08000108   0x08000108   0x00000024   Code   RO         1620    .text               startup_stm32l151xb.o
    0x0800012c   0x0800012c   0x00000024   Code   RO         6425    .text               mc_w.l(memcpya.o)
    0x08000150   0x08000150   0x00000024   Code   RO         6427    .text               mc_w.l(memseta.o)
    0x08000174   0x08000174   0x000000b0   Code   RO         6692    .text               mf_w.l(fadd.o)
    0x08000224   0x08000224   0x00000064   Code   RO         6694    .text               mf_w.l(fmul.o)
    0x08000288   0x08000288   0x0000007c   Code   RO         6696    .text               mf_w.l(fdiv.o)
    0x08000304   0x08000304   0x00000018   Code   RO         6698    .text               mf_w.l(fscalb.o)
    0x0800031c   0x0800031c   0x0000014e   Code   RO         6700    .text               mf_w.l(dadd.o)
    0x0800046a   0x0800046a   0x000000e4   Code   RO         6702    .text               mf_w.l(dmul.o)
    0x0800054e   0x0800054e   0x000000de   Code   RO         6704    .text               mf_w.l(ddiv.o)
    0x0800062c   0x0800062c   0x0000002e   Code   RO         6706    .text               mf_w.l(dscalb.o)
    0x0800065a   0x0800065a   0x0000000a   Code   RO         6708    .text               mf_w.l(ffltui.o)
    0x08000664   0x08000664   0x00000022   Code   RO         6710    .text               mf_w.l(dflti.o)
    0x08000686   0x08000686   0x0000001a   Code   RO         6712    .text               mf_w.l(dfltui.o)
    0x080006a0   0x080006a0   0x00000032   Code   RO         6714    .text               mf_w.l(ffixi.o)
    0x080006d2   0x080006d2   0x0000003e   Code   RO         6718    .text               mf_w.l(dfixi.o)
    0x08000710   0x08000710   0x00000032   Code   RO         6720    .text               mf_w.l(dfixui.o)
    0x08000742   0x08000742   0x00000026   Code   RO         6722    .text               mf_w.l(f2d.o)
    0x08000768   0x08000768   0x00000030   Code   RO         6724    .text               mf_w.l(cdcmple.o)
    0x08000798   0x08000798   0x00000030   Code   RO         6726    .text               mf_w.l(cdrcmple.o)
    0x080007c8   0x080007c8   0x00000038   Code   RO         6728    .text               mf_w.l(d2f.o)
    0x08000800   0x08000800   0x0000002c   Code   RO         6781    .text               mc_w.l(uidiv.o)
    0x0800082c   0x0800082c   0x00000062   Code   RO         6783    .text               mc_w.l(uldiv.o)
    0x0800088e   0x0800088e   0x0000001e   Code   RO         6785    .text               mc_w.l(llshl.o)
    0x080008ac   0x080008ac   0x00000020   Code   RO         6787    .text               mc_w.l(llushr.o)
    0x080008cc   0x080008cc   0x00000024   Code   RO         6789    .text               mc_w.l(llsshr.o)
    0x080008f0   0x080008f0   0x00000000   Code   RO         6798    .text               mc_w.l(iusefp.o)
    0x080008f0   0x080008f0   0x0000006e   Code   RO         6799    .text               mf_w.l(fepilogue.o)
    0x0800095e   0x0800095e   0x000000ba   Code   RO         6801    .text               mf_w.l(depilogue.o)
    0x08000a18   0x08000a18   0x00000088   Code   RO         6803    .text               mf_w.l(drnd.o)
    0x08000aa0   0x08000aa0   0x00000030   Code   RO         6805    .text               mf_w.l(dfixul.o)
    0x08000ad0   0x08000ad0   0x00000024   Code   RO         6807    .text               mc_w.l(init.o)
    0x08000af4   0x08000af4   0x000000a2   Code   RO         6809    .text               mf_w.l(dsqrt.o)
    0x08000b96   0x08000b96   0x00000002   PAD
    0x08000b98   0x08000b98   0x0000001c   Code   RO          384    i.ADCS_Init         adc_reader.o
    0x08000bb4   0x08000bb4   0x0000004c   Code   RO         1800    i.ADC_ConversionStop_Disable  stm32l1xx_hal_adc.o
    0x08000c00   0x08000c00   0x00000074   Code   RO         1804    i.ADC_Enable        stm32l1xx_hal_adc.o
    0x08000c74   0x08000c74   0x00000020   Code   RO         5988    i.AdcInit           adc.o
    0x08000c94   0x08000c94   0x0000002c   Code   RO          884    i.AdcMcuConfig      adc-board.o
    0x08000cc0   0x08000cc0   0x00000048   Code   RO          885    i.AdcMcuInit        adc-board.o
    0x08000d08   0x08000d08   0x000000e4   Code   RO          886    i.AdcMcuReadChannel  adc-board.o
    0x08000dec   0x08000dec   0x0000000c   Code   RO          385    i.AdcReadCh0        adc_reader.o
    0x08000df8   0x08000df8   0x00000014   Code   RO         5989    i.AdcReadChannel    adc.o
    0x08000e0c   0x08000e0c   0x00000068   Code   RO          387    i.AdcScanChannel    adc_reader.o
    0x08000e74   0x08000e74   0x00000014   Code   RO         1143    i.BlockLowPowerDuringTask  rtc-board.o
    0x08000e88   0x08000e88   0x00000010   Code   RO          928    i.BoardDisableIrq   board.o
    0x08000e98   0x08000e98   0x00000018   Code   RO          929    i.BoardEnableIrq    board.o
    0x08000eb0   0x08000eb0   0x00000078   Code   RO          934    i.BoardInitMcu      board.o
    0x08000f28   0x08000f28   0x00000060   Code   RO          935    i.BoardInitPeriph   board.o
    0x08000f88   0x08000f88   0x00000002   Code   RO         5055    i.BusFault_Handler  sysirqhandlers.o
    0x08000f8a   0x08000f8a   0x00000002   Code   RO         5056    i.DebugMon_Handler  sysirqhandlers.o
    0x08000f8c   0x08000f8c   0x00000014   Code   RO         5443    i.DelayMicroSeconds  hal_temhum.o
    0x08000fa0   0x08000fa0   0x00000004   Code   RO         6026    i.DelayMs           delay.o
    0x08000fa4   0x08000fa4   0x00000010   Code   RO         1036    i.EXTI0_IRQHandler  gpio-board.o
    0x08000fb4   0x08000fb4   0x0000003a   Code   RO         1037    i.EXTI15_10_IRQHandler  gpio-board.o
    0x08000fee   0x08000fee   0x00000010   Code   RO         1038    i.EXTI1_IRQHandler  gpio-board.o
    0x08000ffe   0x08000ffe   0x00000010   Code   RO         1039    i.EXTI2_IRQHandler  gpio-board.o
    0x0800100e   0x0800100e   0x00000010   Code   RO         1040    i.EXTI3_IRQHandler  gpio-board.o
    0x0800101e   0x0800101e   0x00000010   Code   RO         1041    i.EXTI4_IRQHandler  gpio-board.o
    0x0800102e   0x0800102e   0x0000002c   Code   RO         1042    i.EXTI9_5_IRQHandler  gpio-board.o
    0x0800105a   0x0800105a   0x00000002   PAD
    0x0800105c   0x0800105c   0x00000114   Code   RO            4    i.GetData           main.o
    0x08001170   0x08001170   0x0000002c   Code   RO         5777    i.GetFskBandwidthRegValue  sx1276.o
    0x0800119c   0x0800119c   0x00000010   Code   RO         6102    i.GpioInit          gpio.o
    0x080011ac   0x080011ac   0x00000104   Code   RO         1043    i.GpioMcuInit       gpio-board.o
    0x080012b0   0x080012b0   0x00000108   Code   RO         1046    i.GpioMcuSetInterrupt  gpio-board.o
    0x080013b8   0x080013b8   0x00000014   Code   RO         1048    i.GpioMcuWrite      gpio-board.o
    0x080013cc   0x080013cc   0x00000004   Code   RO         6105    i.GpioSetInterrupt  gpio.o
    0x080013d0   0x080013d0   0x00000004   Code   RO         6107    i.GpioWrite         gpio.o
    0x080013d4   0x080013d4   0x00000148   Code   RO         1806    i.HAL_ADC_ConfigChannel  stm32l1xx_hal_adc.o
    0x0800151c   0x0800151c   0x00000104   Code   RO         1809    i.HAL_ADC_DeInit    stm32l1xx_hal_adc.o
    0x08001620   0x08001620   0x00000006   Code   RO         1813    i.HAL_ADC_GetValue  stm32l1xx_hal_adc.o
    0x08001626   0x08001626   0x00000002   PAD
    0x08001628   0x08001628   0x0000019c   Code   RO         1815    i.HAL_ADC_Init      stm32l1xx_hal_adc.o
    0x080017c4   0x080017c4   0x00000002   Code   RO         1817    i.HAL_ADC_MspDeInit  stm32l1xx_hal_adc.o
    0x080017c6   0x080017c6   0x00000002   Code   RO         1818    i.HAL_ADC_MspInit   stm32l1xx_hal_adc.o
    0x080017c8   0x080017c8   0x000000a6   Code   RO         1819    i.HAL_ADC_PollForConversion  stm32l1xx_hal_adc.o
    0x0800186e   0x0800186e   0x00000076   Code   RO         1821    i.HAL_ADC_Start     stm32l1xx_hal_adc.o
    0x080018e4   0x080018e4   0x00000010   Code   RO         1668    i.HAL_DBGMCU_EnableDBGSleepMode  stm32l1xx_hal.o
    0x080018f4   0x080018f4   0x00000010   Code   RO         1669    i.HAL_DBGMCU_EnableDBGStandbyMode  stm32l1xx_hal.o
    0x08001904   0x08001904   0x00000010   Code   RO         1670    i.HAL_DBGMCU_EnableDBGStopMode  stm32l1xx_hal.o
    0x08001914   0x08001914   0x00000016   Code   RO         1672    i.HAL_Delay         stm32l1xx_hal.o
    0x0800192a   0x0800192a   0x00000002   PAD
    0x0800192c   0x0800192c   0x00000024   Code   RO         1049    i.HAL_GPIO_EXTI_Callback  gpio-board.o
    0x08001950   0x08001950   0x00000018   Code   RO         2530    i.HAL_GPIO_EXTI_IRQHandler  stm32l1xx_hal_gpio.o
    0x08001968   0x08001968   0x0000018c   Code   RO         2531    i.HAL_GPIO_Init     stm32l1xx_hal_gpio.o
    0x08001af4   0x08001af4   0x0000000a   Code   RO         2533    i.HAL_GPIO_ReadPin  stm32l1xx_hal_gpio.o
    0x08001afe   0x08001afe   0x0000000a   Code   RO         2535    i.HAL_GPIO_WritePin  stm32l1xx_hal_gpio.o
    0x08001b08   0x08001b08   0x0000000c   Code   RO         1676    i.HAL_GetTick       stm32l1xx_hal.o
    0x08001b14   0x08001b14   0x00000010   Code   RO         1677    i.HAL_IncTick       stm32l1xx_hal.o
    0x08001b24   0x08001b24   0x00000016   Code   RO         1678    i.HAL_Init          stm32l1xx_hal.o
    0x08001b3a   0x08001b3a   0x00000002   PAD
    0x08001b3c   0x08001b3c   0x00000028   Code   RO         1679    i.HAL_InitTick      stm32l1xx_hal.o
    0x08001b64   0x08001b64   0x00000002   Code   RO         1681    i.HAL_MspInit       stm32l1xx_hal.o
    0x08001b66   0x08001b66   0x00000016   Code   RO         2046    i.HAL_NVIC_EnableIRQ  stm32l1xx_hal_cortex.o
    0x08001b7c   0x08001b7c   0x00000040   Code   RO         2052    i.HAL_NVIC_SetPriority  stm32l1xx_hal_cortex.o
    0x08001bbc   0x08001bbc   0x00000024   Code   RO         2053    i.HAL_NVIC_SetPriorityGrouping  stm32l1xx_hal_cortex.o
    0x08001be0   0x08001be0   0x00000010   Code   RO         3148    i.HAL_PWREx_GetVoltageRange  stm32l1xx_hal_pwr_ex.o
    0x08001bf0   0x08001bf0   0x00000168   Code   RO         3311    i.HAL_RCCEx_PeriphCLKConfig  stm32l1xx_hal_rcc_ex.o
    0x08001d58   0x08001d58   0x000001d4   Code   RO         3203    i.HAL_RCC_ClockConfig  stm32l1xx_hal_rcc.o
    0x08001f2c   0x08001f2c   0x0000000c   Code   RO         3208    i.HAL_RCC_GetHCLKFreq  stm32l1xx_hal_rcc.o
    0x08001f38   0x08001f38   0x00000030   Code   RO         3210    i.HAL_RCC_GetPCLK1Freq  stm32l1xx_hal_rcc.o
    0x08001f68   0x08001f68   0x00000030   Code   RO         3211    i.HAL_RCC_GetPCLK2Freq  stm32l1xx_hal_rcc.o
    0x08001f98   0x08001f98   0x0000008c   Code   RO         3212    i.HAL_RCC_GetSysClockFreq  stm32l1xx_hal_rcc.o
    0x08002024   0x08002024   0x00000750   Code   RO         3215    i.HAL_RCC_OscConfig  stm32l1xx_hal_rcc.o
    0x08002774   0x08002774   0x00000002   Code   RO         3452    i.HAL_RTCEx_AlarmBEventCallback  stm32l1xx_hal_rtc_ex.o
    0x08002776   0x08002776   0x0000007a   Code   RO         3460    i.HAL_RTCEx_DeactivateWakeUpTimer  stm32l1xx_hal_rtc_ex.o
    0x080027f0   0x080027f0   0x00000002   Code   RO         3345    i.HAL_RTC_AlarmAEventCallback  stm32l1xx_hal_rtc.o
    0x080027f2   0x080027f2   0x00000002   PAD
    0x080027f4   0x080027f4   0x0000005c   Code   RO         3346    i.HAL_RTC_AlarmIRQHandler  stm32l1xx_hal_rtc.o
    0x08002850   0x08002850   0x000000b2   Code   RO         3348    i.HAL_RTC_DeactivateAlarm  stm32l1xx_hal_rtc.o
    0x08002902   0x08002902   0x0000006e   Code   RO         3482    i.HAL_RTC_GetAlarm  stm32l1xx_hal_rtc_ex.o
    0x08002970   0x08002970   0x00000044   Code   RO         3349    i.HAL_RTC_GetDate   stm32l1xx_hal_rtc.o
    0x080029b4   0x080029b4   0x00000048   Code   RO         3483    i.HAL_RTC_GetTime   stm32l1xx_hal_rtc_ex.o
    0x080029fc   0x080029fc   0x0000009c   Code   RO         3351    i.HAL_RTC_Init      stm32l1xx_hal_rtc.o
    0x08002a98   0x08002a98   0x00000002   Code   RO         3353    i.HAL_RTC_MspInit   stm32l1xx_hal_rtc.o
    0x08002a9a   0x08002a9a   0x00000002   PAD
    0x08002a9c   0x08002a9c   0x00000180   Code   RO         3485    i.HAL_RTC_SetAlarm_IT  stm32l1xx_hal_rtc_ex.o
    0x08002c1c   0x08002c1c   0x000000c8   Code   RO         3355    i.HAL_RTC_SetDate   stm32l1xx_hal_rtc.o
    0x08002ce4   0x08002ce4   0x000000e8   Code   RO         3356    i.HAL_RTC_SetTime   stm32l1xx_hal_rtc.o
    0x08002dcc   0x08002dcc   0x00000036   Code   RO         3486    i.HAL_RTC_WaitForSynchro  stm32l1xx_hal_rtc_ex.o
    0x08002e02   0x08002e02   0x0000007a   Code   RO         3919    i.HAL_SPI_Init      stm32l1xx_hal_spi_ex.o
    0x08002e7c   0x08002e7c   0x00000002   Code   RO         3690    i.HAL_SPI_MspInit   stm32l1xx_hal_spi.o
    0x08002e7e   0x08002e7e   0x00000018   Code   RO         2055    i.HAL_SYSTICK_CLKSourceConfig  stm32l1xx_hal_cortex.o
    0x08002e96   0x08002e96   0x00000002   Code   RO         2056    i.HAL_SYSTICK_Callback  stm32l1xx_hal_cortex.o
    0x08002e98   0x08002e98   0x00000028   Code   RO         2057    i.HAL_SYSTICK_Config  stm32l1xx_hal_cortex.o
    0x08002ec0   0x08002ec0   0x00000008   Code   RO         2058    i.HAL_SYSTICK_IRQHandler  stm32l1xx_hal_cortex.o
    0x08002ec8   0x08002ec8   0x00000036   Code   RO         3945    i.HAL_TIM_Base_Init  stm32l1xx_hal_tim.o
    0x08002efe   0x08002efe   0x00000002   PAD
    0x08002f00   0x08002f00   0x00000088   Code   RO         1402    i.HAL_TIM_Base_MspInit  tim-board.o
    0x08002f88   0x08002f88   0x00000018   Code   RO         3950    i.HAL_TIM_Base_Start_IT  stm32l1xx_hal_tim.o
    0x08002fa0   0x08002fa0   0x00000002   Code   RO         3974    i.HAL_TIM_IC_CaptureCallback  stm32l1xx_hal_tim.o
    0x08002fa2   0x08002fa2   0x00000126   Code   RO         3987    i.HAL_TIM_IRQHandler  stm32l1xx_hal_tim.o
    0x080030c8   0x080030c8   0x00000002   Code   RO         3990    i.HAL_TIM_OC_DelayElapsedCallback  stm32l1xx_hal_tim.o
    0x080030ca   0x080030ca   0x00000002   Code   RO         4017    i.HAL_TIM_PWM_PulseFinishedCallback  stm32l1xx_hal_tim.o
    0x080030cc   0x080030cc   0x00000034   Code   RO         1403    i.HAL_TIM_PeriodElapsedCallback  tim-board.o
    0x08003100   0x08003100   0x00000002   Code   RO         4028    i.HAL_TIM_TriggerCallback  stm32l1xx_hal_tim.o
    0x08003102   0x08003102   0x0000005e   Code   RO         4616    i.HAL_UART_Init     stm32l1xx_hal_uart.o
    0x08003160   0x08003160   0x00000002   Code   RO         4618    i.HAL_UART_MspInit  stm32l1xx_hal_uart.o
    0x08003162   0x08003162   0x00000002   PAD
    0x08003164   0x08003164   0x0000006a   Code   RO         4621    i.HAL_UART_Receive_IT  stm32l1xx_hal_uart.o
    0x080031ce   0x080031ce   0x00000002   PAD
    0x080031d0   0x080031d0   0x00000050   Code   RO         5445    i.I2c_Init          hal_temhum.o
    0x08003220   0x08003220   0x000000e8   Code   RO         5446    i.I2c_ReadByte      hal_temhum.o
    0x08003308   0x08003308   0x00000038   Code   RO         5447    i.I2c_SclInOutInit  hal_temhum.o
    0x08003340   0x08003340   0x0000004c   Code   RO         5448    i.I2c_StartCondition  hal_temhum.o
    0x0800338c   0x0800338c   0x0000004c   Code   RO         5449    i.I2c_StopCondition  hal_temhum.o
    0x080033d8   0x080033d8   0x00000094   Code   RO         5450    i.I2c_WriteByte     hal_temhum.o
    0x0800346c   0x0800346c   0x00000038   Code   RO         5451    i.I2c_sdaInOutInit  hal_temhum.o
    0x080034a4   0x080034a4   0x00000024   Code   RO            5    i.Init              main.o
    0x080034c8   0x080034c8   0x00000002   Code   RO         5057    i.MemManage_Handler  sysirqhandlers.o
    0x080034ca   0x080034ca   0x00000002   Code   RO         5058    i.NMI_Handler       sysirqhandlers.o
    0x080034cc   0x080034cc   0x0000003c   Code   RO          591    i.NS_RadioEventsInit  ns_radio.o
    0x08003508   0x08003508   0x0000002c   Code   RO          592    i.NS_RadioInit      ns_radio.o
    0x08003534   0x08003534   0x00000068   Code   RO          593    i.NS_RadioSetTxRxConfig  ns_radio.o
    0x0800359c   0x0800359c   0x00000020   Code   RO         2059    i.NVIC_SetPriority  stm32l1xx_hal_cortex.o
    0x080035bc   0x080035bc   0x0000003c   Code   RO         5258    i.OLED_Clear        hal_oled.o
    0x080035f8   0x080035f8   0x00000006   Code   RO         5266    i.OLED_Init_Inverse  hal_oled.o
    0x080035fe   0x080035fe   0x00000002   PAD
    0x08003600   0x08003600   0x00000148   Code   RO         5267    i.OLED_Init_Set_Inverse  hal_oled.o
    0x08003748   0x08003748   0x0000002c   Code   RO         5268    i.OLED_Set_Pos      hal_oled.o
    0x08003774   0x08003774   0x00000064   Code   RO         5271    i.OLED_ShowChar     hal_oled.o
    0x080037d8   0x080037d8   0x00000032   Code   RO         5274    i.OLED_ShowString   hal_oled.o
    0x0800380a   0x0800380a   0x00000002   PAD
    0x0800380c   0x0800380c   0x00000068   Code   RO         5275    i.OLED_WR_Byte      hal_oled.o
    0x08003874   0x08003874   0x00000044   Code   RO          594    i.OnRxDone          ns_radio.o
    0x080038b8   0x080038b8   0x00000018   Code   RO          595    i.OnRxError         ns_radio.o
    0x080038d0   0x080038d0   0x00000018   Code   RO          596    i.OnRxTimeout       ns_radio.o
    0x080038e8   0x080038e8   0x00000018   Code   RO          597    i.OnTxDone          ns_radio.o
    0x08003900   0x08003900   0x00000018   Code   RO          598    i.OnTxTimeout       ns_radio.o
    0x08003918   0x08003918   0x00000024   Code   RO         1534    i.OnUsart1TimerEvent  usart1-board.o
    0x0800393c   0x0800393c   0x00000078   Code   RO         3216    i.RCC_SetFlashLatencyFromMSIRange  stm32l1xx_hal_rcc.o
    0x080039b4   0x080039b4   0x0000002c   Code   RO         1144    i.RTC_Alarm_IRQHandler  rtc-board.o
    0x080039e0   0x080039e0   0x00000012   Code   RO         3357    i.RTC_Bcd2ToByte    stm32l1xx_hal_rtc.o
    0x080039f2   0x080039f2   0x00000016   Code   RO         3358    i.RTC_ByteToBcd2    stm32l1xx_hal_rtc.o
    0x08003a08   0x08003a08   0x0000003a   Code   RO         3359    i.RTC_EnterInitMode  stm32l1xx_hal_rtc.o
    0x08003a42   0x08003a42   0x00000002   PAD
    0x08003a44   0x08003a44   0x000001e0   Code   RO         1147    i.RtcComputeTimerTimeToAlarmTick  rtc-board.o
    0x08003c24   0x08003c24   0x00000098   Code   RO         1148    i.RtcComputeWakeUpTime  rtc-board.o
    0x08003cbc   0x08003cbc   0x0000012c   Code   RO         1149    i.RtcConvertCalendarTickToTimerTime  rtc-board.o
    0x08003de8   0x08003de8   0x00000030   Code   RO         1152    i.RtcGetAdjustedTimeoutValue  rtc-board.o
    0x08003e18   0x08003e18   0x00000058   Code   RO         1153    i.RtcGetCalendar    rtc-board.o
    0x08003e70   0x08003e70   0x00000024   Code   RO         1154    i.RtcGetElapsedAlarmTime  rtc-board.o
    0x08003e94   0x08003e94   0x00000090   Code   RO         1156    i.RtcInit           rtc-board.o
    0x08003f24   0x08003f24   0x00000040   Code   RO         1157    i.RtcRecoverMcuStatus  rtc-board.o
    0x08003f64   0x08003f64   0x00000004   Code   RO         1158    i.RtcSetTimeout     rtc-board.o
    0x08003f68   0x08003f68   0x00000094   Code   RO         1159    i.RtcStartWakeUpAlarm  rtc-board.o
    0x08003ffc   0x08003ffc   0x00000094   Code   RO         5778    i.RxChainCalibration  sx1276.o
    0x08004090   0x08004090   0x0000001a   Code   RO         5452    i.SHT1X_Init        hal_temhum.o
    0x080040aa   0x080040aa   0x00000034   Code   RO         5453    i.SHT3X_CalcCrc     hal_temhum.o
    0x080040de   0x080040de   0x00000002   PAD
    0x080040e0   0x080040e0   0x00000020   Code   RO         5454    i.SHT3X_CalcHumidity  hal_temhum.o
    0x08004100   0x08004100   0x00000028   Code   RO         5455    i.SHT3X_CalcTemperature  hal_temhum.o
    0x08004128   0x08004128   0x00000020   Code   RO         5460    i.SHT3X_GetTempAndHumi  hal_temhum.o
    0x08004148   0x08004148   0x00000080   Code   RO         5461    i.SHT3X_GetTempAndHumiClkStretch  hal_temhum.o
    0x080041c8   0x080041c8   0x000000a0   Code   RO         5462    i.SHT3X_GetTempAndHumiPolling  hal_temhum.o
    0x08004268   0x08004268   0x00000018   Code   RO         5463    i.SHT3X_HardReset   hal_temhum.o
    0x08004280   0x08004280   0x00000024   Code   RO         5464    i.SHT3X_Init        hal_temhum.o
    0x080042a4   0x080042a4   0x0000004a   Code   RO         5465    i.SHT3X_Read2BytesAndCrc  hal_temhum.o
    0x080042ee   0x080042ee   0x00000024   Code   RO         5472    i.SHT3X_SoftReset   hal_temhum.o
    0x08004312   0x08004312   0x00000002   PAD
    0x08004314   0x08004314   0x00000020   Code   RO         5474    i.SHT3X_StartReadAccess  hal_temhum.o
    0x08004334   0x08004334   0x0000001c   Code   RO         5475    i.SHT3X_StartWriteAccess  hal_temhum.o
    0x08004350   0x08004350   0x00000016   Code   RO         5477    i.SHT3X_WriteCommand  hal_temhum.o
    0x08004366   0x08004366   0x0000004e   Code   RO         5478    i.SHT3x_ReadSerialNumber  hal_temhum.o
    0x080043b4   0x080043b4   0x0000001c   Code   RO         5479    i.SHTXX_Init        hal_temhum.o
    0x080043d0   0x080043d0   0x00000004   Code   RO         1312    i.SX1276CheckRfFrequency  sx1276-board.o
    0x080043d4   0x080043d4   0x00000014   Code   RO         1313    i.SX1276GetPaSelect  sx1276-board.o
    0x080043e8   0x080043e8   0x0000000c   Code   RO         5779    i.SX1276GetStatus   sx1276.o
    0x080043f4   0x080043f4   0x000001f8   Code   RO         5780    i.SX1276GetTimeOnAir  sx1276.o
    0x080045ec   0x080045ec   0x0000007c   Code   RO         5781    i.SX1276Init        sx1276.o
    0x08004668   0x08004668   0x00000040   Code   RO         1315    i.SX1276IoInit      sx1276-board.o
    0x080046a8   0x080046a8   0x00000028   Code   RO         1316    i.SX1276IoIrqInit   sx1276-board.o
    0x080046d0   0x080046d0   0x00000036   Code   RO         5782    i.SX1276IsChannelFree  sx1276.o
    0x08004706   0x08004706   0x00000002   PAD
    0x08004708   0x08004708   0x00000258   Code   RO         5783    i.SX1276OnDio0Irq   sx1276.o
    0x08004960   0x08004960   0x000000dc   Code   RO         5784    i.SX1276OnDio1Irq   sx1276.o
    0x08004a3c   0x08004a3c   0x000000e4   Code   RO         5785    i.SX1276OnTimeoutIrq  sx1276.o
    0x08004b20   0x08004b20   0x0000003e   Code   RO         5786    i.SX1276Random      sx1276.o
    0x08004b5e   0x08004b5e   0x00000010   Code   RO         5787    i.SX1276Read        sx1276.o
    0x08004b6e   0x08004b6e   0x00000002   PAD
    0x08004b70   0x08004b70   0x00000048   Code   RO         5788    i.SX1276ReadBuffer  sx1276.o
    0x08004bb8   0x08004bb8   0x0000000a   Code   RO         5789    i.SX1276ReadFifo    sx1276.o
    0x08004bc2   0x08004bc2   0x00000002   PAD
    0x08004bc4   0x08004bc4   0x00000044   Code   RO         5790    i.SX1276ReadRssi    sx1276.o
    0x08004c08   0x08004c08   0x0000003a   Code   RO         5791    i.SX1276Reset       sx1276.o
    0x08004c42   0x08004c42   0x00000002   PAD
    0x08004c44   0x08004c44   0x000000f8   Code   RO         5792    i.SX1276Send        sx1276.o
    0x08004d3c   0x08004d3c   0x00000002   Code   RO         1317    i.SX1276SetAntSw    sx1276-board.o
    0x08004d3e   0x08004d3e   0x00000002   PAD
    0x08004d40   0x08004d40   0x00000010   Code   RO         1318    i.SX1276SetAntSwLowPower  sx1276-board.o
    0x08004d50   0x08004d50   0x00000044   Code   RO         5793    i.SX1276SetChannel  sx1276.o
    0x08004d94   0x08004d94   0x00000034   Code   RO         5794    i.SX1276SetMaxPayloadLength  sx1276.o
    0x08004dc8   0x08004dc8   0x00000078   Code   RO         5795    i.SX1276SetModem    sx1276.o
    0x08004e40   0x08004e40   0x00000030   Code   RO         5796    i.SX1276SetOpMode   sx1276.o
    0x08004e70   0x08004e70   0x00000028   Code   RO         5797    i.SX1276SetPublicNetwork  sx1276.o
    0x08004e98   0x08004e98   0x000000a4   Code   RO         1319    i.SX1276SetRfTxPower  sx1276-board.o
    0x08004f3c   0x08004f3c   0x0000023c   Code   RO         5798    i.SX1276SetRx       sx1276.o
    0x08005178   0x08005178   0x00000294   Code   RO         5799    i.SX1276SetRxConfig  sx1276.o
    0x0800540c   0x0800540c   0x00000028   Code   RO         5800    i.SX1276SetSleep    sx1276.o
    0x08005434   0x08005434   0x00000028   Code   RO         5801    i.SX1276SetStby     sx1276.o
    0x0800545c   0x0800545c   0x000000a4   Code   RO         5802    i.SX1276SetTx       sx1276.o
    0x08005500   0x08005500   0x00000208   Code   RO         5803    i.SX1276SetTxConfig  sx1276.o
    0x08005708   0x08005708   0x00000098   Code   RO         5804    i.SX1276SetTxContinuousWave  sx1276.o
    0x080057a0   0x080057a0   0x00000040   Code   RO         5805    i.SX1276StartCad    sx1276.o
    0x080057e0   0x080057e0   0x0000000c   Code   RO         5806    i.SX1276Write       sx1276.o
    0x080057ec   0x080057ec   0x00000048   Code   RO         5807    i.SX1276WriteBuffer  sx1276.o
    0x08005834   0x08005834   0x0000000a   Code   RO         5808    i.SX1276WriteFifo   sx1276.o
    0x0800583e   0x0800583e   0x00000002   PAD
    0x08005840   0x08005840   0x000000d0   Code   RO            6    i.SendData          main.o
    0x08005910   0x08005910   0x00000038   Code   RO         5480    i.Serial_DataInOutInit  hal_temhum.o
    0x08005948   0x08005948   0x0000001c   Code   RO         5481    i.Serial_DelayUS    hal_temhum.o
    0x08005964   0x08005964   0x00000050   Code   RO         5482    i.Serial_Init       hal_temhum.o
    0x080059b4   0x080059b4   0x00000030   Code   RO         1263    i.SpiFormat         spi-board.o
    0x080059e4   0x080059e4   0x0000002c   Code   RO         1264    i.SpiFrequency      spi-board.o
    0x08005a10   0x08005a10   0x00000038   Code   RO         1265    i.SpiInOut          spi-board.o
    0x08005a48   0x08005a48   0x00000110   Code   RO         1266    i.SpiInit           spi-board.o
    0x08005b58   0x08005b58   0x0000000e   Code   RO          937    i.SysTick_Handler   board.o
    0x08005b66   0x08005b66   0x00000002   PAD
    0x08005b68   0x08005b68   0x0000009c   Code   RO          938    i.SystemClockConfig  board.o
    0x08005c04   0x08005c04   0x000000c8   Code   RO          939    i.SystemClockReConfig  board.o
    0x08005ccc   0x08005ccc   0x00000050   Code   RO         1628    i.SystemInit        system_stm32l1xx.o
    0x08005d1c   0x08005d1c   0x0000000c   Code   RO         1404    i.TIM2_IRQHandler   tim-board.o
    0x08005d28   0x08005d28   0x0000000c   Code   RO         1405    i.TIM3_IRQHandler   tim-board.o
    0x08005d34   0x08005d34   0x0000000c   Code   RO         1406    i.TIM4_IRQHandler   tim-board.o
    0x08005d40   0x08005d40   0x0000006c   Code   RO         4029    i.TIM_Base_SetConfig  stm32l1xx_hal_tim.o
    0x08005dac   0x08005dac   0x00000088   Code   RO         1407    i.Tim2McuInit       tim-board.o
    0x08005e34   0x08005e34   0x00000004   Code   RO          285    i.Time2Handler      timer_handles.o
    0x08005e38   0x08005e38   0x0000000e   Code   RO         6160    i.TimerInit         timer.o
    0x08005e46   0x08005e46   0x00000002   PAD
    0x08005e48   0x08005e48   0x00000024   Code   RO         6161    i.TimerInsertNewHeadTimer  timer.o
    0x08005e6c   0x08005e6c   0x00000050   Code   RO         6162    i.TimerInsertTimer  timer.o
    0x08005ebc   0x08005ebc   0x00000054   Code   RO         6163    i.TimerIrqHandler   timer.o
    0x08005f10   0x08005f10   0x00000020   Code   RO         6166    i.TimerSetTimeout   timer.o
    0x08005f30   0x08005f30   0x00000010   Code   RO         6167    i.TimerSetValue     timer.o
    0x08005f40   0x08005f40   0x00000060   Code   RO         6168    i.TimerStart        timer.o
    0x08005fa0   0x08005fa0   0x0000008c   Code   RO         6169    i.TimerStop         timer.o
    0x0800602c   0x0800602c   0x000002a0   Code   RO         4635    i.UART_SetConfig    stm32l1xx_hal_uart.o
    0x080062cc   0x080062cc   0x00000014   Code   RO         1535    i.USART1_GetFlagStatus  usart1-board.o
    0x080062e0   0x080062e0   0x00000038   Code   RO         1536    i.USART1_IRQHandler  usart1-board.o
    0x08006318   0x08006318   0x00000048   Code   RO         1537    i.USART1_Init       usart1-board.o
    0x08006360   0x08006360   0x00000024   Code   RO         1539    i.USART1_ReadRxBuffer  usart1-board.o
    0x08006384   0x08006384   0x00000018   Code   RO         1540    i.USART1_ReceiveClr  usart1-board.o
    0x0800639c   0x0800639c   0x00000010   Code   RO         1541    i.USART1_ReceiveData  usart1-board.o
    0x080063ac   0x080063ac   0x00000030   Code   RO         1543    i.USART1_SendStr    usart1-board.o
    0x080063dc   0x080063dc   0x0000001a   Code   RO         6258    i.UartConfig        uart.o
    0x080063f6   0x080063f6   0x0000001a   Code   RO         6260    i.UartInit          uart.o
    0x08006410   0x08006410   0x000002c0   Code   RO         1490    i.UartMcuConfig     uart-board.o
    0x080066d0   0x080066d0   0x000000b8   Code   RO         1492    i.UartMcuInit       uart-board.o
    0x08006788   0x08006788   0x00000002   Code   RO         5059    i.UsageFault_Handler  sysirqhandlers.o
    0x0800678a   0x0800678a   0x00000002   PAD
    0x0800678c   0x0800678c   0x00000020   Code   RO         6664    i.__0printf         mc_w.l(printfa.o)
    0x080067ac   0x080067ac   0x00000028   Code   RO         6666    i.__0sprintf        mc_w.l(printfa.o)
    0x080067d4   0x080067d4   0x00000028   Code   RO         6744    i.__ARM_fpclassify  m_ws.l(fpclassify.o)
    0x080067fc   0x080067fc   0x000000aa   Code   RO         6756    i.__kernel_poly     m_ws.l(poly.o)
    0x080068a6   0x080068a6   0x00000002   PAD
    0x080068a8   0x080068a8   0x00000010   Code   RO         6730    i.__mathlib_dbl_divzero  m_ws.l(dunder.o)
    0x080068b8   0x080068b8   0x00000006   Code   RO         6731    i.__mathlib_dbl_infnan  m_ws.l(dunder.o)
    0x080068be   0x080068be   0x00000004   Code   RO         6732    i.__mathlib_dbl_infnan2  m_ws.l(dunder.o)
    0x080068c2   0x080068c2   0x0000000c   Code   RO         6733    i.__mathlib_dbl_invalid  m_ws.l(dunder.o)
    0x080068ce   0x080068ce   0x0000000e   Code   RO         6734    i.__mathlib_dbl_overflow  m_ws.l(dunder.o)
    0x080068dc   0x080068dc   0x00000010   Code   RO         6736    i.__mathlib_dbl_underflow  m_ws.l(dunder.o)
    0x080068ec   0x080068ec   0x0000000e   Code   RO         6813    i.__scatterload_copy  mc_w.l(handlers.o)
    0x080068fa   0x080068fa   0x00000002   Code   RO         6814    i.__scatterload_null  mc_w.l(handlers.o)
    0x080068fc   0x080068fc   0x0000000e   Code   RO         6815    i.__scatterload_zeroinit  mc_w.l(handlers.o)
    0x0800690a   0x0800690a   0x00000002   PAD
    0x0800690c   0x0800690c   0x0000000c   Code   RO         6793    i.__set_errno       mc_w.l(errno.o)
    0x08006918   0x08006918   0x00000184   Code   RO         6671    i._fp_digits        mc_w.l(printfa.o)
    0x08006a9c   0x08006a9c   0x000006dc   Code   RO         6672    i._printf_core      mc_w.l(printfa.o)
    0x08007178   0x08007178   0x00000024   Code   RO         6673    i._printf_post_padding  mc_w.l(printfa.o)
    0x0800719c   0x0800719c   0x0000002e   Code   RO         6674    i._printf_pre_padding  mc_w.l(printfa.o)
    0x080071ca   0x080071ca   0x0000000a   Code   RO         6676    i._sputc            mc_w.l(printfa.o)
    0x080071d4   0x080071d4   0x00000054   Code   RO            7    i.bright            main.o
    0x08007228   0x08007228   0x000000cc   Code   RO         5484    i.calc_sth11        hal_temhum.o
    0x080072f4   0x080072f4   0x00000040   Code   RO         5485    i.call_sht11        hal_temhum.o
    0x08007334   0x08007334   0x00000054   Code   RO         5486    i.call_sht1x        hal_temhum.o
    0x08007388   0x08007388   0x000000dc   Code   RO         6395    i.ceil              m_ws.l(ceil.o)
    0x08007464   0x08007464   0x000000dc   Code   RO         6399    i.floor             m_ws.l(floor.o)
    0x08007540   0x08007540   0x00000002   Code   RO         6262    i.fputc             uart.o
    0x08007542   0x08007542   0x00000004   Code   RO         5488    i.hal_temHumInit    hal_temhum.o
    0x08007546   0x08007546   0x00000002   PAD
    0x08007548   0x08007548   0x0000000c   Code   RO         5167    i.isKey2Pressed     hal_key.o
    0x08007554   0x08007554   0x0000000c   Code   RO         5168    i.isKey3Pressed     hal_key.o
    0x08007560   0x08007560   0x0000000c   Code   RO         5169    i.isKey4Pressed     hal_key.o
    0x0800756c   0x0800756c   0x0000001c   Code   RO          712    i.keyScanner        key_scaner.o
    0x08007588   0x08007588   0x00000044   Code   RO         5170    i.keys_init         hal_key.o
    0x080075cc   0x080075cc   0x0000035c   Code   RO         6747    i.log               m_ws.l(log.o)
    0x08007928   0x08007928   0x000000e4   Code   RO         6403    i.log10             m_ws.l(log10.o)
    0x08007a0c   0x08007a0c   0x000000d0   Code   RO            8    i.main              main.o
    0x08007adc   0x08007adc   0x00000014   Code   RO         5104    i.memcpy1           utilities.o
    0x08007af0   0x08007af0   0x000009d8   Code   RO         6411    i.pow               m_ws.l(pow.o)
    0x080084c8   0x080084c8   0x0000000c   Code   RO         5173    i.resetKey2         hal_key.o
    0x080084d4   0x080084d4   0x0000000c   Code   RO         5174    i.resetKey3         hal_key.o
    0x080084e0   0x080084e0   0x0000000c   Code   RO         5175    i.resetKey4         hal_key.o
    0x080084ec   0x080084ec   0x00000094   Code   RO         6420    i.round             m_ws.l(round.o)
    0x08008580   0x08008580   0x00000050   Code   RO         5489    i.s_connectionreset  hal_temhum.o
    0x080085d0   0x080085d0   0x00000084   Code   RO         5490    i.s_measure         hal_temhum.o
    0x08008654   0x08008654   0x0000009c   Code   RO         5491    i.s_read_byte       hal_temhum.o
    0x080086f0   0x080086f0   0x00000010   Code   RO         5493    i.s_softreset       hal_temhum.o
    0x08008700   0x08008700   0x00000080   Code   RO         5494    i.s_transstart      hal_temhum.o
    0x08008780   0x08008780   0x00000098   Code   RO         5495    i.s_write_byte      hal_temhum.o
    0x08008818   0x08008818   0x000000e4   Code   RO         5176    i.scan_keys         hal_key.o
    0x080088fc   0x080088fc   0x0000000c   Code   RO         1410    i.setTimer2Callback  tim-board.o
    0x08008908   0x08008908   0x0000004c   Code   RO         6760    i.sqrt              m_ws.l(sqrt.o)
    0x08008954   0x08008954   0x00000018   Data   RO         1161    .constdata          rtc-board.o
    0x0800896c   0x0800896c   0x0000005c   Data   RO         1322    .constdata          sx1276-board.o
    0x080089c8   0x080089c8   0x00000019   Data   RO         1629    .constdata          system_stm32l1xx.o
    0x080089e1   0x080089e1   0x00000008   Data   RO         1630    .constdata          system_stm32l1xx.o
    0x080089e9   0x080089e9   0x000012f0   Data   RO         5279    .constdata          hal_oled.o
    0x08009cd9   0x08009cd9   0x00000003   PAD
    0x08009cdc   0x08009cdc   0x000000e0   Data   RO         5810    .constdata          sx1276.o
    0x08009dbc   0x08009dbc   0x00000004   PAD
    0x08009dc0   0x08009dc0   0x00000088   Data   RO         6412    .constdata          m_ws.l(pow.o)
    0x08009e48   0x08009e48   0x00000038   Data   RO         6748    .constdata          m_ws.l(log.o)
    0x08009e80   0x08009e80   0x00000008   Data   RO         6758    .constdata          m_ws.l(qnan.o)
    0x08009e88   0x08009e88   0x00000020   Data   RO         6811    Region$$Table       anon$$obj.o


    Execution Region RW_IRAM1 (Exec base: 0x20000000, Load base: 0x08009ea8, Size: 0x00000e08, Max: 0x00002800, ABSOLUTE)

    Exec Addr    Load Addr    Size         Type   Attr      Idx    E Section Name        Object

    0x20000000   0x08009ea8   0x0000002b   Data   RW           10    .data               main.o
    0x2000002b   0x08009ed3   0x00000001   PAD
    0x2000002c   0x08009ed4   0x0000000c   Data   RW          389    .data               adc_reader.o
    0x20000038   0x08009ee0   0x00000004   Data   RW          602    .data               ns_radio.o
    0x2000003c   0x08009ee4   0x00000004   Data   RW          713    .data               key_scaner.o
    0x20000040   0x08009ee8   0x00000004   Data   RW          943    .data               board.o
    0x20000044   0x08009eec   0x00000010   Data   RW         1162    .data               rtc-board.o
    0x20000054   0x08009efc   0x00000001   Data   RW         1323    .data               sx1276-board.o
    0x20000055   0x08009efd   0x00000003   PAD
    0x20000058   0x08009f00   0x0000000c   Data   RW         1414    .data               tim-board.o
    0x20000064   0x08009f0c   0x00000003   Data   RW         1494    .data               uart-board.o
    0x20000067   0x08009f0f   0x00000001   PAD
    0x20000068   0x08009f10   0x00000006   Data   RW         1545    .data               usart1-board.o
    0x2000006e   0x08009f16   0x00000002   PAD
    0x20000070   0x08009f18   0x00000004   Data   RW         1631    .data               system_stm32l1xx.o
    0x20000074   0x08009f1c   0x00000004   Data   RW         1684    .data               stm32l1xx_hal.o
    0x20000078   0x08009f20   0x0000000e   Data   RW         5177    .data               hal_key.o
    0x20000086   0x08009f2e   0x00000002   Data   RW         5497    .data               hal_temhum.o
    0x20000088   0x08009f30   0x00000010   Data   RW         5811    .data               sx1276.o
    0x20000098   0x08009f40   0x00000001   Data   RW         5990    .data               adc.o
    0x20000099   0x08009f41   0x00000003   PAD
    0x2000009c   0x08009f44   0x00000008   Data   RW         6170    .data               timer.o
    0x200000a4   0x08009f4c   0x00000004   Data   RW         6263    .data               uart.o
    0x200000a8   0x08009f50   0x00000004   Data   RW         6794    .data               mc_w.l(errno.o)
    0x200000ac        -       0x000001fe   Zero   RW            9    .bss                main.o
    0x200002aa   0x08009f54   0x00000002   PAD
    0x200002ac        -       0x00000018   Zero   RW          388    .bss                adc_reader.o
    0x200002c4        -       0x0000011b   Zero   RW          601    .bss                ns_radio.o
    0x200003df   0x08009f54   0x00000001   PAD
    0x200003e0        -       0x00000054   Zero   RW          887    .bss                adc-board.o
    0x20000434        -       0x00000030   Zero   RW          940    .bss                board.o
    0x20000464        -       0x00000038   Zero   RW          941    .bss                board.o
    0x2000049c        -       0x00000040   Zero   RW         1050    .bss                gpio-board.o
    0x200004dc        -       0x00000034   Zero   RW         1160    .bss                rtc-board.o
    0x20000510        -       0x000000a8   Zero   RW         1413    .bss                tim-board.o
    0x200005b8        -       0x000000c0   Zero   RW         1493    .bss                uart-board.o
    0x20000678        -       0x00000114   Zero   RW         1544    .bss                usart1-board.o
    0x2000078c        -       0x00000030   Zero   RW         5277    .bss                hal_oled.o
    0x200007bc        -       0x0000024c   Zero   RW         5809    .bss                sx1276.o
    0x20000a08        -       0x00000400   Zero   RW         1617    STACK               startup_stm32l151xb.o


==============================================================================

Image component sizes


      Code (inc. data)   RO Data    RW Data    ZI Data      Debug   Object Name

       344         30          0          0         84       2332   adc-board.o
        52         10          0          1          0       1531   adc.o
       144         24          0         12         24       1783   adc_reader.o
       626         48          0          4        104       4821   board.o
         0          0          0          0          0     138200   configs.o
         4          0          0          0          0        742   delay.o
       762         50          0          0         64       7195   gpio-board.o
        24          0          0          0          0       1810   gpio.o
       368         52          0         14          0       4529   hal_key.o
       692         16       4848          0         48       5560   hal_oled.o
      2756        182          0          2          0      28556   hal_temhum.o
        28          6          0          4          0        473   key_scaner.o
       812        140          0         43        510     415655   main.o
       372         70          0          4        283       4994   ns_radio.o
      1528        134         24         16         52       9672   rtc-board.o
       420         22          0          0          0       3452   spi-board.o
        36          8        244          0       1024        828   startup_stm32l151xb.o
       162         30          0          4          0       5602   stm32l1xx_hal.o
      1486         60          0          0          0       8131   stm32l1xx_hal_adc.o
       228         14          0          0          0      29001   stm32l1xx_hal_cortex.o
       440         38          0          0          0       3602   stm32l1xx_hal_gpio.o
        16          6          0          0          0        540   stm32l1xx_hal_pwr_ex.o
      2708        110          0          0          0       7152   stm32l1xx_hal_rcc.o
       360         12          0          0          0       1440   stm32l1xx_hal_rcc_ex.o
      1028         26          0          0          0       8289   stm32l1xx_hal_rtc.o
       744         12          0          0          0       5226   stm32l1xx_hal_rtc_ex.o
         2          0          0          0          0        982   stm32l1xx_hal_spi.o
       122          0          0          0          0       1067   stm32l1xx_hal_spi_ex.o
       488         22          0          0          0       6022   stm32l1xx_hal_tim.o
       874          6          0          0          0       3309   stm32l1xx_hal_uart.o
       310         26         92          1          0       7847   sx1276-board.o
      5102        312        224         16        588      22892   sx1276.o
        10          0          0          0          0       2153   sysirqhandlers.o
        80         18         33          4          0       1239   system_stm32l1xx.o
       372        108          0         12        168       4383   tim-board.o
       498         32          0          8          0       5814   timer.o
         4          0          0          0          0        407   timer_handles.o
       888         26          0          3        192       3309   uart-board.o
        54          0          0          4          0       3626   uart.o
       308         62          0          6        276       5154   usart1-board.o
        20          0          0          0          0       1038   utilities.o

    ----------------------------------------------------------------------
     25320       1712       5504        168       3420     770358   Object Totals
         0          0         32          0          0          0   (incl. Generated)
        48          0          7         10          3          0   (incl. Padding)

    ----------------------------------------------------------------------

      Code (inc. data)   RO Data    RW Data    ZI Data      Debug   Library Member Name

       220         16          0          0          0         84   ceil.o
        68         10          0          0          0        408   dunder.o
       220         16          0          0          0         84   floor.o
        40          0          0          0          0         68   fpclassify.o
       860         52         56          0          0        256   log.o
       228         30          0          0          0        120   log10.o
       170          0          0          0          0         96   poly.o
      2520        190        136          0          0        324   pow.o
         0          0          8          0          0          0   qnan.o
       148         12          0          0          0         88   round.o
        76          0          0          0          0         84   sqrt.o
         0          0          0          0          0          0   entry.o
         0          0          0          0          0          0   entry10a.o
         0          0          0          0          0          0   entry11a.o
         8          4          0          0          0          0   entry2.o
         4          0          0          0          0          0   entry5.o
         0          0          0          0          0          0   entry7b.o
         0          0          0          0          0          0   entry8b.o
         8          4          0          0          0          0   entry9a.o
        12          6          0          4          0         68   errno.o
        30          0          0          0          0          0   handlers.o
        36          8          0          0          0         68   init.o
         0          0          0          0          0          0   iusefp.o
        30          0          0          0          0         68   llshl.o
        36          0          0          0          0         68   llsshr.o
        32          0          0          0          0         68   llushr.o
        36          0          0          0          0         68   memcpya.o
        36          0          0          0          0        108   memseta.o
      2308         96          0          0          0        604   printfa.o
        44          0          0          0          0         80   uidiv.o
        98          0          0          0          0         92   uldiv.o
        48          0          0          0          0         68   cdcmple.o
        48          0          0          0          0         68   cdrcmple.o
        56          0          0          0          0         88   d2f.o
       334          0          0          0          0        148   dadd.o
       222          0          0          0          0        100   ddiv.o
       186          0          0          0          0        176   depilogue.o
        62          0          0          0          0         80   dfixi.o
        50          0          0          0          0         76   dfixui.o
        48          0          0          0          0         68   dfixul.o
        34          0          0          0          0         76   dflti.o
        26          0          0          0          0         76   dfltui.o
       228          0          0          0          0         96   dmul.o
       136          4          0          0          0         92   drnd.o
        46          0          0          0          0         80   dscalb.o
       162          0          0          0          0        100   dsqrt.o
        38          0          0          0          0         68   f2d.o
       176          0          0          0          0        140   fadd.o
       124          0          0          0          0         88   fdiv.o
       110          0          0          0          0        168   fepilogue.o
        50          0          0          0          0         68   ffixi.o
        10          0          0          0          0         68   ffltui.o
       100          0          0          0          0         76   fmul.o
        24          0          0          0          0         68   fscalb.o

    ----------------------------------------------------------------------
      9592        448        200          4          0       5040   Library Totals
         6          0          0          0          0          0   (incl. Padding)

    ----------------------------------------------------------------------

      Code (inc. data)   RO Data    RW Data    ZI Data      Debug   Library Name

      4550        326        200          0          0       1612   m_ws.l
      2718        118          0          4          0       1292   mc_w.l
      2318          4          0          0          0       2136   mf_w.l

    ----------------------------------------------------------------------
      9592        448        200          4          0       5040   Library Totals

    ----------------------------------------------------------------------

==============================================================================


      Code (inc. data)   RO Data    RW Data    ZI Data      Debug   

     34912       2160       5704        172       3420     759638   Grand Totals
     34912       2160       5704        172       3420     759638   ELF Image Totals
     34912       2160       5704        172          0          0   ROM Totals

==============================================================================

    Total RO  Size (Code + RO Data)                40616 (  39.66kB)
    Total RW  Size (RW Data + ZI Data)              3592 (   3.51kB)
    Total ROM Size (Code + RO Data + RW Data)      40788 (  39.83kB)

==============================================================================

