Component: ARM Compiler 5.06 update 6 (build 750) Tool: armlink [4d35ed]

==============================================================================

Section Cross References

    main.o(i.Init) refers to board.o(i.BoardInitMcu) for BoardInitMcu
    main.o(i.Init) refers to board.o(i.BoardInitPeriph) for BoardInitPeriph
    main.o(i.Init) refers to hal_key.o(i.keys_init) for keys_init
    main.o(i.Init) refers to tim-board.o(i.setTimer2Callback) for setTimer2Callback
    main.o(i.Init) refers to tim-board.o(i.Tim2McuInit) for Tim2McuInit
    main.o(i.Init) refers to timer_handles.o(i.Time2Handler) for Time2Handler
    main.o(i.main) refers to main.o(i.Init) for Init
    main.o(i.main) refers to hal_oled.o(i.OLED_Init_Inverse) for OLED_Init_Inverse
    main.o(i.main) refers to hal_temhum.o(i.hal_temHumInit) for hal_temHumInit
    main.o(i.main) refers to adc_reader.o(i.ADCS_Init) for ADCS_Init
    main.o(i.main) refers to ns_radio.o(i.NS_RadioInit) for NS_RadioInit
    main.o(i.main) refers to usart1-board.o(i.USART1_Init) for USART1_Init
    main.o(i.main) refers to ns_radio.o(i.ReadRadioRxBuffer) for ReadRadioRxBuffer
    main.o(i.main) refers to gpio.o(i.GpioWrite) for GpioWrite
    main.o(i.main) refers to stm32l1xx_hal.o(i.HAL_Delay) for HAL_Delay
    main.o(i.main) refers to adc_reader.o(i.AdcScanChannel) for AdcScanChannel
    main.o(i.main) refers to adc_reader.o(i.AdcReadCh0) for AdcReadCh0
    main.o(i.main) refers to fdiv.o(.text) for __aeabi_fdiv
    main.o(i.main) refers to fadd.o(.text) for __aeabi_fsub
    main.o(i.main) refers to f2d.o(.text) for __aeabi_f2d
    main.o(i.main) refers to log10.o(i.log10) for log10
    main.o(i.main) refers to dadd.o(.text) for __aeabi_drsub
    main.o(i.main) refers to ddiv.o(.text) for __aeabi_ddiv
    main.o(i.main) refers to pow.o(i.pow) for pow
    main.o(i.main) refers to d2f.o(.text) for __aeabi_d2f
    main.o(i.main) refers to ffixi.o(.text) for __aeabi_f2iz
    main.o(i.main) refers to usart1-board.o(i.USART1_SendStr) for USART1_SendStr
    main.o(i.main) refers to usart1-board.o(i.USART1_ReceiveClr) for USART1_ReceiveClr
    main.o(i.main) refers to printf6.o(i.__0sprintf$6) for __2sprintf
    main.o(i.main) refers to hal_oled.o(i.OLED_ShowString) for OLED_ShowString
    main.o(i.main) refers to main.o(.bss) for .bss
    main.o(i.main) refers to main.o(.data) for .data
    main.o(i.main) refers to board.o(.bss) for Led1
    main.o(i.main) refers to sx1276-board.o(.constdata) for Radio
    timer_handles.o(i.Time2Handler) refers to key_scaner.o(i.keyScanner) for keyScanner
    adc_reader.o(i.ADCS_Init) refers to adc.o(i.AdcInit) for AdcInit
    adc_reader.o(i.ADCS_Init) refers to adc_reader.o(.bss) for .bss
    adc_reader.o(i.AdcReadCh0) refers to adc_reader.o(.data) for .data
    adc_reader.o(i.AdcReadCh2) refers to adc_reader.o(.data) for .data
    adc_reader.o(i.AdcScanChannel) refers to adc.o(i.AdcReadChannel) for AdcReadChannel
    adc_reader.o(i.AdcScanChannel) refers to dfltui.o(.text) for __aeabi_ui2d
    adc_reader.o(i.AdcScanChannel) refers to dscalb.o(.text) for __ARM_scalbn
    adc_reader.o(i.AdcScanChannel) refers to dmul.o(.text) for __aeabi_dmul
    adc_reader.o(i.AdcScanChannel) refers to d2f.o(.text) for __aeabi_d2f
    adc_reader.o(i.AdcScanChannel) refers to adc_reader.o(.bss) for .bss
    adc_reader.o(i.AdcScanChannel) refers to adc_reader.o(.data) for .data
    configs.o(i.ReadFlashCfg) refers to flash.o(i.STMFLASH_ReadWord) for STMFLASH_ReadWord
    configs.o(i.ReadFlashCfg) refers to printf6.o(i.__0printf$6) for __2printf
    configs.o(i.ReadFlashCfg) refers to configs.o(.data) for .data
    configs.o(i.channelNumPP) refers to configs.o(.data) for .data
    configs.o(i.channelNumSS) refers to configs.o(.data) for .data
    configs.o(i.getChannelNum) refers to configs.o(.data) for .data
    configs.o(i.getCurrentPage) refers to configs.o(.data) for .data
    configs.o(i.getRfFrequency) refers to configs.o(.data) for .data
    configs.o(i.getSensorType) refers to configs.o(.data) for .data
    configs.o(i.setChannelNum) refers to configs.o(.data) for .data
    configs.o(i.setCurrentPage) refers to configs.o(.data) for .data
    configs.o(i.setRfFrequency) refers to configs.o(.data) for .data
    configs.o(i.setSensorType) refers to configs.o(.data) for .data
    ns_radio.o(i.NS_RadioEventsInit) refers to ns_radio.o(i.OnTxDone) for OnTxDone
    ns_radio.o(i.NS_RadioEventsInit) refers to ns_radio.o(.bss) for .bss
    ns_radio.o(i.NS_RadioEventsInit) refers to ns_radio.o(i.OnRxDone) for OnRxDone
    ns_radio.o(i.NS_RadioEventsInit) refers to ns_radio.o(i.OnTxTimeout) for OnTxTimeout
    ns_radio.o(i.NS_RadioEventsInit) refers to ns_radio.o(i.OnRxTimeout) for OnRxTimeout
    ns_radio.o(i.NS_RadioEventsInit) refers to ns_radio.o(i.OnRxError) for OnRxError
    ns_radio.o(i.NS_RadioEventsInit) refers to sx1276-board.o(.constdata) for Radio
    ns_radio.o(i.NS_RadioInit) refers to ns_radio.o(i.NS_RadioEventsInit) for NS_RadioEventsInit
[...]
    __use_no_semihosting                     0x00000000   Number         0  useno.o ABSOLUTE
    __use_no_semihosting_swi                 0x00000000   Number         0  useno.o ABSOLUTE
    __use_no_signal_handling                 0x00000000   Number         0  useno.o ABSOLUTE
    _printf_a                                0x00000000   Number         0  stubs.o ABSOLUTE
    _printf_c                                0x00000000   Number         0  stubs.o ABSOLUTE
    _printf_charcount                        0x00000000   Number         0  stubs.o ABSOLUTE
    _printf_d                                0x00000000   Number         0  stubs.o ABSOLUTE
    _printf_e                                0x00000000   Number         0  stubs.o ABSOLUTE
    _printf_f                                0x00000000   Number         0  stubs.o ABSOLUTE
    _printf_flags                            0x00000000   Number         0  stubs.o ABSOLUTE
    _printf_fp_dec                           0x00000000   Number         0  stubs.o ABSOLUTE
    _printf_fp_hex                           0x00000000   Number         0  stubs.o ABSOLUTE
    _printf_g                                0x00000000   Number         0  stubs.o ABSOLUTE
    _printf_i                                0x00000000   Number         0  stubs.o ABSOLUTE
    _printf_int_dec                          0x00000000   Number         0  stubs.o ABSOLUTE
    _printf_l                                0x00000000   Number         0  stubs.o ABSOLUTE
    _printf_lc                               0x00000000   Number         0  stubs.o ABSOLUTE
    _printf_ll                               0x00000000   Number         0  stubs.o ABSOLUTE
    _printf_lld                              0x00000000   Number         0  stubs.o ABSOLUTE
    _printf_lli                              0x00000000   Number         0  stubs.o ABSOLUTE
    _printf_llo                              0x00000000   Number         0  stubs.o ABSOLUTE
    _printf_llu                              0x00000000   Number         0  stubs.o ABSOLUTE
    _printf_llx                              0x00000000   Number         0  stubs.o ABSOLUTE
    _printf_longlong_dec                     0x00000000   Number         0  stubs.o ABSOLUTE
    _printf_longlong_hex                     0x00000000   Number         0  stubs.o ABSOLUTE
    _printf_longlong_oct                     0x00000000   Number         0  stubs.o ABSOLUTE
    _printf_ls                               0x00000000   Number         0  stubs.o ABSOLUTE
    _printf_mbtowc                           0x00000000   Number         0  stubs.o ABSOLUTE
    _printf_n                                0x00000000   Number         0  stubs.o ABSOLUTE
    _printf_o                                0x00000000   Number         0  stubs.o ABSOLUTE
    _printf_p                                0x00000000   Number         0  stubs.o ABSOLUTE
    _printf_percent                          0x00000000   Number         0  stubs.o ABSOLUTE
    _printf_pre_padding                      0x00000000   Number         0  stubs.o ABSOLUTE
    _printf_return_value                     0x00000000   Number         0  stubs.o ABSOLUTE
    _printf_s                                0x00000000   Number         0  stubs.o ABSOLUTE
    _printf_sizespec                         0x00000000   Number         0  stubs.o ABSOLUTE
    _printf_str                              0x00000000   Number         0  stubs.o ABSOLUTE
    _printf_truncate_signed                  0x00000000   Number         0  stubs.o ABSOLUTE
    _printf_truncate_unsigned                0x00000000   Number         0  stubs.o ABSOLUTE
    _printf_u                                0x00000000   Number         0  stubs.o ABSOLUTE
    _printf_wc                               0x00000000   Number         0  stubs.o ABSOLUTE
    _printf_wctomb                           0x00000000   Number         0  stubs.o ABSOLUTE
    _printf_widthprec                        0x00000000   Number         0  stubs.o ABSOLUTE
    _printf_x                                0x00000000   Number         0  stubs.o ABSOLUTE
    __cpp_initialize__aeabi_                  - Undefined Weak Reference
    __cxa_finalize                            - Undefined Weak Reference
    __decompress                              - Undefined Weak Reference
    _clock_init                               - Undefined Weak Reference
    _microlib_exit                            - Undefined Weak Reference
    __Vectors_Size                           0x000000f4   Number         0  startup_stm32l151xb.o ABSOLUTE
    __Vectors                                0x08000000   Data           4  startup_stm32l151xb.o(RESET)
    __Vectors_End                            0x080000f4   Data           0  startup_stm32l151xb.o(RESET)
    __main                                   0x080000f5   Thumb Code     0  entry.o(.ARM.Collect$$$$00000000)
    _main_stk                                0x080000f5   Thumb Code     0  entry2.o(.ARM.Collect$$$$00000001)
    _main_scatterload                        0x080000f9   Thumb Code     0  entry5.o(.ARM.Collect$$$$00000004)
    __main_after_scatterload                 0x080000fd   Thumb Code     0  entry5.o(.ARM.Collect$$$$00000004)
    _main_clock                              0x080000fd   Thumb Code     0  entry7b.o(.ARM.Collect$$$$00000008)
    _main_cpp_init                           0x080000fd   Thumb Code     0  entry8b.o(.ARM.Collect$$$$0000000A)
    _main_init                               0x080000fd   Thumb Code     0  entry9a.o(.ARM.Collect$$$$0000000B)
    __rt_final_cpp                           0x08000105   Thumb Code     0  entry10a.o(.ARM.Collect$$$$0000000D)
    __rt_final_exit                          0x08000105   Thumb Code     0  entry11a.o(.ARM.Collect$$$$0000000F)
    Reset_Handler                            0x08000109   Thumb Code     8  startup_stm32l151xb.o(.text)
    HardFault_Handler                        0x08000113   Thumb Code     2  startup_stm32l151xb.o(.text)
    SVC_Handler                              0x0800011b   Thumb Code     2  startup_stm32l151xb.o(.text)
    PendSV_Handler                           0x0800011f   Thumb Code     2  startup_stm32l151xb.o(.text)
    ADC1_IRQHandler                          0x08000123   Thumb Code     0  startup_stm32l151xb.o(.text)
    COMP_IRQHandler                          0x08000123   Thumb Code     0  startup_stm32l151xb.o(.text)
    DAC_IRQHandler                           0x08000123   Thumb Code     0  startup_stm32l151xb.o(.text)
    DMA1_Channel1_IRQHandler                 0x08000123   Thumb Code     0  startup_stm32l151xb.o(.text)
    DMA1_Channel2_IRQHandler                 0x08000123   Thumb Code     0  startup_stm32l151xb.o(.text)
    DMA1_Channel3_IRQHandler                 0x08000123   Thumb Code     0  startup_stm32l151xb.o(.text)
    DMA1_Channel4_IRQHandler                 0x08000123   Thumb Code     0  startup_stm32l151xb.o(.text)
    DMA1_Channel5_IRQHandler                 0x08000123   Thumb Code     0  startup_stm32l151xb.o(.text)
    DMA1_Channel6_IRQHandler                 0x08000123   Thumb Code     0  startup_stm32l151xb.o(.text)
    DMA1_Channel7_IRQHandler                 0x08000123   Thumb Code     0  startup_stm32l151xb.o(.text)
    FLASH_IRQHandler                         0x08000123   Thumb Code     0  startup_stm32l151xb.o(.text)
    I2C1_ER_IRQHandler                       0x08000123   Thumb Code     0  startup_stm32l151xb.o(.text)
    I2C1_EV_IRQHandler                       0x08000123   Thumb Code     0  startup_stm32l151xb.o(.text)
    I2C2_ER_IRQHandler                       0x08000123   Thumb Code     0  startup_stm32l151xb.o(.text)
    I2C2_EV_IRQHandler                       0x08000123   Thumb Code     0  startup_stm32l151xb.o(.text)
    PVD_IRQHandler                           0x08000123   Thumb Code     0  startup_stm32l151xb.o(.text)
    RCC_IRQHandler                           0x08000123   Thumb Code     0  startup_stm32l151xb.o(.text)
    RTC_WKUP_IRQHandler                      0x08000123   Thumb Code     0  startup_stm32l151xb.o(.text)
    SPI1_IRQHandler                          0x08000123   Thumb Code     0  startup_stm32l151xb.o(.text)
    SPI2_IRQHandler                          0x08000123   Thumb Code     0  startup_stm32l151xb.o(.text)
    TAMPER_STAMP_IRQHandler                  0x08000123   Thumb Code     0  startup_stm32l151xb.o(.text)
    TIM10_IRQHandler                         0x08000123   Thumb Code     0  startup_stm32l151xb.o(.text)
    TIM11_IRQHandler                         0x08000123   Thumb Code     0  startup_stm32l151xb.o(.text)
    TIM6_IRQHandler                          0x08000123   Thumb Code     0  startup_stm32l151xb.o(.text)
    TIM7_IRQHandler                          0x08000123   Thumb Code     0  startup_stm32l151xb.o(.text)
    TIM9_IRQHandler                          0x08000123   Thumb Code     0  startup_stm32l151xb.o(.text)
    USART2_IRQHandler                        0x08000123   Thumb Code     0  startup_stm32l151xb.o(.text)
    USART3_IRQHandler                        0x08000123   Thumb Code     0  startup_stm32l151xb.o(.text)
    USB_FS_WKUP_IRQHandler                   0x08000123   Thumb Code     0  startup_stm32l151xb.o(.text)
    USB_HP_IRQHandler                        0x08000123   Thumb Code     0  startup_stm32l151xb.o(.text)
    USB_LP_IRQHandler                        0x08000123   Thumb Code     0  startup_stm32l151xb.o(.text)
    WWDG_IRQHandler                          0x08000123   Thumb Code     0  startup_stm32l151xb.o(.text)
    __aeabi_memcpy                           0x0800012d   Thumb Code    36  memcpya.o(.text)
    __aeabi_memcpy4                          0x0800012d   Thumb Code     0  memcpya.o(.text)
    __aeabi_memcpy8                          0x0800012d   Thumb Code     0  memcpya.o(.text)
    __aeabi_memset                           0x08000151   Thumb Code    14  memseta.o(.text)
    __aeabi_memset4                          0x08000151   Thumb Code     0  memseta.o(.text)
    __aeabi_memset8                          0x08000151   Thumb Code     0  memseta.o(.text)
    __aeabi_memclr                           0x0800015f   Thumb Code     4  memseta.o(.text)
    __aeabi_memclr4                          0x0800015f   Thumb Code     0  memseta.o(.text)
    __aeabi_memclr8                          0x0800015f   Thumb Code     0  memseta.o(.text)
    _memset$wrapper                          0x08000163   Thumb Code    18  memseta.o(.text)
    __aeabi_fadd                             0x08000175   Thumb Code   164  fadd.o(.text)
    __aeabi_fsub                             0x08000219   Thumb Code     6  fadd.o(.text)
    __aeabi_frsub                            0x0800021f   Thumb Code     6  fadd.o(.text)
    __aeabi_fdiv                             0x08000225   Thumb Code   124  fdiv.o(.text)
    __aeabi_dadd                             0x080002a1   Thumb Code   322  dadd.o(.text)
    __aeabi_dsub                             0x080003e3   Thumb Code     6  dadd.o(.text)
    __aeabi_drsub                            0x080003e9   Thumb Code     6  dadd.o(.text)
    __aeabi_dmul                             0x080003ef   Thumb Code   228  dmul.o(.text)
    __aeabi_ddiv                             0x080004d3   Thumb Code   222  ddiv.o(.text)
    __ARM_scalbn                             0x080005b1   Thumb Code    46  dscalb.o(.text)
    scalbn                                   0x080005b1   Thumb Code     0  dscalb.o(.text)
    __aeabi_i2d                              0x080005df   Thumb Code    34  dflti.o(.text)
    __aeabi_ui2d                             0x08000601   Thumb Code    26  dfltui.o(.text)
    __aeabi_f2iz                             0x0800061b   Thumb Code    50  ffixi.o(.text)
    __aeabi_d2iz                             0x0800064d   Thumb Code    62  dfixi.o(.text)
    __aeabi_d2uiz                            0x0800068b   Thumb Code    50  dfixui.o(.text)
    __aeabi_f2d                              0x080006bd   Thumb Code    38  f2d.o(.text)
    __aeabi_cdcmpeq                          0x080006e5   Thumb Code     0  cdcmple.o(.text)
    __aeabi_cdcmple                          0x080006e5   Thumb Code    48  cdcmple.o(.text)
    __aeabi_cdrcmple                         0x08000715   Thumb Code    48  cdrcmple.o(.text)
    __aeabi_d2f                              0x08000745   Thumb Code    56  d2f.o(.text)
    __aeabi_uidiv                            0x0800077d   Thumb Code     0  uidiv.o(.text)
    __aeabi_uidivmod                         0x0800077d   Thumb Code    44  uidiv.o(.text)
    __aeabi_llsl                             0x080007a9   Thumb Code    30  llshl.o(.text)
    _ll_shift_l                              0x080007a9   Thumb Code     0  llshl.o(.text)
    __aeabi_llsr                             0x080007c7   Thumb Code    32  llushr.o(.text)
    _ll_ushift_r                             0x080007c7   Thumb Code     0  llushr.o(.text)
    __aeabi_lasr                             0x080007e7   Thumb Code    36  llsshr.o(.text)
    _ll_sshift_r                             0x080007e7   Thumb Code     0  llsshr.o(.text)
    __I$use$fp                               0x0800080b   Thumb Code     0  iusefp.o(.text)
    _float_round                             0x0800080b   Thumb Code    18  fepilogue.o(.text)
    _float_epilogue                          0x0800081d   Thumb Code    92  fepilogue.o(.text)
    _double_round                            0x08000879   Thumb Code    30  depilogue.o(.text)
    _double_epilogue                         0x08000897   Thumb Code   156  depilogue.o(.text)
    _drnd                                    0x08000935   Thumb Code   132  drnd.o(.text)
    __scatterload                            0x080009bd   Thumb Code    28  init.o(.text)
    __scatterload_rt2                        0x080009bd   Thumb Code     0  init.o(.text)
    _dsqrt                                   0x080009e1   Thumb Code   162  dsqrt.o(.text)
    ADCS_Init                                0x08000a85   Thumb Code    24  adc_reader.o(i.ADCS_Init)
    ADC_ConversionStop_Disable               0x08000aa1   Thumb Code    76  stm32l1xx_hal_adc.o(i.ADC_ConversionStop_Disable)
    ADC_Enable                               0x08000aed   Thumb Code   108  stm32l1xx_hal_adc.o(i.ADC_Enable)
    AdcInit                                  0x08000b61   Thumb Code    28  adc.o(i.AdcInit)
    AdcMcuConfig                             0x08000b81   Thumb Code    40  adc-board.o(i.AdcMcuConfig)
    AdcMcuInit                               0x08000bad   Thumb Code    60  adc-board.o(i.AdcMcuInit)
    AdcMcuReadChannel                        0x08000bf5   Thumb Code   214  adc-board.o(i.AdcMcuReadChannel)
    AdcReadCh0                               0x08000cd9   Thumb Code     6  adc_reader.o(i.AdcReadCh0)
    AdcReadChannel                           0x08000ce5   Thumb Code    14  adc.o(i.AdcReadChannel)
    AdcScanChannel                           0x08000cf9   Thumb Code    90  adc_reader.o(i.AdcScanChannel)
    BlockLowPowerDuringTask                  0x08000d61   Thumb Code    16  rtc-board.o(i.BlockLowPowerDuringTask)
    BoardDisableIrq                          0x08000d75   Thumb Code    12  board.o(i.BoardDisableIrq)
    BoardEnableIrq                           0x08000d85   Thumb Code    18  board.o(i.BoardEnableIrq)
    BoardInitMcu                             0x08000d9d   Thumb Code   112  board.o(i.BoardInitMcu)
    BoardInitPeriph                          0x08000e15   Thumb Code    90  board.o(i.BoardInitPeriph)
    BusFault_Handler                         0x08000e75   Thumb Code     2  sysirqhandlers.o(i.BusFault_Handler)
    DebugMon_Handler                         0x08000e77   Thumb Code     2  sysirqhandlers.o(i.DebugMon_Handler)
    DelayMicroSeconds                        0x08000e79   Thumb Code    20  hal_temhum.o(i.DelayMicroSeconds)
    DelayMs                                  0x08000e8d   Thumb Code     4  delay.o(i.DelayMs)
    EXTI0_IRQHandler                         0x08000e91   Thumb Code    16  gpio-board.o(i.EXTI0_IRQHandler)
    EXTI15_10_IRQHandler                     0x08000ea1   Thumb Code    58  gpio-board.o(i.EXTI15_10_IRQHandler)
    EXTI1_IRQHandler                         0x08000edb   Thumb Code    16  gpio-board.o(i.EXTI1_IRQHandler)
    EXTI2_IRQHandler                         0x08000eeb   Thumb Code    16  gpio-board.o(i.EXTI2_IRQHandler)
    EXTI3_IRQHandler                         0x08000efb   Thumb Code    16  gpio-board.o(i.EXTI3_IRQHandler)
    EXTI4_IRQHandler                         0x08000f0b   Thumb Code    16  gpio-board.o(i.EXTI4_IRQHandler)
    EXTI9_5_IRQHandler                       0x08000f1b   Thumb Code    44  gpio-board.o(i.EXTI9_5_IRQHandler)
    GpioInit                                 0x08000f75   Thumb Code    16  gpio.o(i.GpioInit)
    GpioMcuInit                              0x08000f85   Thumb Code   234  gpio-board.o(i.GpioMcuInit)
    GpioMcuSetInterrupt                      0x08001089   Thumb Code   246  gpio-board.o(i.GpioMcuSetInterrupt)
    GpioMcuWrite                             0x08001191   Thumb Code    20  gpio-board.o(i.GpioMcuWrite)
    GpioSetInterrupt                         0x080011a5   Thumb Code     4  gpio.o(i.GpioSetInterrupt)
    GpioWrite                                0x080011a9   Thumb Code     4  gpio.o(i.GpioWrite)
    HAL_ADC_ConfigChannel                    0x080011ad   Thumb Code   316  stm32l1xx_hal_adc.o(i.HAL_ADC_ConfigChannel)
    HAL_ADC_DeInit                           0x080012f5   Thumb Code   242  stm32l1xx_hal_adc.o(i.HAL_ADC_DeInit)
    HAL_ADC_GetValue                         0x080013f9   Thumb Code     6  stm32l1xx_hal_adc.o(i.HAL_ADC_GetValue)
    HAL_ADC_Init                             0x08001401   Thumb Code   390  stm32l1xx_hal_adc.o(i.HAL_ADC_Init)
    HAL_ADC_MspDeInit                        0x0800159d   Thumb Code     2  stm32l1xx_hal_adc.o(i.HAL_ADC_MspDeInit)
    HAL_ADC_MspInit                          0x0800159f   Thumb Code     2  stm32l1xx_hal_adc.o(i.HAL_ADC_MspInit)
    HAL_ADC_PollForConversion                0x080015a1   Thumb Code   166  stm32l1xx_hal_adc.o(i.HAL_ADC_PollForConversion)
    HAL_ADC_Start                            0x08001647   Thumb Code   118  stm32l1xx_hal_adc.o(i.HAL_ADC_Start)
    HAL_DBGMCU_EnableDBGSleepMode            0x080016bd   Thumb Code    12  stm32l1xx_hal.o(i.HAL_DBGMCU_EnableDBGSleepMode)
    HAL_DBGMCU_EnableDBGStandbyMode          0x080016cd   Thumb Code    12  stm32l1xx_hal.o(i.HAL_DBGMCU_EnableDBGStandbyMode)
    HAL_DBGMCU_EnableDBGStopMode             0x080016dd   Thumb Code    12  stm32l1xx_hal.o(i.HAL_DBGMCU_EnableDBGStopMode)
    HAL_Delay                                0x080016ed   Thumb Code    22  stm32l1xx_hal.o(i.HAL_Delay)
    HAL_GPIO_EXTI_Callback                   0x08001705   Thumb Code    30  gpio-board.o(i.HAL_GPIO_EXTI_Callback)
    HAL_GPIO_EXTI_IRQHandler                 0x08001729   Thumb Code    18  stm32l1xx_hal_gpio.o(i.HAL_GPIO_EXTI_IRQHandler)
    HAL_GPIO_Init                            0x08001741   Thumb Code   364  stm32l1xx_hal_gpio.o(i.HAL_GPIO_Init)
    HAL_GPIO_ReadPin                         0x080018cd   Thumb Code    10  stm32l1xx_hal_gpio.o(i.HAL_GPIO_ReadPin)
    HAL_GPIO_WritePin                        0x080018d7   Thumb Code    10  stm32l1xx_hal_gpio.o(i.HAL_GPIO_WritePin)
    HAL_GetTick                              0x080018e1   Thumb Code     6  stm32l1xx_hal.o(i.HAL_GetTick)
    HAL_IncTick                              0x080018ed   Thumb Code    10  stm32l1xx_hal.o(i.HAL_IncTick)
    HAL_Init                                 0x080018fd   Thumb Code    22  stm32l1xx_hal.o(i.HAL_Init)
    HAL_InitTick                             0x08001915   Thumb Code    34  stm32l1xx_hal.o(i.HAL_InitTick)
    HAL_MspInit                              0x0800193d   Thumb Code     2  stm32l1xx_hal.o(i.HAL_MspInit)
    HAL_NVIC_EnableIRQ                       0x0800193f   Thumb Code    22  stm32l1xx_hal_cortex.o(i.HAL_NVIC_EnableIRQ)
    HAL_NVIC_SetPriority                     0x08001955   Thumb Code    60  stm32l1xx_hal_cortex.o(i.HAL_NVIC_SetPriority)
    HAL_NVIC_SetPriorityGrouping             0x08001995   Thumb Code    26  stm32l1xx_hal_cortex.o(i.HAL_NVIC_SetPriorityGrouping)
    HAL_PWREx_GetVoltageRange                0x080019b9   Thumb Code    10  stm32l1xx_hal_pwr_ex.o(i.HAL_PWREx_GetVoltageRange)
    HAL_RCCEx_PeriphCLKConfig                0x080019c9   Thumb Code   348  stm32l1xx_hal_rcc_ex.o(i.HAL_RCCEx_PeriphCLKConfig)
    HAL_RCC_ClockConfig                      0x08001b31   Thumb Code   450  stm32l1xx_hal_rcc.o(i.HAL_RCC_ClockConfig)
    HAL_RCC_GetHCLKFreq                      0x08001d05   Thumb Code     6  stm32l1xx_hal_rcc.o(i.HAL_RCC_GetHCLKFreq)
    HAL_RCC_GetPCLK1Freq                     0x08001d11   Thumb Code    34  stm32l1xx_hal_rcc.o(i.HAL_RCC_GetPCLK1Freq)
    HAL_RCC_GetPCLK2Freq                     0x08001d41   Thumb Code    34  stm32l1xx_hal_rcc.o(i.HAL_RCC_GetPCLK2Freq)
    HAL_RCC_GetSysClockFreq                  0x08001d71   Thumb Code   122  stm32l1xx_hal_rcc.o(i.HAL_RCC_GetSysClockFreq)
    HAL_RCC_OscConfig                        0x08001dfd   Thumb Code  1860  stm32l1xx_hal_rcc.o(i.HAL_RCC_OscConfig)
    HAL_RTCEx_AlarmBEventCallback            0x0800254d   Thumb Code     2  stm32l1xx_hal_rtc_ex.o(i.HAL_RTCEx_AlarmBEventCallback)
    HAL_RTCEx_DeactivateWakeUpTimer          0x0800254f   Thumb Code   122  stm32l1xx_hal_rtc_ex.o(i.HAL_RTCEx_DeactivateWakeUpTimer)
    HAL_RTC_AlarmAEventCallback              0x080025c9   Thumb Code     2  stm32l1xx_hal_rtc.o(i.HAL_RTC_AlarmAEventCallback)
    HAL_RTC_AlarmIRQHandler                  0x080025cd   Thumb Code    86  stm32l1xx_hal_rtc.o(i.HAL_RTC_AlarmIRQHandler)
    HAL_RTC_DeactivateAlarm                  0x08002629   Thumb Code   178  stm32l1xx_hal_rtc.o(i.HAL_RTC_DeactivateAlarm)
    HAL_RTC_GetAlarm                         0x080026db   Thumb Code   110  stm32l1xx_hal_rtc_ex.o(i.HAL_RTC_GetAlarm)
    HAL_RTC_GetDate                          0x08002749   Thumb Code    62  stm32l1xx_hal_rtc.o(i.HAL_RTC_GetDate)
    HAL_RTC_GetTime                          0x0800278d   Thumb Code    66  stm32l1xx_hal_rtc_ex.o(i.HAL_RTC_GetTime)
    HAL_RTC_Init                             0x080027d5   Thumb Code   150  stm32l1xx_hal_rtc.o(i.HAL_RTC_Init)
    HAL_RTC_MspInit                          0x08002871   Thumb Code     2  stm32l1xx_hal_rtc.o(i.HAL_RTC_MspInit)
    HAL_RTC_SetAlarm_IT                      0x08002875   Thumb Code   378  stm32l1xx_hal_rtc_ex.o(i.HAL_RTC_SetAlarm_IT)
    HAL_RTC_SetDate                          0x080029f5   Thumb Code   196  stm32l1xx_hal_rtc.o(i.HAL_RTC_SetDate)
    HAL_RTC_SetTime                          0x08002abd   Thumb Code   228  stm32l1xx_hal_rtc.o(i.HAL_RTC_SetTime)
    HAL_RTC_WaitForSynchro                   0x08002ba5   Thumb Code    54  stm32l1xx_hal_rtc_ex.o(i.HAL_RTC_WaitForSynchro)
    HAL_SPI_Init                             0x08002bdb   Thumb Code   122  stm32l1xx_hal_spi_ex.o(i.HAL_SPI_Init)
    HAL_SPI_MspInit                          0x08002c55   Thumb Code     2  stm32l1xx_hal_spi.o(i.HAL_SPI_MspInit)
    HAL_SYSTICK_CLKSourceConfig              0x08002c57   Thumb Code    24  stm32l1xx_hal_cortex.o(i.HAL_SYSTICK_CLKSourceConfig)
    HAL_SYSTICK_Callback                     0x08002c6f   Thumb Code     2  stm32l1xx_hal_cortex.o(i.HAL_SYSTICK_Callback)
    HAL_SYSTICK_Config                       0x08002c71   Thumb Code    40  stm32l1xx_hal_cortex.o(i.HAL_SYSTICK_Config)
    HAL_SYSTICK_IRQHandler                   0x08002c99   Thumb Code     8  stm32l1xx_hal_cortex.o(i.HAL_SYSTICK_IRQHandler)
    HAL_TIM_Base_Init                        0x08002ca1   Thumb Code    54  stm32l1xx_hal_tim.o(i.HAL_TIM_Base_Init)
    HAL_TIM_Base_MspInit                     0x08002cd9   Thumb Code   122  tim-board.o(i.HAL_TIM_Base_MspInit)
    HAL_TIM_Base_Start_IT                    0x08002d61   Thumb Code    24  stm32l1xx_hal_tim.o(i.HAL_TIM_Base_Start_IT)
    HAL_TIM_IC_CaptureCallback               0x08002d79   Thumb Code     2  stm32l1xx_hal_tim.o(i.HAL_TIM_IC_CaptureCallback)
    HAL_TIM_IRQHandler                       0x08002d7b   Thumb Code   294  stm32l1xx_hal_tim.o(i.HAL_TIM_IRQHandler)
    HAL_TIM_OC_DelayElapsedCallback          0x08002ea1   Thumb Code     2  stm32l1xx_hal_tim.o(i.HAL_TIM_OC_DelayElapsedCallback)
    HAL_TIM_PWM_PulseFinishedCallback        0x08002ea3   Thumb Code     2  stm32l1xx_hal_tim.o(i.HAL_TIM_PWM_PulseFinishedCallback)
    HAL_TIM_PeriodElapsedCallback            0x08002ea5   Thumb Code    40  tim-board.o(i.HAL_TIM_PeriodElapsedCallback)
    HAL_TIM_TriggerCallback                  0x08002ed9   Thumb Code     2  stm32l1xx_hal_tim.o(i.HAL_TIM_TriggerCallback)
    HAL_UART_Init                            0x08002edb   Thumb Code    94  stm32l1xx_hal_uart.o(i.HAL_UART_Init)
    HAL_UART_MspInit                         0x08002f39   Thumb Code     2  stm32l1xx_hal_uart.o(i.HAL_UART_MspInit)
    HAL_UART_Receive_IT                      0x08002f3d   Thumb Code   106  stm32l1xx_hal_uart.o(i.HAL_UART_Receive_IT)
    I2c_Init                                 0x08002fa9   Thumb Code    70  hal_temhum.o(i.I2c_Init)
    I2c_ReadByte                             0x08002ff9   Thumb Code   226  hal_temhum.o(i.I2c_ReadByte)
    I2c_SclInOutInit                         0x080030e1   Thumb Code    50  hal_temhum.o(i.I2c_SclInOutInit)
    I2c_StartCondition                       0x08003119   Thumb Code    72  hal_temhum.o(i.I2c_StartCondition)
    I2c_StopCondition                        0x08003165   Thumb Code    72  hal_temhum.o(i.I2c_StopCondition)
    I2c_WriteByte                            0x080031b1   Thumb Code   144  hal_temhum.o(i.I2c_WriteByte)
    I2c_sdaInOutInit                         0x08003245   Thumb Code    50  hal_temhum.o(i.I2c_sdaInOutInit)
    Init                                     0x0800327d   Thumb Code    30  main.o(i.Init)
    MemManage_Handler                        0x080032a1   Thumb Code     2  sysirqhandlers.o(i.MemManage_Handler)
    NMI_Handler                              0x080032a3   Thumb Code     2  sysirqhandlers.o(i.NMI_Handler)
    NS_RadioEventsInit                       0x080032a5   Thumb Code    30  ns_radio.o(i.NS_RadioEventsInit)
    NS_RadioInit                             0x080032e1   Thumb Code    38  ns_radio.o(i.NS_RadioInit)
    NS_RadioSetTxRxConfig                    0x0800330d   Thumb Code    98  ns_radio.o(i.NS_RadioSetTxRxConfig)
    OLED_Clear                               0x08003395   Thumb Code    60  hal_oled.o(i.OLED_Clear)
    OLED_Init_Inverse                        0x080033d1   Thumb Code     6  hal_oled.o(i.OLED_Init_Inverse)
    OLED_Init_Set_Inverse                    0x080033d9   Thumb Code   324  hal_oled.o(i.OLED_Init_Set_Inverse)
    OLED_Set_Pos                             0x08003521   Thumb Code    44  hal_oled.o(i.OLED_Set_Pos)
    OLED_ShowChar                            0x0800354d   Thumb Code    94  hal_oled.o(i.OLED_ShowChar)
    OLED_ShowString                          0x080035b1   Thumb Code    50  hal_oled.o(i.OLED_ShowString)
    OLED_WR_Byte                             0x080035e5   Thumb Code    98  hal_oled.o(i.OLED_WR_Byte)
    OnRxDone                                 0x0800364d   Thumb Code    56  ns_radio.o(i.OnRxDone)
    OnRxError                                0x08003691   Thumb Code    20  ns_radio.o(i.OnRxError)
    OnRxTimeout                              0x080036a9   Thumb Code    20  ns_radio.o(i.OnRxTimeout)
    OnTxDone                                 0x080036c1   Thumb Code    20  ns_radio.o(i.OnTxDone)
    OnTxTimeout                              0x080036d9   Thumb Code    20  ns_radio.o(i.OnTxTimeout)
    RTC_Alarm_IRQHandler                     0x0800378d   Thumb Code    40  rtc-board.o(i.RTC_Alarm_IRQHandler)
    RTC_Bcd2ToByte                           0x080037b9   Thumb Code    18  stm32l1xx_hal_rtc.o(i.RTC_Bcd2ToByte)
    RTC_ByteToBcd2                           0x080037cb   Thumb Code    22  stm32l1xx_hal_rtc.o(i.RTC_ByteToBcd2)
    RTC_EnterInitMode                        0x080037e1   Thumb Code    58  stm32l1xx_hal_rtc.o(i.RTC_EnterInitMode)
    ReadRadioRxBuffer                        0x0800381d   Thumb Code    32  ns_radio.o(i.ReadRadioRxBuffer)
    RtcGetAdjustedTimeoutValue               0x08003be9   Thumb Code    44  rtc-board.o(i.RtcGetAdjustedTimeoutValue)
    RtcGetElapsedAlarmTime                   0x08003c71   Thumb Code    30  rtc-board.o(i.RtcGetElapsedAlarmTime)
    RtcInit                                  0x08003c95   Thumb Code   128  rtc-board.o(i.RtcInit)
    RtcRecoverMcuStatus                      0x08003d25   Thumb Code    52  rtc-board.o(i.RtcRecoverMcuStatus)
    RtcSetTimeout                            0x08003d65   Thumb Code     4  rtc-board.o(i.RtcSetTimeout)
    SHT1X_Init                               0x08003e91   Thumb Code    26  hal_temhum.o(i.SHT1X_Init)
    SHT3X_Init                               0x08003ee1   Thumb Code    32  hal_temhum.o(i.SHT3X_Init)
    SHT3X_SoftReset                          0x08003f4f   Thumb Code    36  hal_temhum.o(i.SHT3X_SoftReset)
    SHT3x_ReadSerialNumber                   0x08003fc7   Thumb Code    78  hal_temhum.o(i.SHT3x_ReadSerialNumber)
    SHTXX_Init                               0x08004015   Thumb Code    24  hal_temhum.o(i.SHTXX_Init)
    SX1276CheckRfFrequency                   0x08004031   Thumb Code     4  sx1276-board.o(i.SX1276CheckRfFrequency)
    SX1276GetPaSelect                        0x08004035   Thumb Code    14  sx1276-board.o(i.SX1276GetPaSelect)
    SX1276GetStatus                          0x08004049   Thumb Code     8  sx1276.o(i.SX1276GetStatus)
    SX1276GetTimeOnAir                       0x08004055   Thumb Code   462  sx1276.o(i.SX1276GetTimeOnAir)
    SX1276Init                               0x0800424d   Thumb Code   104  sx1276.o(i.SX1276Init)
    SX1276IoInit                             0x080042c9   Thumb Code    60  sx1276-board.o(i.SX1276IoInit)
    SX1276IoIrqInit                          0x08004309   Thumb Code    34  sx1276-board.o(i.SX1276IoIrqInit)
    SX1276IsChannelFree                      0x08004331   Thumb Code    54  sx1276.o(i.SX1276IsChannelFree)
    SX1276OnDio0Irq                          0x08004369   Thumb Code   580  sx1276.o(i.SX1276OnDio0Irq)
    SX1276OnDio1Irq                          0x080045c1   Thumb Code   208  sx1276.o(i.SX1276OnDio1Irq)
    SX1276OnTimeoutIrq                       0x0800469d   Thumb Code   210  sx1276.o(i.SX1276OnTimeoutIrq)
    SX1276Random                             0x08004781   Thumb Code    62  sx1276.o(i.SX1276Random)
    SX1276Read                               0x080047bf   Thumb Code    16  sx1276.o(i.SX1276Read)
    SX1276ReadBuffer                         0x080047d1   Thumb Code    68  sx1276.o(i.SX1276ReadBuffer)
    SX1276ReadFifo                           0x08004819   Thumb Code    10  sx1276.o(i.SX1276ReadFifo)
    SX1276ReadRssi                           0x08004825   Thumb Code    58  sx1276.o(i.SX1276ReadRssi)
    SX1276Reset                              0x08004869   Thumb Code    58  sx1276.o(i.SX1276Reset)
    SX1276Send                               0x080048a5   Thumb Code   240  sx1276.o(i.SX1276Send)
    SX1276SetAntSw                           0x0800499d   Thumb Code     2  sx1276-board.o(i.SX1276SetAntSw)
    SX1276SetAntSwLowPower                   0x080049a1   Thumb Code    12  sx1276-board.o(i.SX1276SetAntSwLowPower)
    SX1276SetChannel                         0x080049b1   Thumb Code    58  sx1276.o(i.SX1276SetChannel)
    SX1276SetMaxPayloadLength                0x080049f5   Thumb Code    46  sx1276.o(i.SX1276SetMaxPayloadLength)
    SX1276SetModem                           0x08004a29   Thumb Code   114  sx1276.o(i.SX1276SetModem)
    SX1276SetOpMode                          0x08004aa1   Thumb Code    48  sx1276.o(i.SX1276SetOpMode)
    SX1276SetPublicNetwork                   0x08004ad1   Thumb Code    34  sx1276.o(i.SX1276SetPublicNetwork)
    SX1276SetRfTxPower                       0x08004af9   Thumb Code   158  sx1276-board.o(i.SX1276SetRfTxPower)
    SX1276SetRx                              0x08004b9d   Thumb Code   534  sx1276.o(i.SX1276SetRx)
    SX1276SetRxConfig                        0x08004dd9   Thumb Code   640  sx1276.o(i.SX1276SetRxConfig)
    SX1276SetSleep                           0x0800506d   Thumb Code    32  sx1276.o(i.SX1276SetSleep)
    SX1276SetStby                            0x08005095   Thumb Code    32  sx1276.o(i.SX1276SetStby)
    SX1276SetTx                              0x080050bd   Thumb Code   156  sx1276.o(i.SX1276SetTx)
    SX1276SetTxConfig                        0x08005161   Thumb Code   506  sx1276.o(i.SX1276SetTxConfig)
    SX1276SetTxContinuousWave                0x08005369   Thumb Code   138  sx1276.o(i.SX1276SetTxContinuousWave)
    SX1276StartCad                           0x08005401   Thumb Code    58  sx1276.o(i.SX1276StartCad)
    SX1276Write                              0x08005441   Thumb Code    12  sx1276.o(i.SX1276Write)
    SX1276WriteBuffer                        0x0800544d   Thumb Code    66  sx1276.o(i.SX1276WriteBuffer)
    SX1276WriteFifo                          0x08005495   Thumb Code    10  sx1276.o(i.SX1276WriteFifo)
    Serial_DataInOutInit                     0x080054a1   Thumb Code    50  hal_temhum.o(i.Serial_DataInOutInit)
    Serial_Init                              0x080054f5   Thumb Code    70  hal_temhum.o(i.Serial_Init)
    SpiFormat                                0x08005545   Thumb Code    48  spi-board.o(i.SpiFormat)
    SpiFrequency                             0x08005575   Thumb Code    38  spi-board.o(i.SpiFrequency)
    SpiInOut                                 0x080055a1   Thumb Code    56  spi-board.o(i.SpiInOut)
    SpiInit                                  0x080055d9   Thumb Code   256  spi-board.o(i.SpiInit)
    SysTick_Handler                          0x080056e9   Thumb Code    14  board.o(i.SysTick_Handler)
    SystemInit                               0x0800585d   Thumb Code    62  system_stm32l1xx.o(i.SystemInit)
    TIM2_IRQHandler                          0x080058ad   Thumb Code     6  tim-board.o(i.TIM2_IRQHandler)
    TIM3_IRQHandler                          0x080058b9   Thumb Code     6  tim-board.o(i.TIM3_IRQHandler)
    TIM4_IRQHandler                          0x080058c5   Thumb Code     6  tim-board.o(i.TIM4_IRQHandler)
    Tim2McuInit                              0x0800593d   Thumb Code    78  tim-board.o(i.Tim2McuInit)
    Time2Handler                             0x080059c5   Thumb Code     4  timer_handles.o(i.Time2Handler)
    TimerInit                                0x080059c9   Thumb Code    14  timer.o(i.TimerInit)
    TimerIrqHandler                          0x08005a4d   Thumb Code    78  timer.o(i.TimerIrqHandler)
    TimerSetValue                            0x08005ac1   Thumb Code    16  timer.o(i.TimerSetValue)
    TimerStart                               0x08005ad1   Thumb Code    90  timer.o(i.TimerStart)
    TimerStop                                0x08005b31   Thumb Code   134  timer.o(i.TimerStop)
    USART1_GetFlagStatus                     0x08005e5d   Thumb Code    16  usart1-board.o(i.USART1_GetFlagStatus)
    USART1_IRQHandler                        0x08005e71   Thumb Code    48  usart1-board.o(i.USART1_IRQHandler)
    USART1_Init                              0x08005ea9   Thumb Code    58  usart1-board.o(i.USART1_Init)
    USART1_ReceiveClr                        0x08005ef1   Thumb Code    16  usart1-board.o(i.USART1_ReceiveClr)
    USART1_ReceiveData                       0x08005f09   Thumb Code    10  usart1-board.o(i.USART1_ReceiveData)
    USART1_SendStr                           0x08005f19   Thumb Code    44  usart1-board.o(i.USART1_SendStr)
    UartConfig                               0x08005f49   Thumb Code    26  uart.o(i.UartConfig)
    UartInit                                 0x08005f63   Thumb Code    26  uart.o(i.UartInit)
    UartMcuConfig                            0x08005f7d   Thumb Code   682  uart-board.o(i.UartMcuConfig)
    UartMcuInit                              0x0800623d   Thumb Code   180  uart-board.o(i.UartMcuInit)
    UsageFault_Handler                       0x080062f5   Thumb Code     2  sysirqhandlers.o(i.UsageFault_Handler)
    __0printf$6                              0x080062f9   Thumb Code    22  printf6.o(i.__0printf$6)
    __1printf$6                              0x080062f9   Thumb Code     0  printf6.o(i.__0printf$6)
    __2printf                                0x080062f9   Thumb Code     0  printf6.o(i.__0printf$6)
    __0sprintf$6                             0x08006319   Thumb Code    34  printf6.o(i.__0sprintf$6)
    __1sprintf$6                             0x08006319   Thumb Code     0  printf6.o(i.__0sprintf$6)
    __2sprintf                               0x08006319   Thumb Code     0  printf6.o(i.__0sprintf$6)
    __ARM_fpclassify                         0x08006341   Thumb Code    40  fpclassify.o(i.__ARM_fpclassify)
    __kernel_poly                            0x08006369   Thumb Code   170  poly.o(i.__kernel_poly)
    __mathlib_dbl_divzero                    0x08006415   Thumb Code    12  dunder.o(i.__mathlib_dbl_divzero)
    __mathlib_dbl_infnan                     0x08006425   Thumb Code     6  dunder.o(i.__mathlib_dbl_infnan)
    __mathlib_dbl_infnan2                    0x0800642b   Thumb Code     4  dunder.o(i.__mathlib_dbl_infnan2)
    __mathlib_dbl_invalid                    0x0800642f   Thumb Code    12  dunder.o(i.__mathlib_dbl_invalid)
    __mathlib_dbl_overflow                   0x0800643b   Thumb Code    14  dunder.o(i.__mathlib_dbl_overflow)
    __mathlib_dbl_underflow                  0x08006449   Thumb Code    10  dunder.o(i.__mathlib_dbl_underflow)
    __scatterload_copy                       0x08006459   Thumb Code    14  handlers.o(i.__scatterload_copy)
    __scatterload_null                       0x08006467   Thumb Code     2  handlers.o(i.__scatterload_null)
    __scatterload_zeroinit                   0x08006469   Thumb Code    14  handlers.o(i.__scatterload_zeroinit)
    __set_errno                              0x08006479   Thumb Code     6  errno.o(i.__set_errno)
    ceil                                     0x080067d1   Thumb Code   204  ceil.o(i.ceil)
    floor                                    0x080068ad   Thumb Code   204  floor.o(i.floor)
    fputc                                    0x08006989   Thumb Code     2  uart.o(i.fputc)
    hal_temHumInit                           0x0800698b   Thumb Code     4  hal_temhum.o(i.hal_temHumInit)
    keyScanner                               0x08006991   Thumb Code    22  key_scaner.o(i.keyScanner)
    keys_init                                0x080069ad   Thumb Code    60  hal_key.o(i.keys_init)
    log                                      0x080069f1   Thumb Code   808  log.o(i.log)
    log10                                    0x08006d4d   Thumb Code   198  log10.o(i.log10)
    main                                     0x08006e31   Thumb Code   352  main.o(i.main)
    memcpy1                                  0x08006fe1   Thumb Code    20  utilities.o(i.memcpy1)
    pow                                      0x08006ff5   Thumb Code  2512  pow.o(i.pow)
    round                                    0x080079cd   Thumb Code   136  round.o(i.round)
    s_connectionreset                        0x08007a61   Thumb Code    74  hal_temhum.o(i.s_connectionreset)
    s_softreset                              0x08007ab1   Thumb Code    16  hal_temhum.o(i.s_softreset)
    s_transstart                             0x08007ac1   Thumb Code   124  hal_temhum.o(i.s_transstart)
    s_write_byte                             0x08007b41   Thumb Code   148  hal_temhum.o(i.s_write_byte)
    scan_keys                                0x08007bd9   Thumb Code   214  hal_key.o(i.scan_keys)
    setTimer2Callback                        0x08007cbd   Thumb Code     6  tim-board.o(i.setTimer2Callback)
    sqrt                                     0x08007cc9   Thumb Code    76  sqrt.o(i.sqrt)
    Radio                                    0x08007d2c   Data          92  sx1276-board.o(.constdata)
    PLLMulTable                              0x08007d88   Data           9  system_stm32l1xx.o(.constdata)
    AHBPrescTable                            0x08007d91   Data          16  system_stm32l1xx.o(.constdata)
    APBPrescTable                            0x08007da1   Data           8  system_stm32l1xx.o(.constdata)
    RadioRegsInit                            0x0800909c   Data          48  sx1276.o(.constdata)
    FskBandwidths                            0x080090cc   Data         176  sx1276.o(.constdata)
    __mathlib_zero                           0x08009240   Data           8  qnan.o(.constdata)
    Region$$Table$$Base                      0x08009248   Number         0  anon$$obj.o(Region$$Table)
    Region$$Table$$Limit                     0x08009268   Number         0  anon$$obj.o(Region$$Table)
    light                                    0x20000000   Data           4  main.o(.data)
    light0                                   0x20000004   Data           4  main.o(.data)
    light1                                   0x20000008   Data           4  main.o(.data)
    temp                                     0x2000000c   Data           4  main.o(.data)
    hum                                      0x20000010   Data           4  main.o(.data)
    Air                                      0x20000014   Data           4  main.o(.data)
    ADC0Value                                0x20000018   Data           2  adc_reader.o(.data)
    ADC2Value                                0x2000001a   Data           2  adc_reader.o(.data)
    VoltageValue                             0x2000001c   Data           4  adc_reader.o(.data)
    VoltageValue2                            0x20000020   Data           4  adc_reader.o(.data)
    NonScheduledWakeUp                       0x20000031   Data           1  rtc-board.o(.data)
    McuWakeUpTime                            0x20000038   Data           4  rtc-board.o(.data)
    timer2Callback                           0x20000044   Data           4  tim-board.o(.data)
    timer3Callback                           0x20000048   Data           4  tim-board.o(.data)
    timer4Callback                           0x2000004c   Data           4  tim-board.o(.data)
    RxData                                   0x20000050   Data           1  uart-board.o(.data)
    Rx2Data                                  0x20000051   Data           1  uart-board.o(.data)
    Rx3Data                                  0x20000052   Data           1  uart-board.o(.data)
    F_USART1_RX_FINISH                       0x20000054   Data           1  usart1-board.o(.data)
    F_USART1_RX_RECEIVING                    0x20000055   Data           1  usart1-board.o(.data)
    USART1_RX_TIMEOUT_COUNT                  0x20000056   Data           1  usart1-board.o(.data)
    USART1_RX_COUNT                          0x20000058   Data           2  usart1-board.o(.data)
    SystemCoreClock                          0x2000005c   Data           4  system_stm32l1xx.o(.data)
    uwTick                                   0x20000060   Data           4  stm32l1xx_hal.o(.data)
    light_status                             0x20000064   Data           1  hal_key.o(.data)
    fan_status                               0x20000065   Data           1  hal_key.o(.data)
    is_key2_down                             0x20000066   Data           1  hal_key.o(.data)
    is_key3_down                             0x20000067   Data           1  hal_key.o(.data)
    is_key4_down                             0x20000068   Data           1  hal_key.o(.data)
    ShtFlag                                  0x20000072   Data           1  hal_temhum.o(.data)
    DioIrq                                   0x20000078   Data          12  sx1276.o(.data)
    HasLoopedThroughMain                     0x20000088   Data           1  timer.o(.data)
    __stdout                                 0x20000090   Data           4  uart.o(.data)
    send                                     0x20000098   Data         255  main.o(.bss)
    recv                                     0x20000197   Data         255  main.o(.bss)
    Usend                                    0x20000296   Data         255  main.o(.bss)
    ADC_0                                    0x20000398   Data          12  adc_reader.o(.bss)
    ADC_2                                    0x200003a4   Data          12  adc_reader.o(.bss)
    AdcHandle                                0x200004cc   Data          84  adc-board.o(.bss)
    Led1                                     0x20000520   Data          12  board.o(.bss)
    Led2                                     0x2000052c   Data          12  board.o(.bss)
    Key2                                     0x20000538   Data          12  board.o(.bss)
    Adc                                      0x20000544   Data          12  board.o(.bss)
    Uart1                                    0x20000550   Data          56  board.o(.bss)
    RtcHandle                                0x200005c8   Data          32  rtc-board.o(.bss)
    RtcCalendarContext                       0x200005e8   Data          20  rtc-board.o(.bss)
    Tim2Handle                               0x200005fc   Data          56  tim-board.o(.bss)
    Tim3Handle                               0x20000634   Data          56  tim-board.o(.bss)
    Tim4Handle                               0x2000066c   Data          56  tim-board.o(.bss)
    UartHandle                               0x200006a4   Data          64  uart-board.o(.bss)
    Uart2Handle                              0x200006e4   Data          64  uart-board.o(.bss)
    Uart3Handle                              0x20000724   Data          64  uart-board.o(.bss)
    USART1_RX_BUF                            0x20000764   Data         255  usart1-board.o(.bss)
    OLED_CS_PIN                              0x20000878   Data          12  hal_oled.o(.bss)
    OLED_DC_PIN                              0x20000884   Data          12  hal_oled.o(.bss)
    OLED_SCLK_PIN                            0x20000890   Data          12  hal_oled.o(.bss)
    OLED_SDIN_PIN                            0x2000089c   Data          12  hal_oled.o(.bss)
    SX1276                                   0x200009a8   Data         272  sx1276.o(.bss)
    TxTimeoutTimer                           0x20000ab8   Data          20  sx1276.o(.bss)
    RxTimeoutTimer                           0x20000acc   Data          20  sx1276.o(.bss)
    RxTimeoutSyncWord                        0x20000ae0   Data          20  sx1276.o(.bss)
    __initial_sp                             0x20000ef8   Data           0  startup_stm32l151xb.o(STACK)



==============================================================================

Memory Map of the image

  Image Entry point : 0x080000f5

  Load Region LR_IROM1 (Base: 0x08000000, Size: 0x00009300, Max: 0x00010000, ABSOLUTE)

    Execution Region ER_IROM1 (Exec base: 0x08000000, Load base: 0x08000000, Size: 0x00009268, Max: 0x00010000, ABSOLUTE)

    Exec Addr    Load Addr    Size         Type   Attr      Idx    E Section Name        Object

    0x08000000   0x08000000   0x000000f4   Data   RO         1797    RESET               startup_stm32l151xb.o
    0x080000f4   0x080000f4   0x00000000   Code   RO         6603  * .ARM.Collect$$$$00000000  mc_w.l(entry.o)
    0x080000f4   0x080000f4   0x00000004   Code   RO         6946    .ARM.Collect$$$$00000001  mc_w.l(entry2.o)
    0x080000f8   0x080000f8   0x00000004   Code   RO         6949    .ARM.Collect$$$$00000004  mc_w.l(entry5.o)
    0x080000fc   0x080000fc   0x00000000   Code   RO         6951    .ARM.Collect$$$$00000008  mc_w.l(entry7b.o)
    0x080000fc   0x080000fc   0x00000000   Code   RO         6953    .ARM.Collect$$$$0000000A  mc_w.l(entry8b.o)
    0x080000fc   0x080000fc   0x00000008   Code   RO         6954    .ARM.Collect$$$$0000000B  mc_w.l(entry9a.o)
    0x08000104   0x08000104   0x00000000   Code   RO         6956    .ARM.Collect$$$$0000000D  mc_w.l(entry10a.o)
    0x08000104   0x08000104   0x00000000   Code   RO         6958    .ARM.Collect$$$$0000000F  mc_w.l(entry11a.o)
    0x08000104   0x08000104   0x00000004   Code   RO         6947    .ARM.Collect$$$$00002712  mc_w.l(entry2.o)
    0x08000108   0x08000108   0x00000024   Code   RO         1798    .text               startup_stm32l151xb.o
    0x0800012c   0x0800012c   0x00000024   Code   RO         6606    .text               mc_w.l(memcpya.o)
    0x08000150   0x08000150   0x00000024   Code   RO         6608    .text               mc_w.l(memseta.o)
    0x08000174   0x08000174   0x000000b0   Code   RO         6873    .text               mf_w.l(fadd.o)
    0x08000224   0x08000224   0x0000007c   Code   RO         6877    .text               mf_w.l(fdiv.o)
    0x080002a0   0x080002a0   0x0000014e   Code   RO         6879    .text               mf_w.l(dadd.o)
    0x080003ee   0x080003ee   0x000000e4   Code   RO         6881    .text               mf_w.l(dmul.o)
    0x080004d2   0x080004d2   0x000000de   Code   RO         6883    .text               mf_w.l(ddiv.o)
    0x080005b0   0x080005b0   0x0000002e   Code   RO         6885    .text               mf_w.l(dscalb.o)
    0x080005de   0x080005de   0x00000022   Code   RO         6889    .text               mf_w.l(dflti.o)
    0x08000600   0x08000600   0x0000001a   Code   RO         6891    .text               mf_w.l(dfltui.o)
    0x0800061a   0x0800061a   0x00000032   Code   RO         6893    .text               mf_w.l(ffixi.o)
    0x0800064c   0x0800064c   0x0000003e   Code   RO         6897    .text               mf_w.l(dfixi.o)
    0x0800068a   0x0800068a   0x00000032   Code   RO         6899    .text               mf_w.l(dfixui.o)
    0x080006bc   0x080006bc   0x00000026   Code   RO         6901    .text               mf_w.l(f2d.o)
    0x080006e2   0x080006e2   0x00000002   PAD
    0x080006e4   0x080006e4   0x00000030   Code   RO         6903    .text               mf_w.l(cdcmple.o)
    0x08000714   0x08000714   0x00000030   Code   RO         6905    .text               mf_w.l(cdrcmple.o)
    0x08000744   0x08000744   0x00000038   Code   RO         6907    .text               mf_w.l(d2f.o)
    0x0800077c   0x0800077c   0x0000002c   Code   RO         6960    .text               mc_w.l(uidiv.o)
    0x080007a8   0x080007a8   0x0000001e   Code   RO         6964    .text               mc_w.l(llshl.o)
    0x080007c6   0x080007c6   0x00000020   Code   RO         6966    .text               mc_w.l(llushr.o)
    0x080007e6   0x080007e6   0x00000024   Code   RO         6968    .text               mc_w.l(llsshr.o)
    0x0800080a   0x0800080a   0x00000000   Code   RO         6977    .text               mc_w.l(iusefp.o)
    0x0800080a   0x0800080a   0x0000006e   Code   RO         6978    .text               mf_w.l(fepilogue.o)
    0x08000878   0x08000878   0x000000ba   Code   RO         6980    .text               mf_w.l(depilogue.o)
    0x08000932   0x08000932   0x00000002   PAD
    0x08000934   0x08000934   0x00000088   Code   RO         6982    .text               mf_w.l(drnd.o)
    0x080009bc   0x080009bc   0x00000024   Code   RO         6986    .text               mc_w.l(init.o)
    0x080009e0   0x080009e0   0x000000a2   Code   RO         6988    .text               mf_w.l(dsqrt.o)
    0x08000a82   0x08000a82   0x00000002   PAD
    0x08000a84   0x08000a84   0x0000001c   Code   RO          496    i.ADCS_Init         adc_reader.o
    0x08000aa0   0x08000aa0   0x0000004c   Code   RO         1978    i.ADC_ConversionStop_Disable  stm32l1xx_hal_adc.o
    0x08000aec   0x08000aec   0x00000074   Code   RO         1982    i.ADC_Enable        stm32l1xx_hal_adc.o
    0x08000b60   0x08000b60   0x00000020   Code   RO         6169    i.AdcInit           adc.o
    0x08000b80   0x08000b80   0x0000002c   Code   RO         1012    i.AdcMcuConfig      adc-board.o
    0x08000bac   0x08000bac   0x00000048   Code   RO         1013    i.AdcMcuInit        adc-board.o
    0x08000bf4   0x08000bf4   0x000000e4   Code   RO         1014    i.AdcMcuReadChannel  adc-board.o
    0x08000cd8   0x08000cd8   0x0000000c   Code   RO          497    i.AdcReadCh0        adc_reader.o
    0x08000ce4   0x08000ce4   0x00000014   Code   RO         6170    i.AdcReadChannel    adc.o
    0x08000cf8   0x08000cf8   0x00000068   Code   RO          499    i.AdcScanChannel    adc_reader.o
    0x08000d60   0x08000d60   0x00000014   Code   RO         1321    i.BlockLowPowerDuringTask  rtc-board.o
    0x08000d74   0x08000d74   0x00000010   Code   RO         1106    i.BoardDisableIrq   board.o
    0x08000d84   0x08000d84   0x00000018   Code   RO         1107    i.BoardEnableIrq    board.o
    0x08000d9c   0x08000d9c   0x00000078   Code   RO         1112    i.BoardInitMcu      board.o
    0x08000e14   0x08000e14   0x00000060   Code   RO         1113    i.BoardInitPeriph   board.o
    0x08000e74   0x08000e74   0x00000002   Code   RO         5233    i.BusFault_Handler  sysirqhandlers.o
    0x08000e76   0x08000e76   0x00000002   Code   RO         5234    i.DebugMon_Handler  sysirqhandlers.o
    0x08000e78   0x08000e78   0x00000014   Code   RO         5621    i.DelayMicroSeconds  hal_temhum.o
    0x08000e8c   0x08000e8c   0x00000004   Code   RO         6207    i.DelayMs           delay.o
    0x08000e90   0x08000e90   0x00000010   Code   RO         1214    i.EXTI0_IRQHandler  gpio-board.o
    0x08000ea0   0x08000ea0   0x0000003a   Code   RO         1215    i.EXTI15_10_IRQHandler  gpio-board.o
    0x08000eda   0x08000eda   0x00000010   Code   RO         1216    i.EXTI1_IRQHandler  gpio-board.o
    0x08000eea   0x08000eea   0x00000010   Code   RO         1217    i.EXTI2_IRQHandler  gpio-board.o
    0x08000efa   0x08000efa   0x00000010   Code   RO         1218    i.EXTI3_IRQHandler  gpio-board.o
    0x08000f0a   0x08000f0a   0x00000010   Code   RO         1219    i.EXTI4_IRQHandler  gpio-board.o
    0x08000f1a   0x08000f1a   0x0000002c   Code   RO         1220    i.EXTI9_5_IRQHandler  gpio-board.o
    0x08000f46   0x08000f46   0x00000002   PAD
    0x08000f48   0x08000f48   0x0000002c   Code   RO         5958    i.GetFskBandwidthRegValue  sx1276.o
    0x08000f74   0x08000f74   0x00000010   Code   RO         6283    i.GpioInit          gpio.o
    0x08000f84   0x08000f84   0x00000104   Code   RO         1221    i.GpioMcuInit       gpio-board.o
    0x08001088   0x08001088   0x00000108   Code   RO         1224    i.GpioMcuSetInterrupt  gpio-board.o
    0x08001190   0x08001190   0x00000014   Code   RO         1226    i.GpioMcuWrite      gpio-board.o
    0x080011a4   0x080011a4   0x00000004   Code   RO         6286    i.GpioSetInterrupt  gpio.o
    0x080011a8   0x080011a8   0x00000004   Code   RO         6288    i.GpioWrite         gpio.o
    0x080011ac   0x080011ac   0x00000148   Code   RO         1984    i.HAL_ADC_ConfigChannel  stm32l1xx_hal_adc.o
    0x080012f4   0x080012f4   0x00000104   Code   RO         1987    i.HAL_ADC_DeInit    stm32l1xx_hal_adc.o
    0x080013f8   0x080013f8   0x00000006   Code   RO         1991    i.HAL_ADC_GetValue  stm32l1xx_hal_adc.o
    0x080013fe   0x080013fe   0x00000002   PAD
    0x08001400   0x08001400   0x0000019c   Code   RO         1993    i.HAL_ADC_Init      stm32l1xx_hal_adc.o
    0x0800159c   0x0800159c   0x00000002   Code   RO         1995    i.HAL_ADC_MspDeInit  stm32l1xx_hal_adc.o
    0x0800159e   0x0800159e   0x00000002   Code   RO         1996    i.HAL_ADC_MspInit   stm32l1xx_hal_adc.o
    0x080015a0   0x080015a0   0x000000a6   Code   RO         1997    i.HAL_ADC_PollForConversion  stm32l1xx_hal_adc.o
    0x08001646   0x08001646   0x00000076   Code   RO         1999    i.HAL_ADC_Start     stm32l1xx_hal_adc.o
    0x080016bc   0x080016bc   0x00000010   Code   RO         1846    i.HAL_DBGMCU_EnableDBGSleepMode  stm32l1xx_hal.o
    0x080016cc   0x080016cc   0x00000010   Code   RO         1847    i.HAL_DBGMCU_EnableDBGStandbyMode  stm32l1xx_hal.o
    0x080016dc   0x080016dc   0x00000010   Code   RO         1848    i.HAL_DBGMCU_EnableDBGStopMode  stm32l1xx_hal.o
    0x080016ec   0x080016ec   0x00000016   Code   RO         1850    i.HAL_Delay         stm32l1xx_hal.o
    0x08001702   0x08001702   0x00000002   PAD
    0x08001704   0x08001704   0x00000024   Code   RO         1227    i.HAL_GPIO_EXTI_Callback  gpio-board.o
    0x08001728   0x08001728   0x00000018   Code   RO         2708    i.HAL_GPIO_EXTI_IRQHandler  stm32l1xx_hal_gpio.o
    0x08001740   0x08001740   0x0000018c   Code   RO         2709    i.HAL_GPIO_Init     stm32l1xx_hal_gpio.o
    0x080018cc   0x080018cc   0x0000000a   Code   RO         2711    i.HAL_GPIO_ReadPin  stm32l1xx_hal_gpio.o
    0x080018d6   0x080018d6   0x0000000a   Code   RO         2713    i.HAL_GPIO_WritePin  stm32l1xx_hal_gpio.o
    0x080018e0   0x080018e0   0x0000000c   Code   RO         1854    i.HAL_GetTick       stm32l1xx_hal.o
    0x080018ec   0x080018ec   0x00000010   Code   RO         1855    i.HAL_IncTick       stm32l1xx_hal.o
    0x080018fc   0x080018fc   0x00000016   Code   RO         1856    i.HAL_Init          stm32l1xx_hal.o
    0x08001912   0x08001912   0x00000002   PAD
    0x08001914   0x08001914   0x00000028   Code   RO         1857    i.HAL_InitTick      stm32l1xx_hal.o
    0x0800193c   0x0800193c   0x00000002   Code   RO         1859    i.HAL_MspInit       stm32l1xx_hal.o
    0x0800193e   0x0800193e   0x00000016   Code   RO         2224    i.HAL_NVIC_EnableIRQ  stm32l1xx_hal_cortex.o
    0x08001954   0x08001954   0x00000040   Code   RO         2230    i.HAL_NVIC_SetPriority  stm32l1xx_hal_cortex.o
    0x08001994   0x08001994   0x00000024   Code   RO         2231    i.HAL_NVIC_SetPriorityGrouping  stm32l1xx_hal_cortex.o
    0x080019b8   0x080019b8   0x00000010   Code   RO         3326    i.HAL_PWREx_GetVoltageRange  stm32l1xx_hal_pwr_ex.o
    0x080019c8   0x080019c8   0x00000168   Code   RO         3489    i.HAL_RCCEx_PeriphCLKConfig  stm32l1xx_hal_rcc_ex.o
    0x08001b30   0x08001b30   0x000001d4   Code   RO         3381    i.HAL_RCC_ClockConfig  stm32l1xx_hal_rcc.o
    0x08001d04   0x08001d04   0x0000000c   Code   RO         3386    i.HAL_RCC_GetHCLKFreq  stm32l1xx_hal_rcc.o
    0x08001d10   0x08001d10   0x00000030   Code   RO         3388    i.HAL_RCC_GetPCLK1Freq  stm32l1xx_hal_rcc.o
    0x08001d40   0x08001d40   0x00000030   Code   RO         3389    i.HAL_RCC_GetPCLK2Freq  stm32l1xx_hal_rcc.o
    0x08001d70   0x08001d70   0x0000008c   Code   RO         3390    i.HAL_RCC_GetSysClockFreq  stm32l1xx_hal_rcc.o
    0x08001dfc   0x08001dfc   0x00000750   Code   RO         3393    i.HAL_RCC_OscConfig  stm32l1xx_hal_rcc.o
    0x0800254c   0x0800254c   0x00000002   Code   RO         3630    i.HAL_RTCEx_AlarmBEventCallback  stm32l1xx_hal_rtc_ex.o
    0x0800254e   0x0800254e   0x0000007a   Code   RO         3638    i.HAL_RTCEx_DeactivateWakeUpTimer  stm32l1xx_hal_rtc_ex.o
    0x080025c8   0x080025c8   0x00000002   Code   RO         3523    i.HAL_RTC_AlarmAEventCallback  stm32l1xx_hal_rtc.o
    0x080025ca   0x080025ca   0x00000002   PAD
    0x080025cc   0x080025cc   0x0000005c   Code   RO         3524    i.HAL_RTC_AlarmIRQHandler  stm32l1xx_hal_rtc.o
    0x08002628   0x08002628   0x000000b2   Code   RO         3526    i.HAL_RTC_DeactivateAlarm  stm32l1xx_hal_rtc.o
    0x080026da   0x080026da   0x0000006e   Code   RO         3660    i.HAL_RTC_GetAlarm  stm32l1xx_hal_rtc_ex.o
    0x08002748   0x08002748   0x00000044   Code   RO         3527    i.HAL_RTC_GetDate   stm32l1xx_hal_rtc.o
    0x0800278c   0x0800278c   0x00000048   Code   RO         3661    i.HAL_RTC_GetTime   stm32l1xx_hal_rtc_ex.o
    0x080027d4   0x080027d4   0x0000009c   Code   RO         3529    i.HAL_RTC_Init      stm32l1xx_hal_rtc.o
    0x08002870   0x08002870   0x00000002   Code   RO         3531    i.HAL_RTC_MspInit   stm32l1xx_hal_rtc.o
    0x08002872   0x08002872   0x00000002   PAD
    0x08002874   0x08002874   0x00000180   Code   RO         3663    i.HAL_RTC_SetAlarm_IT  stm32l1xx_hal_rtc_ex.o
    0x080029f4   0x080029f4   0x000000c8   Code   RO         3533    i.HAL_RTC_SetDate   stm32l1xx_hal_rtc.o
    0x08002abc   0x08002abc   0x000000e8   Code   RO         3534    i.HAL_RTC_SetTime   stm32l1xx_hal_rtc.o
    0x08002ba4   0x08002ba4   0x00000036   Code   RO         3664    i.HAL_RTC_WaitForSynchro  stm32l1xx_hal_rtc_ex.o
    0x08002bda   0x08002bda   0x0000007a   Code   RO         4097    i.HAL_SPI_Init      stm32l1xx_hal_spi_ex.o
    0x08002c54   0x08002c54   0x00000002   Code   RO         3868    i.HAL_SPI_MspInit   stm32l1xx_hal_spi.o
    0x08002c56   0x08002c56   0x00000018   Code   RO         2233    i.HAL_SYSTICK_CLKSourceConfig  stm32l1xx_hal_cortex.o
    0x08002c6e   0x08002c6e   0x00000002   Code   RO         2234    i.HAL_SYSTICK_Callback  stm32l1xx_hal_cortex.o
    0x08002c70   0x08002c70   0x00000028   Code   RO         2235    i.HAL_SYSTICK_Config  stm32l1xx_hal_cortex.o
    0x08002c98   0x08002c98   0x00000008   Code   RO         2236    i.HAL_SYSTICK_IRQHandler  stm32l1xx_hal_cortex.o
    0x08002ca0   0x08002ca0   0x00000036   Code   RO         4123    i.HAL_TIM_Base_Init  stm32l1xx_hal_tim.o
    0x08002cd6   0x08002cd6   0x00000002   PAD
    0x08002cd8   0x08002cd8   0x00000088   Code   RO         1580    i.HAL_TIM_Base_MspInit  tim-board.o
    0x08002d60   0x08002d60   0x00000018   Code   RO         4128    i.HAL_TIM_Base_Start_IT  stm32l1xx_hal_tim.o
    0x08002d78   0x08002d78   0x00000002   Code   RO         4152    i.HAL_TIM_IC_CaptureCallback  stm32l1xx_hal_tim.o
    0x08002d7a   0x08002d7a   0x00000126   Code   RO         4165    i.HAL_TIM_IRQHandler  stm32l1xx_hal_tim.o
    0x08002ea0   0x08002ea0   0x00000002   Code   RO         4168    i.HAL_TIM_OC_DelayElapsedCallback  stm32l1xx_hal_tim.o
    0x08002ea2   0x08002ea2   0x00000002   Code   RO         4195    i.HAL_TIM_PWM_PulseFinishedCallback  stm32l1xx_hal_tim.o
    0x08002ea4   0x08002ea4   0x00000034   Code   RO         1581    i.HAL_TIM_PeriodElapsedCallback  tim-board.o
    0x08002ed8   0x08002ed8   0x00000002   Code   RO         4206    i.HAL_TIM_TriggerCallback  stm32l1xx_hal_tim.o
    0x08002eda   0x08002eda   0x0000005e   Code   RO         4794    i.HAL_UART_Init     stm32l1xx_hal_uart.o
    0x08002f38   0x08002f38   0x00000002   Code   RO         4796    i.HAL_UART_MspInit  stm32l1xx_hal_uart.o
    0x08002f3a   0x08002f3a   0x00000002   PAD
    0x08002f3c   0x08002f3c   0x0000006a   Code   RO         4799    i.HAL_UART_Receive_IT  stm32l1xx_hal_uart.o
    0x08002fa6   0x08002fa6   0x00000002   PAD
    0x08002fa8   0x08002fa8   0x00000050   Code   RO         5623    i.I2c_Init          hal_temhum.o
    0x08002ff8   0x08002ff8   0x000000e8   Code   RO         5624    i.I2c_ReadByte      hal_temhum.o
    0x080030e0   0x080030e0   0x00000038   Code   RO         5625    i.I2c_SclInOutInit  hal_temhum.o
    0x08003118   0x08003118   0x0000004c   Code   RO         5626    i.I2c_StartCondition  hal_temhum.o
    0x08003164   0x08003164   0x0000004c   Code   RO         5627    i.I2c_StopCondition  hal_temhum.o
    0x080031b0   0x080031b0   0x00000094   Code   RO         5628    i.I2c_WriteByte     hal_temhum.o
    0x08003244   0x08003244   0x00000038   Code   RO         5629    i.I2c_sdaInOutInit  hal_temhum.o
    0x0800327c   0x0800327c   0x00000024   Code   RO            4    i.Init              main.o
    0x080032a0   0x080032a0   0x00000002   Code   RO         5235    i.MemManage_Handler  sysirqhandlers.o
    0x080032a2   0x080032a2   0x00000002   Code   RO         5236    i.NMI_Handler       sysirqhandlers.o
    0x080032a4   0x080032a4   0x0000003c   Code   RO          712    i.NS_RadioEventsInit  ns_radio.o
    0x080032e0   0x080032e0   0x0000002c   Code   RO          713    i.NS_RadioInit      ns_radio.o
    0x0800330c   0x0800330c   0x00000068   Code   RO          714    i.NS_RadioSetTxRxConfig  ns_radio.o
    0x08003374   0x08003374   0x00000020   Code   RO         2237    i.NVIC_SetPriority  stm32l1xx_hal_cortex.o
    0x08003394   0x08003394   0x0000003c   Code   RO         5436    i.OLED_Clear        hal_oled.o
    0x080033d0   0x080033d0   0x00000006   Code   RO         5444    i.OLED_Init_Inverse  hal_oled.o
    0x080033d6   0x080033d6   0x00000002   PAD
    0x080033d8   0x080033d8   0x00000148   Code   RO         5445    i.OLED_Init_Set_Inverse  hal_oled.o
    0x08003520   0x08003520   0x0000002c   Code   RO         5446    i.OLED_Set_Pos      hal_oled.o
    0x0800354c   0x0800354c   0x00000064   Code   RO         5449    i.OLED_ShowChar     hal_oled.o
    0x080035b0   0x080035b0   0x00000032   Code   RO         5452    i.OLED_ShowString   hal_oled.o
    0x080035e2   0x080035e2   0x00000002   PAD
    0x080035e4   0x080035e4   0x00000068   Code   RO         5453    i.OLED_WR_Byte      hal_oled.o
    0x0800364c   0x0800364c   0x00000044   Code   RO          715    i.OnRxDone          ns_radio.o
    0x08003690   0x08003690   0x00000018   Code   RO          716    i.OnRxError         ns_radio.o
    0x080036a8   0x080036a8   0x00000018   Code   RO          717    i.OnRxTimeout       ns_radio.o
    0x080036c0   0x080036c0   0x00000018   Code   RO          718    i.OnTxDone          ns_radio.o
    0x080036d8   0x080036d8   0x00000018   Code   RO          719    i.OnTxTimeout       ns_radio.o
    0x080036f0   0x080036f0   0x00000024   Code   RO         1712    i.OnUsart1TimerEvent  usart1-board.o
    0x08003714   0x08003714   0x00000078   Code   RO         3394    i.RCC_SetFlashLatencyFromMSIRange  stm32l1xx_hal_rcc.o
    0x0800378c   0x0800378c   0x0000002c   Code   RO         1322    i.RTC_Alarm_IRQHandler  rtc-board.o
    0x080037b8   0x080037b8   0x00000012   Code   RO         3535    i.RTC_Bcd2ToByte    stm32l1xx_hal_rtc.o
    0x080037ca   0x080037ca   0x00000016   Code   RO         3536    i.RTC_ByteToBcd2    stm32l1xx_hal_rtc.o
    0x080037e0   0x080037e0   0x0000003a   Code   RO         3537    i.RTC_EnterInitMode  stm32l1xx_hal_rtc.o
    0x0800381a   0x0800381a   0x00000002   PAD
    0x0800381c   0x0800381c   0x00000028   Code   RO          721    i.ReadRadioRxBuffer  ns_radio.o
    0x08003844   0x08003844   0x000001e0   Code   RO         1325    i.RtcComputeTimerTimeToAlarmTick  rtc-board.o
    0x08003a24   0x08003a24   0x00000098   Code   RO         1326    i.RtcComputeWakeUpTime  rtc-board.o
    0x08003abc   0x08003abc   0x0000012c   Code   RO         1327    i.RtcConvertCalendarTickToTimerTime  rtc-board.o
    0x08003be8   0x08003be8   0x00000030   Code   RO         1330    i.RtcGetAdjustedTimeoutValue  rtc-board.o
    0x08003c18   0x08003c18   0x00000058   Code   RO         1331    i.RtcGetCalendar    rtc-board.o
    0x08003c70   0x08003c70   0x00000024   Code   RO         1332    i.RtcGetElapsedAlarmTime  rtc-board.o
    0x08003c94   0x08003c94   0x00000090   Code   RO         1334    i.RtcInit           rtc-board.o
    0x08003d24   0x08003d24   0x00000040   Code   RO         1335    i.RtcRecoverMcuStatus  rtc-board.o
    0x08003d64   0x08003d64   0x00000004   Code   RO         1336    i.RtcSetTimeout     rtc-board.o
    0x08003d68   0x08003d68   0x00000094   Code   RO         1337    i.RtcStartWakeUpAlarm  rtc-board.o
    0x08003dfc   0x08003dfc   0x00000094   Code   RO         5959    i.RxChainCalibration  sx1276.o
    0x08003e90   0x08003e90   0x0000001a   Code   RO         5630    i.SHT1X_Init        hal_temhum.o
    0x08003eaa   0x08003eaa   0x00000034   Code   RO         5631    i.SHT3X_CalcCrc     hal_temhum.o
    0x08003ede   0x08003ede   0x00000002   PAD
    0x08003ee0   0x08003ee0   0x00000024   Code   RO         5642    i.SHT3X_Init        hal_temhum.o
    0x08003f04   0x08003f04   0x0000004a   Code   RO         5643    i.SHT3X_Read2BytesAndCrc  hal_temhum.o
    0x08003f4e   0x08003f4e   0x00000024   Code   RO         5650    i.SHT3X_SoftReset   hal_temhum.o
    0x08003f72   0x08003f72   0x00000002   PAD
    0x08003f74   0x08003f74   0x00000020   Code   RO         5652    i.SHT3X_StartReadAccess  hal_temhum.o
    0x08003f94   0x08003f94   0x0000001c   Code   RO         5653    i.SHT3X_StartWriteAccess  hal_temhum.o
    0x08003fb0   0x08003fb0   0x00000016   Code   RO         5655    i.SHT3X_WriteCommand  hal_temhum.o
    0x08003fc6   0x08003fc6   0x0000004e   Code   RO         5656    i.SHT3x_ReadSerialNumber  hal_temhum.o
    0x08004014   0x08004014   0x0000001c   Code   RO         5657    i.SHTXX_Init        hal_temhum.o
    0x08004030   0x08004030   0x00000004   Code   RO         1490    i.SX1276CheckRfFrequency  sx1276-board.o
    0x08004034   0x08004034   0x00000014   Code   RO         1491    i.SX1276GetPaSelect  sx1276-board.o
    0x08004048   0x08004048   0x0000000c   Code   RO         5960    i.SX1276GetStatus   sx1276.o
    0x08004054   0x08004054   0x000001f8   Code   RO         5961    i.SX1276GetTimeOnAir  sx1276.o
    0x0800424c   0x0800424c   0x0000007c   Code   RO         5962    i.SX1276Init        sx1276.o
    0x080042c8   0x080042c8   0x00000040   Code   RO         1493    i.SX1276IoInit      sx1276-board.o
    0x08004308   0x08004308   0x00000028   Code   RO         1494    i.SX1276IoIrqInit   sx1276-board.o
    0x08004330   0x08004330   0x00000036   Code   RO         5963    i.SX1276IsChannelFree  sx1276.o
    0x08004366   0x08004366   0x00000002   PAD
    0x08004368   0x08004368   0x00000258   Code   RO         5964    i.SX1276OnDio0Irq   sx1276.o
    0x080045c0   0x080045c0   0x000000dc   Code   RO         5965    i.SX1276OnDio1Irq   sx1276.o
    0x0800469c   0x0800469c   0x000000e4   Code   RO         5966    i.SX1276OnTimeoutIrq  sx1276.o
    0x08004780   0x08004780   0x0000003e   Code   RO         5967    i.SX1276Random      sx1276.o
    0x080047be   0x080047be   0x00000010   Code   RO         5968    i.SX1276Read        sx1276.o
    0x080047ce   0x080047ce   0x00000002   PAD
    0x080047d0   0x080047d0   0x00000048   Code   RO         5969    i.SX1276ReadBuffer  sx1276.o
    0x08004818   0x08004818   0x0000000a   Code   RO         5970    i.SX1276ReadFifo    sx1276.o
    0x08004822   0x08004822   0x00000002   PAD
    0x08004824   0x08004824   0x00000044   Code   RO         5971    i.SX1276ReadRssi    sx1276.o
    0x08004868   0x08004868   0x0000003a   Code   RO         5972    i.SX1276Reset       sx1276.o
    0x080048a2   0x080048a2   0x00000002   PAD
    0x080048a4   0x080048a4   0x000000f8   Code   RO         5973    i.SX1276Send        sx1276.o
    0x0800499c   0x0800499c   0x00000002   Code   RO         1495    i.SX1276SetAntSw    sx1276-board.o
    0x0800499e   0x0800499e   0x00000002   PAD
    0x080049a0   0x080049a0   0x00000010   Code   RO         1496    i.SX1276SetAntSwLowPower  sx1276-board.o
    0x080049b0   0x080049b0   0x00000044   Code   RO         5974    i.SX1276SetChannel  sx1276.o
    0x080049f4   0x080049f4   0x00000034   Code   RO         5975    i.SX1276SetMaxPayloadLength  sx1276.o
    0x08004a28   0x08004a28   0x00000078   Code   RO         5976    i.SX1276SetModem    sx1276.o
    0x08004aa0   0x08004aa0   0x00000030   Code   RO         5977    i.SX1276SetOpMode   sx1276.o
    0x08004ad0   0x08004ad0   0x00000028   Code   RO         5978    i.SX1276SetPublicNetwork  sx1276.o
    0x08004af8   0x08004af8   0x000000a4   Code   RO         1497    i.SX1276SetRfTxPower  sx1276-board.o
    0x08004b9c   0x08004b9c   0x0000023c   Code   RO         5979    i.SX1276SetRx       sx1276.o
    0x08004dd8   0x08004dd8   0x00000294   Code   RO         5980    i.SX1276SetRxConfig  sx1276.o
    0x0800506c   0x0800506c   0x00000028   Code   RO         5981    i.SX1276SetSleep    sx1276.o
    0x08005094   0x08005094   0x00000028   Code   RO         5982    i.SX1276SetStby     sx1276.o
    0x080050bc   0x080050bc   0x000000a4   Code   RO         5983    i.SX1276SetTx       sx1276.o
    0x08005160   0x08005160   0x00000208   Code   RO         5984    i.SX1276SetTxConfig  sx1276.o
    0x08005368   0x08005368   0x00000098   Code   RO         5985    i.SX1276SetTxContinuousWave  sx1276.o
    0x08005400   0x08005400   0x00000040   Code   RO         5986    i.SX1276StartCad    sx1276.o
    0x08005440   0x08005440   0x0000000c   Code   RO         5987    i.SX1276Write       sx1276.o
    0x0800544c   0x0800544c   0x00000048   Code   RO         5988    i.SX1276WriteBuffer  sx1276.o
    0x08005494   0x08005494   0x0000000a   Code   RO         5989    i.SX1276WriteFifo   sx1276.o
    0x0800549e   0x0800549e   0x00000002   PAD
    0x080054a0   0x080054a0   0x00000038   Code   RO         5658    i.Serial_DataInOutInit  hal_temhum.o
    0x080054d8   0x080054d8   0x0000001c   Code   RO         5659    i.Serial_DelayUS    hal_temhum.o
    0x080054f4   0x080054f4   0x00000050   Code   RO         5660    i.Serial_Init       hal_temhum.o
    0x08005544   0x08005544   0x00000030   Code   RO         1441    i.SpiFormat         spi-board.o
    0x08005574   0x08005574   0x0000002c   Code   RO         1442    i.SpiFrequency      spi-board.o
    0x080055a0   0x080055a0   0x00000038   Code   RO         1443    i.SpiInOut          spi-board.o
    0x080055d8   0x080055d8   0x00000110   Code   RO         1444    i.SpiInit           spi-board.o
    0x080056e8   0x080056e8   0x0000000e   Code   RO         1115    i.SysTick_Handler   board.o
    0x080056f6   0x080056f6   0x00000002   PAD
    0x080056f8   0x080056f8   0x0000009c   Code   RO         1116    i.SystemClockConfig  board.o
    0x08005794   0x08005794   0x000000c8   Code   RO         1117    i.SystemClockReConfig  board.o
    0x0800585c   0x0800585c   0x00000050   Code   RO         1806    i.SystemInit        system_stm32l1xx.o
    0x080058ac   0x080058ac   0x0000000c   Code   RO         1582    i.TIM2_IRQHandler   tim-board.o
    0x080058b8   0x080058b8   0x0000000c   Code   RO         1583    i.TIM3_IRQHandler   tim-board.o
    0x080058c4   0x080058c4   0x0000000c   Code   RO         1584    i.TIM4_IRQHandler   tim-board.o
    0x080058d0   0x080058d0   0x0000006c   Code   RO         4207    i.TIM_Base_SetConfig  stm32l1xx_hal_tim.o
    0x0800593c   0x0800593c   0x00000088   Code   RO         1585    i.Tim2McuInit       tim-board.o
    0x080059c4   0x080059c4   0x00000004   Code   RO          267    i.Time2Handler      timer_handles.o
    0x080059c8   0x080059c8   0x0000000e   Code   RO         6341    i.TimerInit         timer.o
    0x080059d6   0x080059d6   0x00000002   PAD
    0x080059d8   0x080059d8   0x00000024   Code   RO         6342    i.TimerInsertNewHeadTimer  timer.o
    0x080059fc   0x080059fc   0x00000050   Code   RO         6343    i.TimerInsertTimer  timer.o
    0x08005a4c   0x08005a4c   0x00000054   Code   RO         6344    i.TimerIrqHandler   timer.o
    0x08005aa0   0x08005aa0   0x00000020   Code   RO         6347    i.TimerSetTimeout   timer.o
    0x08005ac0   0x08005ac0   0x00000010   Code   RO         6348    i.TimerSetValue     timer.o
    0x08005ad0   0x08005ad0   0x00000060   Code   RO         6349    i.TimerStart        timer.o
    0x08005b30   0x08005b30   0x0000008c   Code   RO         6350    i.TimerStop         timer.o
    0x08005bbc   0x08005bbc   0x000002a0   Code   RO         4813    i.UART_SetConfig    stm32l1xx_hal_uart.o
    0x08005e5c   0x08005e5c   0x00000014   Code   RO         1713    i.USART1_GetFlagStatus  usart1-board.o
    0x08005e70   0x08005e70   0x00000038   Code   RO         1714    i.USART1_IRQHandler  usart1-board.o
    0x08005ea8   0x08005ea8   0x00000048   Code   RO         1715    i.USART1_Init       usart1-board.o
    0x08005ef0   0x08005ef0   0x00000018   Code   RO         1718    i.USART1_ReceiveClr  usart1-board.o
    0x08005f08   0x08005f08   0x00000010   Code   RO         1719    i.USART1_ReceiveData  usart1-board.o
    0x08005f18   0x08005f18   0x00000030   Code   RO         1721    i.USART1_SendStr    usart1-board.o
    0x08005f48   0x08005f48   0x0000001a   Code   RO         6439    i.UartConfig        uart.o
    0x08005f62   0x08005f62   0x0000001a   Code   RO         6441    i.UartInit          uart.o
    0x08005f7c   0x08005f7c   0x000002c0   Code   RO         1668    i.UartMcuConfig     uart-board.o
    0x0800623c   0x0800623c   0x000000b8   Code   RO         1670    i.UartMcuInit       uart-board.o
    0x080062f4   0x080062f4   0x00000002   Code   RO         5237    i.UsageFault_Handler  sysirqhandlers.o
    0x080062f6   0x080062f6   0x00000002   PAD
    0x080062f8   0x080062f8   0x00000020   Code   RO         6767    i.__0printf$6       mc_w.l(printf6.o)
    0x08006318   0x08006318   0x00000028   Code   RO         6769    i.__0sprintf$6      mc_w.l(printf6.o)
    0x08006340   0x08006340   0x00000028   Code   RO         6923    i.__ARM_fpclassify  m_ws.l(fpclassify.o)
    0x08006368   0x08006368   0x000000aa   Code   RO         6935    i.__kernel_poly     m_ws.l(poly.o)
    0x08006412   0x08006412   0x00000002   PAD
    0x08006414   0x08006414   0x00000010   Code   RO         6909    i.__mathlib_dbl_divzero  m_ws.l(dunder.o)
    0x08006424   0x08006424   0x00000006   Code   RO         6910    i.__mathlib_dbl_infnan  m_ws.l(dunder.o)
    0x0800642a   0x0800642a   0x00000004   Code   RO         6911    i.__mathlib_dbl_infnan2  m_ws.l(dunder.o)
    0x0800642e   0x0800642e   0x0000000c   Code   RO         6912    i.__mathlib_dbl_invalid  m_ws.l(dunder.o)
    0x0800643a   0x0800643a   0x0000000e   Code   RO         6913    i.__mathlib_dbl_overflow  m_ws.l(dunder.o)
    0x08006448   0x08006448   0x00000010   Code   RO         6915    i.__mathlib_dbl_underflow  m_ws.l(dunder.o)
    0x08006458   0x08006458   0x0000000e   Code   RO         6992    i.__scatterload_copy  mc_w.l(handlers.o)
    0x08006466   0x08006466   0x00000002   Code   RO         6993    i.__scatterload_null  mc_w.l(handlers.o)
    0x08006468   0x08006468   0x0000000e   Code   RO         6994    i.__scatterload_zeroinit  mc_w.l(handlers.o)
    0x08006476   0x08006476   0x00000002   PAD
    0x08006478   0x08006478   0x0000000c   Code   RO         6972    i.__set_errno       mc_w.l(errno.o)
    0x08006484   0x08006484   0x000002f0   Code   RO         6774    i._printf_core      mc_w.l(printf6.o)
    0x08006774   0x08006774   0x00000024   Code   RO         6775    i._printf_post_padding  mc_w.l(printf6.o)
    0x08006798   0x08006798   0x0000002e   Code   RO         6776    i._printf_pre_padding  mc_w.l(printf6.o)
    0x080067c6   0x080067c6   0x0000000a   Code   RO         6778    i._sputc            mc_w.l(printf6.o)
    0x080067d0   0x080067d0   0x000000dc   Code   RO         6576    i.ceil              m_ws.l(ceil.o)
    0x080068ac   0x080068ac   0x000000dc   Code   RO         6580    i.floor             m_ws.l(floor.o)
    0x08006988   0x08006988   0x00000002   Code   RO         6443    i.fputc             uart.o
    0x0800698a   0x0800698a   0x00000004   Code   RO         5666    i.hal_temHumInit    hal_temhum.o
    0x0800698e   0x0800698e   0x00000002   PAD
    0x08006990   0x08006990   0x0000001c   Code   RO          837    i.keyScanner        key_scaner.o
    0x080069ac   0x080069ac   0x00000044   Code   RO         5348    i.keys_init         hal_key.o
    0x080069f0   0x080069f0   0x0000035c   Code   RO         6926    i.log               m_ws.l(log.o)
    0x08006d4c   0x08006d4c   0x000000e4   Code   RO         6584    i.log10             m_ws.l(log10.o)
    0x08006e30   0x08006e30   0x000001b0   Code   RO            5    i.main              main.o
    0x08006fe0   0x08006fe0   0x00000014   Code   RO         5282    i.memcpy1           utilities.o
    0x08006ff4   0x08006ff4   0x000009d8   Code   RO         6592    i.pow               m_ws.l(pow.o)
    0x080079cc   0x080079cc   0x00000094   Code   RO         6601    i.round             m_ws.l(round.o)
    0x08007a60   0x08007a60   0x00000050   Code   RO         5667    i.s_connectionreset  hal_temhum.o
    0x08007ab0   0x08007ab0   0x00000010   Code   RO         5671    i.s_softreset       hal_temhum.o
    0x08007ac0   0x08007ac0   0x00000080   Code   RO         5672    i.s_transstart      hal_temhum.o
    0x08007b40   0x08007b40   0x00000098   Code   RO         5673    i.s_write_byte      hal_temhum.o
    0x08007bd8   0x08007bd8   0x000000e4   Code   RO         5354    i.scan_keys         hal_key.o
    0x08007cbc   0x08007cbc   0x0000000c   Code   RO         1588    i.setTimer2Callback  tim-board.o
    0x08007cc8   0x08007cc8   0x0000004c   Code   RO         6939    i.sqrt              m_ws.l(sqrt.o)
    0x08007d14   0x08007d14   0x00000018   Data   RO         1339    .constdata          rtc-board.o
    0x08007d2c   0x08007d2c   0x0000005c   Data   RO         1500    .constdata          sx1276-board.o
    0x08007d88   0x08007d88   0x00000019   Data   RO         1807    .constdata          system_stm32l1xx.o
    0x08007da1   0x08007da1   0x00000008   Data   RO         1808    .constdata          system_stm32l1xx.o
    0x08007da9   0x08007da9   0x000012f0   Data   RO         5457    .constdata          hal_oled.o
    0x08009099   0x08009099   0x00000003   PAD
    0x0800909c   0x0800909c   0x000000e0   Data   RO         5991    .constdata          sx1276.o
    0x0800917c   0x0800917c   0x00000004   PAD
    0x08009180   0x08009180   0x00000088   Data   RO         6593    .constdata          m_ws.l(pow.o)
    0x08009208   0x08009208   0x00000038   Data   RO         6927    .constdata          m_ws.l(log.o)
    0x08009240   0x08009240   0x00000008   Data   RO         6937    .constdata          m_ws.l(qnan.o)
    0x08009248   0x08009248   0x00000020   Data   RO         6990    Region$$Table       anon$$obj.o


    Execution Region RW_IRAM1 (Exec base: 0x20000000, Load base: 0x08009268, Size: 0x00000ef8, Max: 0x00002800, ABSOLUTE)

    Exec Addr    Load Addr    Size         Type   Attr      Idx    E Section Name        Object

    0x20000000   0x08009268   0x00000018   Data   RW            7    .data               main.o
    0x20000018   0x08009280   0x0000000c   Data   RW          501    .data               adc_reader.o
    0x20000024   0x0800928c   0x00000004   Data   RW          723    .data               ns_radio.o
    0x20000028   0x08009290   0x00000004   Data   RW          838    .data               key_scaner.o
    0x2000002c   0x08009294   0x00000004   Data   RW         1121    .data               board.o
    0x20000030   0x08009298   0x00000010   Data   RW         1340    .data               rtc-board.o
    0x20000040   0x080092a8   0x00000001   Data   RW         1501    .data               sx1276-board.o
    0x20000041   0x080092a9   0x00000003   PAD
    0x20000044   0x080092ac   0x0000000c   Data   RW         1592    .data               tim-board.o
    0x20000050   0x080092b8   0x00000003   Data   RW         1672    .data               uart-board.o
    0x20000053   0x080092bb   0x00000001   PAD
    0x20000054   0x080092bc   0x00000006   Data   RW         1723    .data               usart1-board.o
    0x2000005a   0x080092c2   0x00000002   PAD
    0x2000005c   0x080092c4   0x00000004   Data   RW         1809    .data               system_stm32l1xx.o
    0x20000060   0x080092c8   0x00000004   Data   RW         1862    .data               stm32l1xx_hal.o
    0x20000064   0x080092cc   0x0000000e   Data   RW         5355    .data               hal_key.o
    0x20000072   0x080092da   0x00000002   Data   RW         5675    .data               hal_temhum.o
    0x20000074   0x080092dc   0x00000010   Data   RW         5992    .data               sx1276.o
    0x20000084   0x080092ec   0x00000001   Data   RW         6171    .data               adc.o
    0x20000085   0x080092ed   0x00000003   PAD
    0x20000088   0x080092f0   0x00000008   Data   RW         6351    .data               timer.o
    0x20000090   0x080092f8   0x00000004   Data   RW         6444    .data               uart.o
    0x20000094   0x080092fc   0x00000004   Data   RW         6973    .data               mc_w.l(errno.o)
    0x20000098        -       0x000002fd   Zero   RW            6    .bss                main.o
    0x20000395   0x08009300   0x00000003   PAD
    0x20000398        -       0x00000018   Zero   RW          500    .bss                adc_reader.o
    0x200003b0        -       0x0000011b   Zero   RW          722    .bss                ns_radio.o
    0x200004cb   0x08009300   0x00000001   PAD
    0x200004cc        -       0x00000054   Zero   RW         1015    .bss                adc-board.o
    0x20000520        -       0x00000030   Zero   RW         1118    .bss                board.o
    0x20000550        -       0x00000038   Zero   RW         1119    .bss                board.o
    0x20000588        -       0x00000040   Zero   RW         1228    .bss                gpio-board.o
    0x200005c8        -       0x00000034   Zero   RW         1338    .bss                rtc-board.o
    0x200005fc        -       0x000000a8   Zero   RW         1591    .bss                tim-board.o
    0x200006a4        -       0x000000c0   Zero   RW         1671    .bss                uart-board.o
    0x20000764        -       0x00000114   Zero   RW         1722    .bss                usart1-board.o
    0x20000878        -       0x00000030   Zero   RW         5455    .bss                hal_oled.o
    0x200008a8        -       0x0000024c   Zero   RW         5990    .bss                sx1276.o
    0x20000af4   0x08009300   0x00000004   PAD
    0x20000af8        -       0x00000400   Zero   RW         1795    STACK               startup_stm32l151xb.o


==============================================================================

Image component sizes


      Code (inc. data)   RO Data    RW Data    ZI Data      Debug   Object Name

       344         30          0          0         84      79764   adc-board.o
        52         10          0          1          0       1563   adc.o
       144         24          0         12         24       1815   adc_reader.o
       626         48          0          4        104       4893   board.o
         0          0          0          0          0     397860   configs.o
         4          0          0          0          0        758   delay.o
       762         50          0          0         64       7299   gpio-board.o
        24          0          0          0          0       1842   gpio.o
       296         22          0         14          0       1877   hal_key.o
       692         16       4848          0         48       5640   hal_oled.o
      1700         90          0          2          0      21421   hal_temhum.o
        28          6          0          4          0        481   key_scaner.o
       468         86          0         24        765       8293   main.o
       412         78          0          4        283       5574   ns_radio.o
      1528        134         24         16         52       9784   rtc-board.o
       420         22          0          0          0       3492   spi-board.o
        36          8        244          0       1024        836   startup_stm32l151xb.o
       162         30          0          4          0       5690   stm32l1xx_hal.o
      1486         60          0          0          0       8219   stm32l1xx_hal_adc.o
       228         14          0          0          0      29073   stm32l1xx_hal_cortex.o
       440         38          0          0          0       3642   stm32l1xx_hal_gpio.o
        16          6          0          0          0        548   stm32l1xx_hal_pwr_ex.o
      2708        110          0          0          0       7216   stm32l1xx_hal_rcc.o
       360         12          0          0          0       1456   stm32l1xx_hal_rcc_ex.o
      1028         26          0          0          0       8385   stm32l1xx_hal_rtc.o
       744         12          0          0          0       5282   stm32l1xx_hal_rtc_ex.o
         2          0          0          0          0        998   stm32l1xx_hal_spi.o
       122          0          0          0          0       1083   stm32l1xx_hal_spi_ex.o
       488         22          0          0          0       6094   stm32l1xx_hal_tim.o
       874          6          0          0          0       3349   stm32l1xx_hal_uart.o
       310         26         92          1          0       7935   sx1276-board.o
      5102        312        224         16        588      23164   sx1276.o
        10          0          0          0          0       2193   sysirqhandlers.o
        80         18         33          4          0       1263   system_stm32l1xx.o
       372        108          0         12        168       4455   tim-board.o
       498         32          0          8          0       5894   timer.o
         4          0          0          0          0      70291   timer_handles.o
       888         26          0          3        192       3341   uart-board.o
        54          0          0          4          0       3666   uart.o
       272         54          0          6        276       4592   usart1-board.o
        20          0          0          0          0       1054   utilities.o

    ----------------------------------------------------------------------
     23852       1536       5504        148       3680     762075   Object Totals
         0          0         32          0          0          0   (incl. Generated)
        48          0          7          9          8          0   (incl. Padding)

    ----------------------------------------------------------------------

      Code (inc. data)   RO Data    RW Data    ZI Data      Debug   Library Member Name

       220         16          0          0          0         84   ceil.o
        68         10          0          0          0        408   dunder.o
       220         16          0          0          0         84   floor.o
        40          0          0          0          0         68   fpclassify.o
       860         52         56          0          0        256   log.o
       228         30          0          0          0        120   log10.o
       170          0          0          0          0         96   poly.o
      2520        190        136          0          0        324   pow.o
         0          0          8          0          0          0   qnan.o
       148         12          0          0          0         88   round.o
        76          0          0          0          0         84   sqrt.o
         0          0          0          0          0          0   entry.o
         0          0          0          0          0          0   entry10a.o
         0          0          0          0          0          0   entry11a.o
         8          4          0          0          0          0   entry2.o
         4          0          0          0          0          0   entry5.o
         0          0          0          0          0          0   entry7b.o
         0          0          0          0          0          0   entry8b.o
         8          4          0          0          0          0   entry9a.o
        12          6          0          4          0         68   errno.o
        30          0          0          0          0          0   handlers.o
        36          8          0          0          0         68   init.o
         0          0          0          0          0          0   iusefp.o
        30          0          0          0          0         68   llshl.o
        36          0          0          0          0         68   llsshr.o
        32          0          0          0          0         68   llushr.o
        36          0          0          0          0         68   memcpya.o
        36          0          0          0          0        108   memseta.o
       916         20          0          0          0        504   printf6.o
        44          0          0          0          0         80   uidiv.o
        48          0          0          0          0         68   cdcmple.o
        48          0          0          0          0         68   cdrcmple.o
        56          0          0          0          0         88   d2f.o
       334          0          0          0          0        148   dadd.o
       222          0          0          0          0        100   ddiv.o
       186          0          0          0          0        176   depilogue.o
        62          0          0          0          0         80   dfixi.o
        50          0          0          0          0         76   dfixui.o
        34          0          0          0          0         76   dflti.o
        26          0          0          0          0         76   dfltui.o
       228          0          0          0          0         96   dmul.o
       136          4          0          0          0         92   drnd.o
        46          0          0          0          0         80   dscalb.o
       162          0          0          0          0        100   dsqrt.o
        38          0          0          0          0         68   f2d.o
       176          0          0          0          0        140   fadd.o
       124          0          0          0          0         88   fdiv.o
       110          0          0          0          0        168   fepilogue.o
        50          0          0          0          0         68   ffixi.o

    ----------------------------------------------------------------------
      7924        372        200          4          0       4568   Library Totals
        10          0          0          0          0          0   (incl. Padding)

    ----------------------------------------------------------------------

      Code (inc. data)   RO Data    RW Data    ZI Data      Debug   Library Name

      4550        326        200          0          0       1612   m_ws.l
      1228         42          0          4          0       1100   mc_w.l
      2136          4          0          0          0       1856   mf_w.l

    ----------------------------------------------------------------------
      7924        372        200          4          0       4568   Library Totals

    ----------------------------------------------------------------------

==============================================================================


      Code (inc. data)   RO Data    RW Data    ZI Data      Debug   

     31776       1908       5704        152       3680     752183   Grand Totals
     31776       1908       5704        152       3680     752183   ELF Image Totals
     31776       1908       5704        152          0          0   ROM Totals

==============================================================================

    Total RO  Size (Code + RO Data)                37480 (  36.60kB)
    Total RW  Size (RW Data + ZI Data)              3832 (   3.74kB)
    Total ROM Size (Code + RO Data + RW Data)      37632 (  36.75kB)

==============================================================================

