Component: ARM Compiler 5.05 update 1 (build 106) Tool: armlink [4d0efa]

==============================================================================

Section Cross References

    main.o(i.Init) refers to board.o(i.BoardInitMcu) for BoardInitMcu
    main.o(i.Init) refers to board.o(i.BoardInitPeriph) for BoardInitPeriph
    main.o(i.Init) refers to hal_key.o(i.keys_init) for keys_init
    main.o(i.Init) refers to tim-board.o(i.setTimer2Callback) for setTimer2Callback
    main.o(i.Init) refers to tim-board.o(i.Tim2McuInit) for Tim2McuInit
    main.o(i.Init) refers to timer_handles.o(i.Time2Handler) for Time2Handler
    main.o(i.Key4_Scan) refers to hal_key.o(i.isKey4Pressed) for isKey4Pressed
    main.o(i.Key4_Scan) refers to gpio.o(i.GpioWrite) for GpioWrite
    main.o(i.Key4_Scan) refers to flash.o(i.WriteFlashTest) for WriteFlashTest
    main.o(i.Key4_Scan) refers to hal_oled.o(i.OLED_ShowString) for OLED_ShowString
    main.o(i.Key4_Scan) refers to hal_key.o(i.resetKey4) for resetKey4
    main.o(i.Key4_Scan) refers to main.o(i.timeChange) for timeChange
    main.o(i.Key4_Scan) refers to main.o(.data) for .data
    main.o(i.Key4_Scan) refers to board.o(.bss) for Led2
    main.o(i.Pointer) refers to hal_key.o(i.isKey2Pressed) for isKey2Pressed
    main.o(i.Pointer) refers to hal_key.o(i.resetKey2) for resetKey2
    main.o(i.Pointer) refers to hal_key.o(i.isKey3Pressed) for isKey3Pressed
    main.o(i.Pointer) refers to hal_key.o(i.resetKey3) for resetKey3
    main.o(i.Pointer) refers to hal_oled.o(i.OLED_ShowCHinese) for OLED_ShowCHinese
    main.o(i.Pointer) refers to hal_oled.o(i.OLED_ShowString) for OLED_ShowString
    main.o(i.Pointer) refers to main.o(.data) for .data
    main.o(i.Set_up) refers to hal_oled.o(i.OLED_ShowCHinese) for OLED_ShowCHinese
    main.o(i.Set_up) refers to hal_oled.o(i.OLED_ShowNum) for OLED_ShowNum
    main.o(i.Set_up) refers to main.o(.data) for .data
    main.o(i.day_count) refers to main.o(.data) for .data
    main.o(i.handlerPre10Ms) refers to stm32l1xx_hal.o(i.HAL_Delay) for HAL_Delay
    main.o(i.main) refers to main.o(i.Init) for Init
    main.o(i.main) refers to usart1-board.o(i.USART1_Init) for USART1_Init
    main.o(i.main) refers to hal_oled.o(i.OLED_Init) for OLED_Init
    main.o(i.main) refers to flash.o(i.PrintFlashTest) for PrintFlashTest
    main.o(i.main) refers to stm32l1xx_hal.o(i.HAL_Delay) for HAL_Delay
    main.o(i.main) refers to flash.o(i.WriteFlashTest) for WriteFlashTest
    main.o(i.main) refers to usart1-board.o(i.USART1_SendStr) for USART1_SendStr
    main.o(i.main) refers to usart1-board.o(i.USART1_ReceiveClr) for USART1_ReceiveClr
    main.o(i.main) refers to main.o(i.Set_up) for Set_up
    main.o(i.main) refers to main.o(i.time) for time
    main.o(i.main) refers to hal_key.o(i.isKey4Pressed) for isKey4Pressed
    main.o(i.main) refers to hal_oled.o(i.OLED_Clear) for OLED_Clear
    main.o(i.main) refers to hal_key.o(i.resetKey4) for resetKey4
    main.o(i.main) refers to main.o(i.Pointer) for Pointer
    main.o(i.main) refers to main.o(i.Key4_Scan) for Key4_Scan
    main.o(i.main) refers to main.o(.data) for .data
    main.o(i.main) refers to usart1-board.o(.data) for USART1_RX_COUNT
    main.o(i.main) refers to usart1-board.o(.bss) for USART1_RX_BUF
    main.o(i.time) refers to hal_oled.o(i.OLED_ShowCHinese) for OLED_ShowCHinese
    main.o(i.time) refers to hal_oled.o(i.OLED_ShowNum) for OLED_ShowNum
    main.o(i.time) refers to main.o(.data) for .data
    main.o(i.timeChange) refers to hal_oled.o(i.OLED_ShowString) for OLED_ShowString
    main.o(i.timeChange) refers to hal_key.o(i.isKey2Pressed) for isKey2Pressed
    main.o(i.timeChange) refers to hal_key.o(i.resetKey2) for resetKey2
    main.o(i.timeChange) refers to hal_key.o(i.isKey3Pressed) for isKey3Pressed
    main.o(i.timeChange) refers to hal_key.o(i.resetKey3) for resetKey3
    main.o(i.timeChange) refers to main.o(i.day_count) for day_count
    main.o(i.timeChange) refers to main.o(.data) for .data
    timer_handles.o(i.Time2Handler) refers to key_scaner.o(i.keyScanner) for keyScanner
    adc_reader.o(i.ADCS_Init) refers to adc.o(i.AdcInit) for AdcInit
    adc_reader.o(i.ADCS_Init) refers to adc_reader.o(.bss) for .bss
    adc_reader.o(i.AdcReadCh0) refers to adc_reader.o(.data) for .data
    adc_reader.o(i.AdcReadCh2) refers to adc_reader.o(.data) for .data
    adc_reader.o(i.AdcScanChannel) refers to adc.o(i.AdcReadChannel) for AdcReadChannel
    adc_reader.o(i.AdcScanChannel) refers to dfltui.o(.text) for __aeabi_ui2d
    adc_reader.o(i.AdcScanChannel) refers to dscalb.o(.text) for __ARM_scalbn
    adc_reader.o(i.AdcScanChannel) refers to dmul.o(.text) for __aeabi_dmul
    adc_reader.o(i.AdcScanChannel) refers to d2f.o(.text) for __aeabi_d2f
    adc_reader.o(i.AdcScanChannel) refers to adc_reader.o(.bss) for .bss
    adc_reader.o(i.AdcScanChannel) refers to adc_reader.o(.data) for .data
    configs.o(i.ReadFlashCfg) refers to flash.o(i.STMFLASH_ReadWord) for STMFLASH_ReadWord
[...]
    FLASH_DATAEEPROM_FastProgramHalfWord     0x08000a55   Thumb Code   138  stm32l1xx_hal_flash_ex.o(i.FLASH_DATAEEPROM_FastProgramHalfWord)
    i.FLASH_DATAEEPROM_ProgramByte           0x08000ae8   Section        0  stm32l1xx_hal_flash_ex.o(i.FLASH_DATAEEPROM_ProgramByte)
    FLASH_DATAEEPROM_ProgramByte             0x08000ae9   Thumb Code    90  stm32l1xx_hal_flash_ex.o(i.FLASH_DATAEEPROM_ProgramByte)
    i.FLASH_DATAEEPROM_ProgramHalfWord       0x08000b48   Section        0  stm32l1xx_hal_flash_ex.o(i.FLASH_DATAEEPROM_ProgramHalfWord)
    FLASH_DATAEEPROM_ProgramHalfWord         0x08000b49   Thumb Code   128  stm32l1xx_hal_flash_ex.o(i.FLASH_DATAEEPROM_ProgramHalfWord)
    i.FLASH_PageErase                        0x08000bcc   Section        0  stm32l1xx_hal_flash_ex.o(i.FLASH_PageErase)
    i.FLASH_SetErrorCode                     0x08000bf4   Section        0  stm32l1xx_hal_flash.o(i.FLASH_SetErrorCode)
    FLASH_SetErrorCode                       0x08000bf5   Thumb Code    62  stm32l1xx_hal_flash.o(i.FLASH_SetErrorCode)
    i.FLASH_WaitForLastOperation             0x08000c3c   Section        0  stm32l1xx_hal_flash.o(i.FLASH_WaitForLastOperation)
    i.GpioInit                               0x08000c90   Section        0  gpio.o(i.GpioInit)
    i.GpioMcuInit                            0x08000ca0   Section        0  gpio-board.o(i.GpioMcuInit)
    i.GpioMcuWrite                           0x08000da4   Section        0  gpio-board.o(i.GpioMcuWrite)
    i.GpioWrite                              0x08000db8   Section        0  gpio.o(i.GpioWrite)
    i.HAL_DBGMCU_EnableDBGSleepMode          0x08000dbc   Section        0  stm32l1xx_hal.o(i.HAL_DBGMCU_EnableDBGSleepMode)
    i.HAL_DBGMCU_EnableDBGStandbyMode        0x08000dcc   Section        0  stm32l1xx_hal.o(i.HAL_DBGMCU_EnableDBGStandbyMode)
    i.HAL_DBGMCU_EnableDBGStopMode           0x08000ddc   Section        0  stm32l1xx_hal.o(i.HAL_DBGMCU_EnableDBGStopMode)
    i.HAL_Delay                              0x08000dec   Section        0  stm32l1xx_hal.o(i.HAL_Delay)
    i.HAL_FLASHEx_DATAEEPROM_Erase           0x08000e04   Section        0  stm32l1xx_hal_flash_ex.o(i.HAL_FLASHEx_DATAEEPROM_Erase)
    i.HAL_FLASHEx_DATAEEPROM_Lock            0x08000e44   Section        0  stm32l1xx_hal_flash_ex.o(i.HAL_FLASHEx_DATAEEPROM_Lock)
    i.HAL_FLASHEx_DATAEEPROM_Program         0x08000e58   Section        0  stm32l1xx_hal_flash_ex.o(i.HAL_FLASHEx_DATAEEPROM_Program)
    i.HAL_FLASHEx_DATAEEPROM_Unlock          0x08000f00   Section        0  stm32l1xx_hal_flash_ex.o(i.HAL_FLASHEx_DATAEEPROM_Unlock)
    i.HAL_FLASHEx_Erase                      0x08000f28   Section        0  stm32l1xx_hal_flash_ex.o(i.HAL_FLASHEx_Erase)
    i.HAL_FLASH_Lock                         0x08000fa8   Section        0  stm32l1xx_hal_flash.o(i.HAL_FLASH_Lock)
    i.HAL_FLASH_Unlock                       0x08000fbc   Section        0  stm32l1xx_hal_flash.o(i.HAL_FLASH_Unlock)
    i.HAL_GPIO_EXTI_Callback                 0x08001000   Section        0  gpio-board.o(i.HAL_GPIO_EXTI_Callback)
    i.HAL_GPIO_EXTI_IRQHandler               0x08001024   Section        0  stm32l1xx_hal_gpio.o(i.HAL_GPIO_EXTI_IRQHandler)
    i.HAL_GPIO_Init                          0x0800103c   Section        0  stm32l1xx_hal_gpio.o(i.HAL_GPIO_Init)
    i.HAL_GPIO_ReadPin                       0x080011c8   Section        0  stm32l1xx_hal_gpio.o(i.HAL_GPIO_ReadPin)
    i.HAL_GPIO_WritePin                      0x080011d2   Section        0  stm32l1xx_hal_gpio.o(i.HAL_GPIO_WritePin)
    i.HAL_GetTick                            0x080011dc   Section        0  stm32l1xx_hal.o(i.HAL_GetTick)
    i.HAL_IncTick                            0x080011e8   Section        0  stm32l1xx_hal.o(i.HAL_IncTick)
    i.HAL_Init                               0x080011f8   Section        0  stm32l1xx_hal.o(i.HAL_Init)
    i.HAL_InitTick                           0x08001210   Section        0  stm32l1xx_hal.o(i.HAL_InitTick)
    i.HAL_MspInit                            0x08001238   Section        0  stm32l1xx_hal.o(i.HAL_MspInit)
    i.HAL_NVIC_EnableIRQ                     0x0800123a   Section        0  stm32l1xx_hal_cortex.o(i.HAL_NVIC_EnableIRQ)
    i.HAL_NVIC_SetPriority                   0x08001250   Section        0  stm32l1xx_hal_cortex.o(i.HAL_NVIC_SetPriority)
    i.HAL_NVIC_SetPriorityGrouping           0x08001290   Section        0  stm32l1xx_hal_cortex.o(i.HAL_NVIC_SetPriorityGrouping)
    i.HAL_PWREx_GetVoltageRange              0x080012b4   Section        0  stm32l1xx_hal_pwr_ex.o(i.HAL_PWREx_GetVoltageRange)
    i.HAL_RCCEx_PeriphCLKConfig              0x080012c4   Section        0  stm32l1xx_hal_rcc_ex.o(i.HAL_RCCEx_PeriphCLKConfig)
    i.HAL_RCC_ClockConfig                    0x0800142c   Section        0  stm32l1xx_hal_rcc.o(i.HAL_RCC_ClockConfig)
    i.HAL_RCC_GetHCLKFreq                    0x08001600   Section        0  stm32l1xx_hal_rcc.o(i.HAL_RCC_GetHCLKFreq)
    i.HAL_RCC_GetPCLK1Freq                   0x0800160c   Section        0  stm32l1xx_hal_rcc.o(i.HAL_RCC_GetPCLK1Freq)
    i.HAL_RCC_GetPCLK2Freq                   0x0800163c   Section        0  stm32l1xx_hal_rcc.o(i.HAL_RCC_GetPCLK2Freq)
    i.HAL_RCC_GetSysClockFreq                0x0800166c   Section        0  stm32l1xx_hal_rcc.o(i.HAL_RCC_GetSysClockFreq)
    i.HAL_RCC_OscConfig                      0x080016f8   Section        0  stm32l1xx_hal_rcc.o(i.HAL_RCC_OscConfig)
    i.HAL_RTCEx_AlarmBEventCallback          0x08001e48   Section        0  stm32l1xx_hal_rtc_ex.o(i.HAL_RTCEx_AlarmBEventCallback)
    i.HAL_RTCEx_DeactivateWakeUpTimer        0x08001e4a   Section        0  stm32l1xx_hal_rtc_ex.o(i.HAL_RTCEx_DeactivateWakeUpTimer)
    i.HAL_RTC_AlarmAEventCallback            0x08001ec4   Section        0  stm32l1xx_hal_rtc.o(i.HAL_RTC_AlarmAEventCallback)
    i.HAL_RTC_AlarmIRQHandler                0x08001ec8   Section        0  stm32l1xx_hal_rtc.o(i.HAL_RTC_AlarmIRQHandler)
    i.HAL_RTC_DeactivateAlarm                0x08001f24   Section        0  stm32l1xx_hal_rtc.o(i.HAL_RTC_DeactivateAlarm)
    i.HAL_RTC_GetAlarm                       0x08001fd6   Section        0  stm32l1xx_hal_rtc_ex.o(i.HAL_RTC_GetAlarm)
    i.HAL_RTC_GetDate                        0x08002044   Section        0  stm32l1xx_hal_rtc.o(i.HAL_RTC_GetDate)
    i.HAL_RTC_GetTime                        0x08002088   Section        0  stm32l1xx_hal_rtc_ex.o(i.HAL_RTC_GetTime)
    i.HAL_RTC_Init                           0x080020d0   Section        0  stm32l1xx_hal_rtc.o(i.HAL_RTC_Init)
    i.HAL_RTC_MspInit                        0x0800216c   Section        0  stm32l1xx_hal_rtc.o(i.HAL_RTC_MspInit)
    i.HAL_RTC_SetAlarm_IT                    0x08002170   Section        0  stm32l1xx_hal_rtc_ex.o(i.HAL_RTC_SetAlarm_IT)
    i.HAL_RTC_SetDate                        0x080022f0   Section        0  stm32l1xx_hal_rtc.o(i.HAL_RTC_SetDate)
    i.HAL_RTC_SetTime                        0x080023b8   Section        0  stm32l1xx_hal_rtc.o(i.HAL_RTC_SetTime)
    i.HAL_RTC_WaitForSynchro                 0x080024a0   Section        0  stm32l1xx_hal_rtc_ex.o(i.HAL_RTC_WaitForSynchro)
    i.HAL_SPI_Init                           0x080024d6   Section        0  stm32l1xx_hal_spi_ex.o(i.HAL_SPI_Init)
    i.HAL_SPI_MspInit                        0x08002550   Section        0  stm32l1xx_hal_spi.o(i.HAL_SPI_MspInit)
    i.HAL_SYSTICK_CLKSourceConfig            0x08002552   Section        0  stm32l1xx_hal_cortex.o(i.HAL_SYSTICK_CLKSourceConfig)
    i.HAL_SYSTICK_Callback                   0x0800256a   Section        0  stm32l1xx_hal_cortex.o(i.HAL_SYSTICK_Callback)
    i.HAL_SYSTICK_Config                     0x0800256c   Section        0  stm32l1xx_hal_cortex.o(i.HAL_SYSTICK_Config)
    i.HAL_SYSTICK_IRQHandler                 0x08002594   Section        0  stm32l1xx_hal_cortex.o(i.HAL_SYSTICK_IRQHandler)
    i.HAL_TIM_Base_Init                      0x0800259c   Section        0  stm32l1xx_hal_tim.o(i.HAL_TIM_Base_Init)
    i.HAL_TIM_Base_MspInit                   0x080025d4   Section        0  tim-board.o(i.HAL_TIM_Base_MspInit)
    i.HAL_TIM_Base_Start_IT                  0x08002634   Section        0  stm32l1xx_hal_tim.o(i.HAL_TIM_Base_Start_IT)
    i.HAL_TIM_IC_CaptureCallback             0x0800264c   Section        0  stm32l1xx_hal_tim.o(i.HAL_TIM_IC_CaptureCallback)
    i.HAL_TIM_IRQHandler                     0x0800264e   Section        0  stm32l1xx_hal_tim.o(i.HAL_TIM_IRQHandler)
    i.HAL_TIM_OC_DelayElapsedCallback        0x08002774   Section        0  stm32l1xx_hal_tim.o(i.HAL_TIM_OC_DelayElapsedCallback)
    i.HAL_TIM_PWM_PulseFinishedCallback      0x08002776   Section        0  stm32l1xx_hal_tim.o(i.HAL_TIM_PWM_PulseFinishedCallback)
    i.HAL_TIM_PeriodElapsedCallback          0x08002778   Section        0  tim-board.o(i.HAL_TIM_PeriodElapsedCallback)
    i.HAL_TIM_TriggerCallback                0x080027a0   Section        0  stm32l1xx_hal_tim.o(i.HAL_TIM_TriggerCallback)
    i.HAL_UART_Init                          0x080027a2   Section        0  stm32l1xx_hal_uart.o(i.HAL_UART_Init)
    i.HAL_UART_MspInit                       0x08002800   Section        0  stm32l1xx_hal_uart.o(i.HAL_UART_MspInit)
    i.HAL_UART_Receive_IT                    0x08002804   Section        0  stm32l1xx_hal_uart.o(i.HAL_UART_Receive_IT)
    i.Init                                   0x08002870   Section        0  main.o(i.Init)
    i.Key4_Scan                              0x08002894   Section        0  main.o(i.Key4_Scan)
    i.MemManage_Handler                      0x08002924   Section        0  sysirqhandlers.o(i.MemManage_Handler)
    i.NMI_Handler                            0x08002926   Section        0  sysirqhandlers.o(i.NMI_Handler)
    i.NVIC_SetPriority                       0x08002928   Section        0  stm32l1xx_hal_cortex.o(i.NVIC_SetPriority)
    NVIC_SetPriority                         0x08002929   Thumb Code    32  stm32l1xx_hal_cortex.o(i.NVIC_SetPriority)
    i.OLED_Clear                             0x08002948   Section        0  hal_oled.o(i.OLED_Clear)
    i.OLED_Init                              0x08002984   Section        0  hal_oled.o(i.OLED_Init)
    i.OLED_Init_Set_Inverse                  0x0800298c   Section        0  hal_oled.o(i.OLED_Init_Set_Inverse)
    i.OLED_Set_Pos                           0x08002ad4   Section        0  hal_oled.o(i.OLED_Set_Pos)
    i.OLED_ShowCHinese                       0x08002b00   Section        0  hal_oled.o(i.OLED_ShowCHinese)
    i.OLED_ShowChar                          0x08002b50   Section        0  hal_oled.o(i.OLED_ShowChar)
    i.OLED_ShowNum                           0x08002bb4   Section        0  hal_oled.o(i.OLED_ShowNum)
    i.OLED_ShowString                        0x08002c16   Section        0  hal_oled.o(i.OLED_ShowString)
    i.OLED_WR_Byte                           0x08002c48   Section        0  hal_oled.o(i.OLED_WR_Byte)
    i.OnUsart1TimerEvent                     0x08002cb0   Section        0  usart1-board.o(i.OnUsart1TimerEvent)
    OnUsart1TimerEvent                       0x08002cb1   Thumb Code    26  usart1-board.o(i.OnUsart1TimerEvent)
    i.Pointer                                0x08002cd4   Section        0  main.o(i.Pointer)
    i.PrintFlashTest                         0x08002d6c   Section        0  flash.o(i.PrintFlashTest)
    i.RCC_SetFlashLatencyFromMSIRange        0x08002d70   Section        0  stm32l1xx_hal_rcc.o(i.RCC_SetFlashLatencyFromMSIRange)
    RCC_SetFlashLatencyFromMSIRange          0x08002d71   Thumb Code   112  stm32l1xx_hal_rcc.o(i.RCC_SetFlashLatencyFromMSIRange)
    i.RTC_Alarm_IRQHandler                   0x08002de8   Section        0  rtc-board.o(i.RTC_Alarm_IRQHandler)
    i.RTC_Bcd2ToByte                         0x08002e14   Section        0  stm32l1xx_hal_rtc.o(i.RTC_Bcd2ToByte)
    i.RTC_ByteToBcd2                         0x08002e26   Section        0  stm32l1xx_hal_rtc.o(i.RTC_ByteToBcd2)
    i.RTC_EnterInitMode                      0x08002e3c   Section        0  stm32l1xx_hal_rtc.o(i.RTC_EnterInitMode)
    i.RtcComputeTimerTimeToAlarmTick         0x08002e78   Section        0  rtc-board.o(i.RtcComputeTimerTimeToAlarmTick)
    RtcComputeTimerTimeToAlarmTick           0x08002e79   Thumb Code   436  rtc-board.o(i.RtcComputeTimerTimeToAlarmTick)
    i.RtcComputeWakeUpTime                   0x08003054   Section        0  rtc-board.o(i.RtcComputeWakeUpTime)
    RtcComputeWakeUpTime                     0x08003055   Thumb Code   138  rtc-board.o(i.RtcComputeWakeUpTime)
    i.RtcConvertCalendarTickToTimerTime      0x080030ec   Section        0  rtc-board.o(i.RtcConvertCalendarTickToTimerTime)
    RtcConvertCalendarTickToTimerTime        0x080030ed   Thumb Code   280  rtc-board.o(i.RtcConvertCalendarTickToTimerTime)
    i.RtcGetAdjustedTimeoutValue             0x08003218   Section        0  rtc-board.o(i.RtcGetAdjustedTimeoutValue)
    i.RtcGetCalendar                         0x08003248   Section        0  rtc-board.o(i.RtcGetCalendar)
    RtcGetCalendar                           0x08003249   Thumb Code    80  rtc-board.o(i.RtcGetCalendar)
    i.RtcGetElapsedAlarmTime                 0x080032a0   Section        0  rtc-board.o(i.RtcGetElapsedAlarmTime)
    i.RtcInit                                0x080032c4   Section        0  rtc-board.o(i.RtcInit)
    i.RtcRecoverMcuStatus                    0x08003354   Section        0  rtc-board.o(i.RtcRecoverMcuStatus)
    i.RtcSetTimeout                          0x08003394   Section        0  rtc-board.o(i.RtcSetTimeout)
    i.RtcStartWakeUpAlarm                    0x08003398   Section        0  rtc-board.o(i.RtcStartWakeUpAlarm)
    RtcStartWakeUpAlarm                      0x08003399   Thumb Code   142  rtc-board.o(i.RtcStartWakeUpAlarm)
    i.SX1276IoInit                           0x0800342c   Section        0  sx1276-board.o(i.SX1276IoInit)
    i.Set_up                                 0x0800346c   Section        0  main.o(i.Set_up)
    i.SpiFormat                              0x080034e0   Section        0  spi-board.o(i.SpiFormat)
    i.SpiFrequency                           0x08003510   Section        0  spi-board.o(i.SpiFrequency)
    i.SpiInit                                0x0800353c   Section        0  spi-board.o(i.SpiInit)
    i.SysTick_Handler                        0x0800364c   Section        0  board.o(i.SysTick_Handler)
    i.SystemClockConfig                      0x0800365c   Section        0  board.o(i.SystemClockConfig)
    SystemClockConfig                        0x0800365d   Thumb Code   146  board.o(i.SystemClockConfig)
    i.SystemClockReConfig                    0x080036f8   Section        0  board.o(i.SystemClockReConfig)
    SystemClockReConfig                      0x080036f9   Thumb Code   186  board.o(i.SystemClockReConfig)
    i.SystemInit                             0x080037c0   Section        0  system_stm32l1xx.o(i.SystemInit)
    i.TIM2_IRQHandler                        0x08003810   Section        0  tim-board.o(i.TIM2_IRQHandler)
    i.TIM3_IRQHandler                        0x0800381c   Section        0  tim-board.o(i.TIM3_IRQHandler)
    i.TIM_Base_SetConfig                     0x08003828   Section        0  stm32l1xx_hal_tim.o(i.TIM_Base_SetConfig)
    TIM_Base_SetConfig                       0x08003829   Thumb Code    86  stm32l1xx_hal_tim.o(i.TIM_Base_SetConfig)
    i.Tim2McuInit                            0x08003894   Section        0  tim-board.o(i.Tim2McuInit)
    i.Time2Handler                           0x0800391c   Section        0  timer_handles.o(i.Time2Handler)
    i.TimerInit                              0x08003920   Section        0  timer.o(i.TimerInit)
    i.TimerIrqHandler                        0x08003930   Section        0  timer.o(i.TimerIrqHandler)
    i.TimerSetTimeout                        0x08003984   Section        0  timer.o(i.TimerSetTimeout)
    TimerSetTimeout                          0x08003985   Thumb Code    26  timer.o(i.TimerSetTimeout)
    i.TimerSetValue                          0x080039a4   Section        0  timer.o(i.TimerSetValue)
    i.TimerStop                              0x080039b4   Section        0  timer.o(i.TimerStop)
    i.UART_SetConfig                         0x08003a40   Section        0  stm32l1xx_hal_uart.o(i.UART_SetConfig)
    UART_SetConfig                           0x08003a41   Thumb Code   666  stm32l1xx_hal_uart.o(i.UART_SetConfig)
    i.USART1_GetFlagStatus                   0x08003ce0   Section        0  usart1-board.o(i.USART1_GetFlagStatus)
    i.USART1_IRQHandler                      0x08003cf4   Section        0  usart1-board.o(i.USART1_IRQHandler)
    i.USART1_Init                            0x08003d2c   Section        0  usart1-board.o(i.USART1_Init)
    i.USART1_ReceiveClr                      0x08003d74   Section        0  usart1-board.o(i.USART1_ReceiveClr)
    i.USART1_ReceiveData                     0x08003d8c   Section        0  usart1-board.o(i.USART1_ReceiveData)
    i.USART1_SendStr                         0x08003d9c   Section        0  usart1-board.o(i.USART1_SendStr)
    i.UartConfig                             0x08003dcc   Section        0  uart.o(i.UartConfig)
    i.UartInit                               0x08003de6   Section        0  uart.o(i.UartInit)
    i.UartMcuConfig                          0x08003e00   Section        0  uart-board.o(i.UartMcuConfig)
    i.UartMcuInit                            0x080040c0   Section        0  uart-board.o(i.UartMcuInit)
    i.UsageFault_Handler                     0x08004178   Section        0  sysirqhandlers.o(i.UsageFault_Handler)
    i.WriteFlashTest                         0x0800417a   Section        0  flash.o(i.WriteFlashTest)
    i.__0printf                              0x080041b0   Section        0  printfa.o(i.__0printf)
    i.__scatterload_copy                     0x080041d0   Section       14  handlers.o(i.__scatterload_copy)
    i.__scatterload_null                     0x080041de   Section        2  handlers.o(i.__scatterload_null)
    i.__scatterload_zeroinit                 0x080041e0   Section       14  handlers.o(i.__scatterload_zeroinit)
    i._fp_digits                             0x080041f0   Section        0  printfa.o(i._fp_digits)
    _fp_digits                               0x080041f1   Thumb Code   334  printfa.o(i._fp_digits)
    i._printf_core                           0x08004354   Section        0  printfa.o(i._printf_core)
    _printf_core                             0x08004355   Thumb Code  1744  printfa.o(i._printf_core)
    i._printf_post_padding                   0x08004a30   Section        0  printfa.o(i._printf_post_padding)
    _printf_post_padding                     0x08004a31   Thumb Code    36  printfa.o(i._printf_post_padding)
    i._printf_pre_padding                    0x08004a54   Section        0  printfa.o(i._printf_pre_padding)
    _printf_pre_padding                      0x08004a55   Thumb Code    46  printfa.o(i._printf_pre_padding)
    i.ceil                                   0x08004a84   Section        0  ceil.o(i.ceil)
    i.day_count                              0x08004b60   Section        0  main.o(i.day_count)
    i.fputc                                  0x08004bf4   Section        0  uart.o(i.fputc)
    i.isKey2Pressed                          0x08004c0c   Section        0  hal_key.o(i.isKey2Pressed)
    i.isKey3Pressed                          0x08004c18   Section        0  hal_key.o(i.isKey3Pressed)
    i.isKey4Pressed                          0x08004c24   Section        0  hal_key.o(i.isKey4Pressed)
    i.keyScanner                             0x08004c30   Section        0  key_scaner.o(i.keyScanner)
    i.keys_init                              0x08004c4c   Section        0  hal_key.o(i.keys_init)
    i.main                                   0x08004c90   Section        0  main.o(i.main)
    i.oled_pow                               0x08004dc4   Section        0  hal_oled.o(i.oled_pow)
    i.resetKey2                              0x08004dd4   Section        0  hal_key.o(i.resetKey2)
    i.resetKey3                              0x08004de0   Section        0  hal_key.o(i.resetKey3)
    i.resetKey4                              0x08004dec   Section        0  hal_key.o(i.resetKey4)
    i.round                                  0x08004df8   Section        0  round.o(i.round)
    i.scan_keys                              0x08004e8c   Section        0  hal_key.o(i.scan_keys)
    i.setTimer2Callback                      0x08004f68   Section        0  tim-board.o(i.setTimer2Callback)
    i.time                                   0x08004f74   Section        0  main.o(i.time)
    i.timeChange                             0x08004ffc   Section        0  main.o(i.timeChange)
    .constdata                               0x08005100   Section       24  rtc-board.o(.constdata)
    DaysInMonth                              0x08005100   Data          12  rtc-board.o(.constdata)
    DaysInMonthLeapYear                      0x0800510c   Data          12  rtc-board.o(.constdata)
    .constdata                               0x08005118   Section       25  system_stm32l1xx.o(.constdata)
    .constdata                               0x08005131   Section        8  system_stm32l1xx.o(.constdata)
    .constdata                               0x08005139   Section     2224  hal_oled.o(.constdata)
    F8X16                                    0x08005139   Data        1520  hal_oled.o(.constdata)
    Hzk                                      0x08005729   Data         704  hal_oled.o(.constdata)
    .data                                    0x20000000   Section       40  main.o(.data)
    .data                                    0x20000028   Section        4  key_scaner.o(.data)
    key_scan_tick                            0x20000028   Data           4  key_scaner.o(.data)
    .data                                    0x2000002c   Section        4  board.o(.data)
    McuInitialized                           0x2000002c   Data           1  board.o(.data)
    IrqNestLevel                             0x2000002d   Data           1  board.o(.data)
    BatteryVoltage                           0x2000002e   Data           2  board.o(.data)
    .data                                    0x20000030   Section       16  rtc-board.o(.data)
    CalendarRollOverReady                    0x20000030   Data           1  rtc-board.o(.data)
    RtcTimerEventAllowsLowPower              0x20000032   Data           1  rtc-board.o(.data)
    LowPowerDisableDuringTask                0x20000033   Data           1  rtc-board.o(.data)
    RtcInitialized                           0x20000034   Data           1  rtc-board.o(.data)
    WakeUpTimeInitialized                    0x20000035   Data           1  rtc-board.o(.data)
    Century                                  0x20000036   Data           2  rtc-board.o(.data)
    TimeoutValueError                        0x2000003c   Data           4  rtc-board.o(.data)
    .data                                    0x20000040   Section        8  tim-board.o(.data)
    .data                                    0x20000048   Section        3  uart-board.o(.data)
    .data                                    0x2000004c   Section        6  usart1-board.o(.data)
    .data                                    0x20000054   Section        4  system_stm32l1xx.o(.data)
    .data                                    0x20000058   Section        4  stm32l1xx_hal.o(.data)
    .data                                    0x2000005c   Section       14  hal_key.o(.data)
    key2_status                              0x20000061   Data           1  hal_key.o(.data)
    key2_down_cnt                            0x20000062   Data           1  hal_key.o(.data)
    key2_up_cnt                              0x20000063   Data           1  hal_key.o(.data)
    key3_status                              0x20000064   Data           1  hal_key.o(.data)
    key3_down_cnt                            0x20000065   Data           1  hal_key.o(.data)
    key3_up_cnt                              0x20000066   Data           1  hal_key.o(.data)
    key4_status                              0x20000067   Data           1  hal_key.o(.data)
    key4_down_cnt                            0x20000068   Data           1  hal_key.o(.data)
    key4_up_cnt                              0x20000069   Data           1  hal_key.o(.data)
    .data                                    0x2000006c   Section        8  timer.o(.data)
    TimerListHead                            0x20000070   Data           4  timer.o(.data)
    .data                                    0x20000074   Section        4  uart.o(.data)
    .bss                                     0x20000078   Section       48  board.o(.bss)
    .bss                                     0x200000a8   Section       56  board.o(.bss)
    .bss                                     0x200000e0   Section       64  gpio-board.o(.bss)
    GpioIrq                                  0x200000e0   Data          64  gpio-board.o(.bss)
    .bss                                     0x20000120   Section       52  rtc-board.o(.bss)
    .bss                                     0x20000154   Section      112  tim-board.o(.bss)
    .bss                                     0x200001c4   Section      192  uart-board.o(.bss)
    .bss                                     0x20000284   Section      276  usart1-board.o(.bss)
    Usart1Timer                              0x20000384   Data          20  usart1-board.o(.bss)
    .bss                                     0x20000398   Section       24  stm32l1xx_hal_flash.o(.bss)
    .bss                                     0x200003b0   Section       48  hal_oled.o(.bss)
    .bss                                     0x200003e0   Section      588  sx1276.o(.bss)
    RxTxBuffer                               0x200003e0   Data         256  sx1276.o(.bss)
    STACK                                    0x20000630   Section     1024  startup_stm32l151xb.o(STACK)

    Global Symbols

    Symbol Name                              Value     Ov Type        Size  Object(Section)

    BuildAttributes$$THM_ISAv4$P$D$K$B$S$PE$A:L22UL41UL21$X:L11$S22US41US21$IEEE1$IW$USESV6$~STKCKD$USESV7$~SHL$OTIME$ROPI$IEEEJ$EBA8$MICROLIB$REQ8$PRES8$EABIv2 0x00000000   Number         0  anon$$obj.o ABSOLUTE
    __ARM_use_no_argv                        0x00000000   Number         0  main.o ABSOLUTE
    __use_no_errno                           0x00000000   Number         0  useno.o ABSOLUTE
    __use_no_exception_handling              0x00000000   Number         0  useno.o ABSOLUTE
    __use_no_fp                              0x00000000   Number         0  useno.o ABSOLUTE
    __use_no_heap                            0x00000000   Number         0  useno.o ABSOLUTE
    __use_no_heap_region                     0x00000000   Number         0  useno.o ABSOLUTE
    __use_no_semihosting                     0x00000000   Number         0  useno.o ABSOLUTE
    __use_no_semihosting_swi                 0x00000000   Number         0  useno.o ABSOLUTE
    __use_no_signal_handling                 0x00000000   Number         0  useno.o ABSOLUTE
    _printf_a                                0x00000000   Number         0  stubs.o ABSOLUTE
    _printf_c                                0x00000000   Number         0  stubs.o ABSOLUTE
    _printf_charcount                        0x00000000   Number         0  stubs.o ABSOLUTE
    _printf_d                                0x00000000   Number         0  stubs.o ABSOLUTE
    _printf_e                                0x00000000   Number         0  stubs.o ABSOLUTE
    _printf_f                                0x00000000   Number         0  stubs.o ABSOLUTE
    _printf_flags                            0x00000000   Number         0  stubs.o ABSOLUTE
    _printf_fp_dec                           0x00000000   Number         0  stubs.o ABSOLUTE
    _printf_fp_hex                           0x00000000   Number         0  stubs.o ABSOLUTE
    _printf_g                                0x00000000   Number         0  stubs.o ABSOLUTE
    _printf_i                                0x00000000   Number         0  stubs.o ABSOLUTE
    _printf_int_dec                          0x00000000   Number         0  stubs.o ABSOLUTE
    _printf_l                                0x00000000   Number         0  stubs.o ABSOLUTE
    _printf_lc                               0x00000000   Number         0  stubs.o ABSOLUTE
    _printf_ll                               0x00000000   Number         0  stubs.o ABSOLUTE
    _printf_lld                              0x00000000   Number         0  stubs.o ABSOLUTE
    _printf_lli                              0x00000000   Number         0  stubs.o ABSOLUTE
    _printf_llo                              0x00000000   Number         0  stubs.o ABSOLUTE
    _printf_llu                              0x00000000   Number         0  stubs.o ABSOLUTE
    _printf_llx                              0x00000000   Number         0  stubs.o ABSOLUTE
    _printf_longlong_dec                     0x00000000   Number         0  stubs.o ABSOLUTE
    _printf_longlong_hex                     0x00000000   Number         0  stubs.o ABSOLUTE
    _printf_longlong_oct                     0x00000000   Number         0  stubs.o ABSOLUTE
    _printf_ls                               0x00000000   Number         0  stubs.o ABSOLUTE
    _printf_mbtowc                           0x00000000   Number         0  stubs.o ABSOLUTE
    _printf_n                                0x00000000   Number         0  stubs.o ABSOLUTE
    _printf_o                                0x00000000   Number         0  stubs.o ABSOLUTE
    _printf_p                                0x00000000   Number         0  stubs.o ABSOLUTE
    _printf_percent                          0x00000000   Number         0  stubs.o ABSOLUTE
    _printf_pre_padding                      0x00000000   Number         0  stubs.o ABSOLUTE
    _printf_return_value                     0x00000000   Number         0  stubs.o ABSOLUTE
    _printf_s                                0x00000000   Number         0  stubs.o ABSOLUTE
    _printf_sizespec                         0x00000000   Number         0  stubs.o ABSOLUTE
    _printf_str                              0x00000000   Number         0  stubs.o ABSOLUTE
    _printf_truncate_signed                  0x00000000   Number         0  stubs.o ABSOLUTE
    _printf_truncate_unsigned                0x00000000   Number         0  stubs.o ABSOLUTE
    _printf_u                                0x00000000   Number         0  stubs.o ABSOLUTE
    _printf_wc                               0x00000000   Number         0  stubs.o ABSOLUTE
    _printf_wctomb                           0x00000000   Number         0  stubs.o ABSOLUTE
    _printf_widthprec                        0x00000000   Number         0  stubs.o ABSOLUTE
    _printf_x                                0x00000000   Number         0  stubs.o ABSOLUTE
    __cpp_initialize__aeabi_                  - Undefined Weak Reference
    __cxa_finalize                            - Undefined Weak Reference
    __decompress                              - Undefined Weak Reference
    _clock_init                               - Undefined Weak Reference
    _microlib_exit                            - Undefined Weak Reference
    __Vectors_Size                           0x000000f4   Number         0  startup_stm32l151xb.o ABSOLUTE
    __Vectors                                0x08000000   Data           4  startup_stm32l151xb.o(RESET)
    __Vectors_End                            0x080000f4   Data           0  startup_stm32l151xb.o(RESET)
    __main                                   0x080000f5   Thumb Code     0  entry.o(.ARM.Collect$$$$00000000)
    _main_stk                                0x080000f5   Thumb Code     0  entry2.o(.ARM.Collect$$$$00000001)
    _main_scatterload                        0x080000f9   Thumb Code     0  entry5.o(.ARM.Collect$$$$00000004)
    __main_after_scatterload                 0x080000fd   Thumb Code     0  entry5.o(.ARM.Collect$$$$00000004)
    _main_clock                              0x080000fd   Thumb Code     0  entry7b.o(.ARM.Collect$$$$00000008)
    _main_cpp_init                           0x080000fd   Thumb Code     0  entry8b.o(.ARM.Collect$$$$0000000A)
    _main_init                               0x080000fd   Thumb Code     0  entry9a.o(.ARM.Collect$$$$0000000B)
    __rt_final_cpp                           0x08000105   Thumb Code     0  entry10a.o(.ARM.Collect$$$$0000000D)
    __rt_final_exit                          0x08000105   Thumb Code     0  entry11a.o(.ARM.Collect$$$$0000000F)
    Reset_Handler                            0x08000109   Thumb Code     8  startup_stm32l151xb.o(.text)
    HardFault_Handler                        0x08000113   Thumb Code     2  startup_stm32l151xb.o(.text)
    SVC_Handler                              0x0800011b   Thumb Code     2  startup_stm32l151xb.o(.text)
    PendSV_Handler                           0x0800011f   Thumb Code     2  startup_stm32l151xb.o(.text)
    ADC1_IRQHandler                          0x08000123   Thumb Code     0  startup_stm32l151xb.o(.text)
    COMP_IRQHandler                          0x08000123   Thumb Code     0  startup_stm32l151xb.o(.text)
    DAC_IRQHandler                           0x08000123   Thumb Code     0  startup_stm32l151xb.o(.text)
    DMA1_Channel1_IRQHandler                 0x08000123   Thumb Code     0  startup_stm32l151xb.o(.text)
    DMA1_Channel2_IRQHandler                 0x08000123   Thumb Code     0  startup_stm32l151xb.o(.text)
    DMA1_Channel3_IRQHandler                 0x08000123   Thumb Code     0  startup_stm32l151xb.o(.text)
    DMA1_Channel4_IRQHandler                 0x08000123   Thumb Code     0  startup_stm32l151xb.o(.text)
    DMA1_Channel5_IRQHandler                 0x08000123   Thumb Code     0  startup_stm32l151xb.o(.text)
    DMA1_Channel6_IRQHandler                 0x08000123   Thumb Code     0  startup_stm32l151xb.o(.text)
    DMA1_Channel7_IRQHandler                 0x08000123   Thumb Code     0  startup_stm32l151xb.o(.text)
    FLASH_IRQHandler                         0x08000123   Thumb Code     0  startup_stm32l151xb.o(.text)
    I2C1_ER_IRQHandler                       0x08000123   Thumb Code     0  startup_stm32l151xb.o(.text)
    I2C1_EV_IRQHandler                       0x08000123   Thumb Code     0  startup_stm32l151xb.o(.text)
    I2C2_ER_IRQHandler                       0x08000123   Thumb Code     0  startup_stm32l151xb.o(.text)
    I2C2_EV_IRQHandler                       0x08000123   Thumb Code     0  startup_stm32l151xb.o(.text)
    PVD_IRQHandler                           0x08000123   Thumb Code     0  startup_stm32l151xb.o(.text)
    RCC_IRQHandler                           0x08000123   Thumb Code     0  startup_stm32l151xb.o(.text)
    RTC_WKUP_IRQHandler                      0x08000123   Thumb Code     0  startup_stm32l151xb.o(.text)
    SPI1_IRQHandler                          0x08000123   Thumb Code     0  startup_stm32l151xb.o(.text)
    SPI2_IRQHandler                          0x08000123   Thumb Code     0  startup_stm32l151xb.o(.text)
    TAMPER_STAMP_IRQHandler                  0x08000123   Thumb Code     0  startup_stm32l151xb.o(.text)
    TIM10_IRQHandler                         0x08000123   Thumb Code     0  startup_stm32l151xb.o(.text)
    TIM11_IRQHandler                         0x08000123   Thumb Code     0  startup_stm32l151xb.o(.text)
    TIM4_IRQHandler                          0x08000123   Thumb Code     0  startup_stm32l151xb.o(.text)
    TIM6_IRQHandler                          0x08000123   Thumb Code     0  startup_stm32l151xb.o(.text)
    TIM7_IRQHandler                          0x08000123   Thumb Code     0  startup_stm32l151xb.o(.text)
    TIM9_IRQHandler                          0x08000123   Thumb Code     0  startup_stm32l151xb.o(.text)
    USART2_IRQHandler                        0x08000123   Thumb Code     0  startup_stm32l151xb.o(.text)
    USART3_IRQHandler                        0x08000123   Thumb Code     0  startup_stm32l151xb.o(.text)
    USB_FS_WKUP_IRQHandler                   0x08000123   Thumb Code     0  startup_stm32l151xb.o(.text)
    USB_HP_IRQHandler                        0x08000123   Thumb Code     0  startup_stm32l151xb.o(.text)
    USB_LP_IRQHandler                        0x08000123   Thumb Code     0  startup_stm32l151xb.o(.text)
    WWDG_IRQHandler                          0x08000123   Thumb Code     0  startup_stm32l151xb.o(.text)
    __aeabi_memcpy                           0x0800012d   Thumb Code    36  memcpya.o(.text)
    __aeabi_memcpy4                          0x0800012d   Thumb Code     0  memcpya.o(.text)
    __aeabi_memcpy8                          0x0800012d   Thumb Code     0  memcpya.o(.text)
    __aeabi_memset                           0x08000151   Thumb Code    14  memseta.o(.text)
    __aeabi_memset4                          0x08000151   Thumb Code     0  memseta.o(.text)
    __aeabi_memset8                          0x08000151   Thumb Code     0  memseta.o(.text)
    __aeabi_memclr                           0x0800015f   Thumb Code     4  memseta.o(.text)
    __aeabi_memclr4                          0x0800015f   Thumb Code     0  memseta.o(.text)
    __aeabi_memclr8                          0x0800015f   Thumb Code     0  memseta.o(.text)
    _memset$wrapper                          0x08000163   Thumb Code    18  memseta.o(.text)
    __aeabi_dadd                             0x08000175   Thumb Code   322  dadd.o(.text)
    __aeabi_dsub                             0x080002b7   Thumb Code     6  dadd.o(.text)
    __aeabi_drsub                            0x080002bd   Thumb Code     6  dadd.o(.text)
    __aeabi_dmul                             0x080002c3   Thumb Code   228  dmul.o(.text)
    __aeabi_ddiv                             0x080003a7   Thumb Code   222  ddiv.o(.text)
    __aeabi_i2d                              0x08000485   Thumb Code    34  dflti.o(.text)
    __aeabi_ui2d                             0x080004a7   Thumb Code    26  dfltui.o(.text)
    __aeabi_d2iz                             0x080004c1   Thumb Code    62  dfixi.o(.text)
    __aeabi_d2uiz                            0x080004ff   Thumb Code    50  dfixui.o(.text)
    __aeabi_cdcmpeq                          0x08000531   Thumb Code     0  cdcmple.o(.text)
    __aeabi_cdcmple                          0x08000531   Thumb Code    48  cdcmple.o(.text)
    __aeabi_cdrcmple                         0x08000561   Thumb Code    48  cdrcmple.o(.text)
    __aeabi_uidiv                            0x08000591   Thumb Code     0  uidiv.o(.text)
    __aeabi_uidivmod                         0x08000591   Thumb Code    44  uidiv.o(.text)
    __aeabi_uldivmod                         0x080005bd   Thumb Code    98  uldiv.o(.text)
    __aeabi_llsl                             0x0800061f   Thumb Code    30  llshl.o(.text)
    _ll_shift_l                              0x0800061f   Thumb Code     0  llshl.o(.text)
    __aeabi_llsr                             0x0800063d   Thumb Code    32  llushr.o(.text)
    _ll_ushift_r                             0x0800063d   Thumb Code     0  llushr.o(.text)
    __aeabi_lasr                             0x0800065d   Thumb Code    36  llsshr.o(.text)
    _ll_sshift_r                             0x0800065d   Thumb Code     0  llsshr.o(.text)
    __I$use$fp                               0x08000681   Thumb Code     0  iusefp.o(.text)
    _double_round                            0x08000681   Thumb Code    30  depilogue.o(.text)
    _double_epilogue                         0x0800069f   Thumb Code   156  depilogue.o(.text)
    _drnd                                    0x0800073d   Thumb Code   132  drnd.o(.text)
    __aeabi_d2ulz                            0x080007c5   Thumb Code    48  dfixul.o(.text)
    __scatterload                            0x080007f5   Thumb Code    28  init.o(.text)
    __scatterload_rt2                        0x080007f5   Thumb Code     0  init.o(.text)
    BlockLowPowerDuringTask                  0x08000819   Thumb Code    16  rtc-board.o(i.BlockLowPowerDuringTask)
    BoardDisableIrq                          0x0800082d   Thumb Code    12  board.o(i.BoardDisableIrq)
    BoardEnableIrq                           0x0800083d   Thumb Code    18  board.o(i.BoardEnableIrq)
    BoardInitMcu                             0x08000855   Thumb Code   112  board.o(i.BoardInitMcu)
    BoardInitPeriph                          0x080008cd   Thumb Code    90  board.o(i.BoardInitPeriph)
    BusFault_Handler                         0x0800092d   Thumb Code     2  sysirqhandlers.o(i.BusFault_Handler)
    DebugMon_Handler                         0x0800092f   Thumb Code     2  sysirqhandlers.o(i.DebugMon_Handler)
    EXTI0_IRQHandler                         0x08000931   Thumb Code    16  gpio-board.o(i.EXTI0_IRQHandler)
    EXTI15_10_IRQHandler                     0x08000941   Thumb Code    58  gpio-board.o(i.EXTI15_10_IRQHandler)
    EXTI1_IRQHandler                         0x0800097b   Thumb Code    16  gpio-board.o(i.EXTI1_IRQHandler)
    EXTI2_IRQHandler                         0x0800098b   Thumb Code    16  gpio-board.o(i.EXTI2_IRQHandler)
    EXTI3_IRQHandler                         0x0800099b   Thumb Code    16  gpio-board.o(i.EXTI3_IRQHandler)
    EXTI4_IRQHandler                         0x080009ab   Thumb Code    16  gpio-board.o(i.EXTI4_IRQHandler)
    EXTI9_5_IRQHandler                       0x080009bb   Thumb Code    44  gpio-board.o(i.EXTI9_5_IRQHandler)
    FLASH_PageErase                          0x08000bcd   Thumb Code    32  stm32l1xx_hal_flash_ex.o(i.FLASH_PageErase)
    FLASH_WaitForLastOperation               0x08000c3d   Thumb Code    80  stm32l1xx_hal_flash.o(i.FLASH_WaitForLastOperation)
    GpioInit                                 0x08000c91   Thumb Code    16  gpio.o(i.GpioInit)
    GpioMcuInit                              0x08000ca1   Thumb Code   234  gpio-board.o(i.GpioMcuInit)
    GpioMcuWrite                             0x08000da5   Thumb Code    20  gpio-board.o(i.GpioMcuWrite)
    GpioWrite                                0x08000db9   Thumb Code     4  gpio.o(i.GpioWrite)
    HAL_DBGMCU_EnableDBGSleepMode            0x08000dbd   Thumb Code    12  stm32l1xx_hal.o(i.HAL_DBGMCU_EnableDBGSleepMode)
    HAL_DBGMCU_EnableDBGStandbyMode          0x08000dcd   Thumb Code    12  stm32l1xx_hal.o(i.HAL_DBGMCU_EnableDBGStandbyMode)
    HAL_DBGMCU_EnableDBGStopMode             0x08000ddd   Thumb Code    12  stm32l1xx_hal.o(i.HAL_DBGMCU_EnableDBGStopMode)
    HAL_Delay                                0x08000ded   Thumb Code    22  stm32l1xx_hal.o(i.HAL_Delay)
    HAL_FLASHEx_DATAEEPROM_Erase             0x08000e05   Thumb Code    58  stm32l1xx_hal_flash_ex.o(i.HAL_FLASHEx_DATAEEPROM_Erase)
    HAL_FLASHEx_DATAEEPROM_Lock              0x08000e45   Thumb Code    14  stm32l1xx_hal_flash_ex.o(i.HAL_FLASHEx_DATAEEPROM_Lock)
    HAL_FLASHEx_DATAEEPROM_Program           0x08000e59   Thumb Code   160  stm32l1xx_hal_flash_ex.o(i.HAL_FLASHEx_DATAEEPROM_Program)
    HAL_FLASHEx_DATAEEPROM_Unlock            0x08000f01   Thumb Code    28  stm32l1xx_hal_flash_ex.o(i.HAL_FLASHEx_DATAEEPROM_Unlock)
    HAL_FLASHEx_Erase                        0x08000f29   Thumb Code   120  stm32l1xx_hal_flash_ex.o(i.HAL_FLASHEx_Erase)
    HAL_FLASH_Lock                           0x08000fa9   Thumb Code    14  stm32l1xx_hal_flash.o(i.HAL_FLASH_Lock)
    HAL_FLASH_Unlock                         0x08000fbd   Thumb Code    46  stm32l1xx_hal_flash.o(i.HAL_FLASH_Unlock)
    HAL_GPIO_EXTI_Callback                   0x08001001   Thumb Code    30  gpio-board.o(i.HAL_GPIO_EXTI_Callback)
    HAL_GPIO_EXTI_IRQHandler                 0x08001025   Thumb Code    18  stm32l1xx_hal_gpio.o(i.HAL_GPIO_EXTI_IRQHandler)
    HAL_GPIO_Init                            0x0800103d   Thumb Code   364  stm32l1xx_hal_gpio.o(i.HAL_GPIO_Init)
    HAL_GPIO_ReadPin                         0x080011c9   Thumb Code    10  stm32l1xx_hal_gpio.o(i.HAL_GPIO_ReadPin)
    HAL_GPIO_WritePin                        0x080011d3   Thumb Code    10  stm32l1xx_hal_gpio.o(i.HAL_GPIO_WritePin)
    HAL_GetTick                              0x080011dd   Thumb Code     6  stm32l1xx_hal.o(i.HAL_GetTick)
    HAL_IncTick                              0x080011e9   Thumb Code    10  stm32l1xx_hal.o(i.HAL_IncTick)
    HAL_Init                                 0x080011f9   Thumb Code    22  stm32l1xx_hal.o(i.HAL_Init)
    HAL_InitTick                             0x08001211   Thumb Code    34  stm32l1xx_hal.o(i.HAL_InitTick)
    HAL_MspInit                              0x08001239   Thumb Code     2  stm32l1xx_hal.o(i.HAL_MspInit)
    HAL_NVIC_EnableIRQ                       0x0800123b   Thumb Code    22  stm32l1xx_hal_cortex.o(i.HAL_NVIC_EnableIRQ)
    HAL_NVIC_SetPriority                     0x08001251   Thumb Code    60  stm32l1xx_hal_cortex.o(i.HAL_NVIC_SetPriority)
    HAL_NVIC_SetPriorityGrouping             0x08001291   Thumb Code    26  stm32l1xx_hal_cortex.o(i.HAL_NVIC_SetPriorityGrouping)
    HAL_PWREx_GetVoltageRange                0x080012b5   Thumb Code    10  stm32l1xx_hal_pwr_ex.o(i.HAL_PWREx_GetVoltageRange)
    HAL_RCCEx_PeriphCLKConfig                0x080012c5   Thumb Code   348  stm32l1xx_hal_rcc_ex.o(i.HAL_RCCEx_PeriphCLKConfig)
    HAL_RCC_ClockConfig                      0x0800142d   Thumb Code   450  stm32l1xx_hal_rcc.o(i.HAL_RCC_ClockConfig)
    HAL_RCC_GetHCLKFreq                      0x08001601   Thumb Code     6  stm32l1xx_hal_rcc.o(i.HAL_RCC_GetHCLKFreq)
    HAL_RCC_GetPCLK1Freq                     0x0800160d   Thumb Code    34  stm32l1xx_hal_rcc.o(i.HAL_RCC_GetPCLK1Freq)
    HAL_RCC_GetPCLK2Freq                     0x0800163d   Thumb Code    34  stm32l1xx_hal_rcc.o(i.HAL_RCC_GetPCLK2Freq)
    HAL_RCC_GetSysClockFreq                  0x0800166d   Thumb Code   122  stm32l1xx_hal_rcc.o(i.HAL_RCC_GetSysClockFreq)
    HAL_RCC_OscConfig                        0x080016f9   Thumb Code  1860  stm32l1xx_hal_rcc.o(i.HAL_RCC_OscConfig)
    HAL_RTCEx_AlarmBEventCallback            0x08001e49   Thumb Code     2  stm32l1xx_hal_rtc_ex.o(i.HAL_RTCEx_AlarmBEventCallback)
    HAL_RTCEx_DeactivateWakeUpTimer          0x08001e4b   Thumb Code   122  stm32l1xx_hal_rtc_ex.o(i.HAL_RTCEx_DeactivateWakeUpTimer)
    HAL_RTC_AlarmAEventCallback              0x08001ec5   Thumb Code     2  stm32l1xx_hal_rtc.o(i.HAL_RTC_AlarmAEventCallback)
    HAL_RTC_AlarmIRQHandler                  0x08001ec9   Thumb Code    86  stm32l1xx_hal_rtc.o(i.HAL_RTC_AlarmIRQHandler)
    HAL_RTC_DeactivateAlarm                  0x08001f25   Thumb Code   178  stm32l1xx_hal_rtc.o(i.HAL_RTC_DeactivateAlarm)
    HAL_RTC_GetAlarm                         0x08001fd7   Thumb Code   110  stm32l1xx_hal_rtc_ex.o(i.HAL_RTC_GetAlarm)
    HAL_RTC_GetDate                          0x08002045   Thumb Code    62  stm32l1xx_hal_rtc.o(i.HAL_RTC_GetDate)
    HAL_RTC_GetTime                          0x08002089   Thumb Code    66  stm32l1xx_hal_rtc_ex.o(i.HAL_RTC_GetTime)
    HAL_RTC_Init                             0x080020d1   Thumb Code   150  stm32l1xx_hal_rtc.o(i.HAL_RTC_Init)
    HAL_RTC_MspInit                          0x0800216d   Thumb Code     2  stm32l1xx_hal_rtc.o(i.HAL_RTC_MspInit)
    HAL_RTC_SetAlarm_IT                      0x08002171   Thumb Code   378  stm32l1xx_hal_rtc_ex.o(i.HAL_RTC_SetAlarm_IT)
    HAL_RTC_SetDate                          0x080022f1   Thumb Code   196  stm32l1xx_hal_rtc.o(i.HAL_RTC_SetDate)
    HAL_RTC_SetTime                          0x080023b9   Thumb Code   228  stm32l1xx_hal_rtc.o(i.HAL_RTC_SetTime)
    HAL_RTC_WaitForSynchro                   0x080024a1   Thumb Code    54  stm32l1xx_hal_rtc_ex.o(i.HAL_RTC_WaitForSynchro)
    HAL_SPI_Init                             0x080024d7   Thumb Code   122  stm32l1xx_hal_spi_ex.o(i.HAL_SPI_Init)
    HAL_SPI_MspInit                          0x08002551   Thumb Code     2  stm32l1xx_hal_spi.o(i.HAL_SPI_MspInit)
    HAL_SYSTICK_CLKSourceConfig              0x08002553   Thumb Code    24  stm32l1xx_hal_cortex.o(i.HAL_SYSTICK_CLKSourceConfig)
    HAL_SYSTICK_Callback                     0x0800256b   Thumb Code     2  stm32l1xx_hal_cortex.o(i.HAL_SYSTICK_Callback)
    HAL_SYSTICK_Config                       0x0800256d   Thumb Code    40  stm32l1xx_hal_cortex.o(i.HAL_SYSTICK_Config)
    HAL_SYSTICK_IRQHandler                   0x08002595   Thumb Code     8  stm32l1xx_hal_cortex.o(i.HAL_SYSTICK_IRQHandler)
    HAL_TIM_Base_Init                        0x0800259d   Thumb Code    54  stm32l1xx_hal_tim.o(i.HAL_TIM_Base_Init)
    HAL_TIM_Base_MspInit                     0x080025d5   Thumb Code    86  tim-board.o(i.HAL_TIM_Base_MspInit)
    HAL_TIM_Base_Start_IT                    0x08002635   Thumb Code    24  stm32l1xx_hal_tim.o(i.HAL_TIM_Base_Start_IT)
    HAL_TIM_IC_CaptureCallback               0x0800264d   Thumb Code     2  stm32l1xx_hal_tim.o(i.HAL_TIM_IC_CaptureCallback)
    HAL_TIM_IRQHandler                       0x0800264f   Thumb Code   294  stm32l1xx_hal_tim.o(i.HAL_TIM_IRQHandler)
    HAL_TIM_OC_DelayElapsedCallback          0x08002775   Thumb Code     2  stm32l1xx_hal_tim.o(i.HAL_TIM_OC_DelayElapsedCallback)
    HAL_TIM_PWM_PulseFinishedCallback        0x08002777   Thumb Code     2  stm32l1xx_hal_tim.o(i.HAL_TIM_PWM_PulseFinishedCallback)
    HAL_TIM_PeriodElapsedCallback            0x08002779   Thumb Code    30  tim-board.o(i.HAL_TIM_PeriodElapsedCallback)
    HAL_TIM_TriggerCallback                  0x080027a1   Thumb Code     2  stm32l1xx_hal_tim.o(i.HAL_TIM_TriggerCallback)
    HAL_UART_Init                            0x080027a3   Thumb Code    94  stm32l1xx_hal_uart.o(i.HAL_UART_Init)
    HAL_UART_MspInit                         0x08002801   Thumb Code     2  stm32l1xx_hal_uart.o(i.HAL_UART_MspInit)
    HAL_UART_Receive_IT                      0x08002805   Thumb Code   106  stm32l1xx_hal_uart.o(i.HAL_UART_Receive_IT)
    Init                                     0x08002871   Thumb Code    30  main.o(i.Init)
    Key4_Scan                                0x08002895   Thumb Code   118  main.o(i.Key4_Scan)
    MemManage_Handler                        0x08002925   Thumb Code     2  sysirqhandlers.o(i.MemManage_Handler)
    NMI_Handler                              0x08002927   Thumb Code     2  sysirqhandlers.o(i.NMI_Handler)
    OLED_Clear                               0x08002949   Thumb Code    60  hal_oled.o(i.OLED_Clear)
    OLED_Init                                0x08002985   Thumb Code     6  hal_oled.o(i.OLED_Init)
    OLED_Init_Set_Inverse                    0x0800298d   Thumb Code   324  hal_oled.o(i.OLED_Init_Set_Inverse)
    OLED_Set_Pos                             0x08002ad5   Thumb Code    44  hal_oled.o(i.OLED_Set_Pos)
    OLED_ShowCHinese                         0x08002b01   Thumb Code    74  hal_oled.o(i.OLED_ShowCHinese)
    OLED_ShowChar                            0x08002b51   Thumb Code    94  hal_oled.o(i.OLED_ShowChar)
    OLED_ShowNum                             0x08002bb5   Thumb Code    98  hal_oled.o(i.OLED_ShowNum)
    OLED_ShowString                          0x08002c17   Thumb Code    50  hal_oled.o(i.OLED_ShowString)
    OLED_WR_Byte                             0x08002c49   Thumb Code    98  hal_oled.o(i.OLED_WR_Byte)
    Pointer                                  0x08002cd5   Thumb Code   144  main.o(i.Pointer)
    PrintFlashTest                           0x08002d6d   Thumb Code     4  flash.o(i.PrintFlashTest)
    RTC_Alarm_IRQHandler                     0x08002de9   Thumb Code    40  rtc-board.o(i.RTC_Alarm_IRQHandler)
    RTC_Bcd2ToByte                           0x08002e15   Thumb Code    18  stm32l1xx_hal_rtc.o(i.RTC_Bcd2ToByte)
    RTC_ByteToBcd2                           0x08002e27   Thumb Code    22  stm32l1xx_hal_rtc.o(i.RTC_ByteToBcd2)
    RTC_EnterInitMode                        0x08002e3d   Thumb Code    58  stm32l1xx_hal_rtc.o(i.RTC_EnterInitMode)
    RtcGetAdjustedTimeoutValue               0x08003219   Thumb Code    44  rtc-board.o(i.RtcGetAdjustedTimeoutValue)
    RtcGetElapsedAlarmTime                   0x080032a1   Thumb Code    30  rtc-board.o(i.RtcGetElapsedAlarmTime)
    RtcInit                                  0x080032c5   Thumb Code   128  rtc-board.o(i.RtcInit)
    RtcRecoverMcuStatus                      0x08003355   Thumb Code    52  rtc-board.o(i.RtcRecoverMcuStatus)
    RtcSetTimeout                            0x08003395   Thumb Code     4  rtc-board.o(i.RtcSetTimeout)
    SX1276IoInit                             0x0800342d   Thumb Code    60  sx1276-board.o(i.SX1276IoInit)
    Set_up                                   0x0800346d   Thumb Code   110  main.o(i.Set_up)
    SpiFormat                                0x080034e1   Thumb Code    48  spi-board.o(i.SpiFormat)
    SpiFrequency                             0x08003511   Thumb Code    38  spi-board.o(i.SpiFrequency)
    SpiInit                                  0x0800353d   Thumb Code   256  spi-board.o(i.SpiInit)
    SysTick_Handler                          0x0800364d   Thumb Code    14  board.o(i.SysTick_Handler)
    SystemInit                               0x080037c1   Thumb Code    62  system_stm32l1xx.o(i.SystemInit)
    TIM2_IRQHandler                          0x08003811   Thumb Code     6  tim-board.o(i.TIM2_IRQHandler)
    TIM3_IRQHandler                          0x0800381d   Thumb Code     6  tim-board.o(i.TIM3_IRQHandler)
    Tim2McuInit                              0x08003895   Thumb Code    78  tim-board.o(i.Tim2McuInit)
    Time2Handler                             0x0800391d   Thumb Code     4  timer_handles.o(i.Time2Handler)
    TimerInit                                0x08003921   Thumb Code    14  timer.o(i.TimerInit)
    TimerIrqHandler                          0x08003931   Thumb Code    78  timer.o(i.TimerIrqHandler)
    TimerSetValue                            0x080039a5   Thumb Code    16  timer.o(i.TimerSetValue)
    TimerStop                                0x080039b5   Thumb Code   134  timer.o(i.TimerStop)
    USART1_GetFlagStatus                     0x08003ce1   Thumb Code    16  usart1-board.o(i.USART1_GetFlagStatus)
    USART1_IRQHandler                        0x08003cf5   Thumb Code    46  usart1-board.o(i.USART1_IRQHandler)
    USART1_Init                              0x08003d2d   Thumb Code    58  usart1-board.o(i.USART1_Init)
    USART1_ReceiveClr                        0x08003d75   Thumb Code    16  usart1-board.o(i.USART1_ReceiveClr)
    USART1_ReceiveData                       0x08003d8d   Thumb Code    10  usart1-board.o(i.USART1_ReceiveData)
    USART1_SendStr                           0x08003d9d   Thumb Code    44  usart1-board.o(i.USART1_SendStr)
    UartConfig                               0x08003dcd   Thumb Code    26  uart.o(i.UartConfig)
    UartInit                                 0x08003de7   Thumb Code    26  uart.o(i.UartInit)
    UartMcuConfig                            0x08003e01   Thumb Code   682  uart-board.o(i.UartMcuConfig)
    UartMcuInit                              0x080040c1   Thumb Code   180  uart-board.o(i.UartMcuInit)
    UsageFault_Handler                       0x08004179   Thumb Code     2  sysirqhandlers.o(i.UsageFault_Handler)
    WriteFlashTest                           0x0800417b   Thumb Code    54  flash.o(i.WriteFlashTest)
    __0printf                                0x080041b1   Thumb Code    22  printfa.o(i.__0printf)
    __1printf                                0x080041b1   Thumb Code     0  printfa.o(i.__0printf)
    __2printf                                0x080041b1   Thumb Code     0  printfa.o(i.__0printf)
    __c89printf                              0x080041b1   Thumb Code     0  printfa.o(i.__0printf)
    printf                                   0x080041b1   Thumb Code     0  printfa.o(i.__0printf)
    __scatterload_copy                       0x080041d1   Thumb Code    14  handlers.o(i.__scatterload_copy)
    __scatterload_null                       0x080041df   Thumb Code     2  handlers.o(i.__scatterload_null)
    __scatterload_zeroinit                   0x080041e1   Thumb Code    14  handlers.o(i.__scatterload_zeroinit)
    ceil                                     0x08004a85   Thumb Code   204  ceil.o(i.ceil)
    day_count                                0x08004b61   Thumb Code   142  main.o(i.day_count)
    fputc                                    0x08004bf5   Thumb Code    18  uart.o(i.fputc)
    isKey2Pressed                            0x08004c0d   Thumb Code     6  hal_key.o(i.isKey2Pressed)
    isKey3Pressed                            0x08004c19   Thumb Code     6  hal_key.o(i.isKey3Pressed)
    isKey4Pressed                            0x08004c25   Thumb Code     6  hal_key.o(i.isKey4Pressed)
    keyScanner                               0x08004c31   Thumb Code    22  key_scaner.o(i.keyScanner)
    keys_init                                0x08004c4d   Thumb Code    60  hal_key.o(i.keys_init)
    main                                     0x08004c91   Thumb Code   282  main.o(i.main)
    oled_pow                                 0x08004dc5   Thumb Code    16  hal_oled.o(i.oled_pow)
    resetKey2                                0x08004dd5   Thumb Code     8  hal_key.o(i.resetKey2)
    resetKey3                                0x08004de1   Thumb Code     8  hal_key.o(i.resetKey3)
    resetKey4                                0x08004ded   Thumb Code     8  hal_key.o(i.resetKey4)
    round                                    0x08004df9   Thumb Code   136  round.o(i.round)
    scan_keys                                0x08004e8d   Thumb Code   208  hal_key.o(i.scan_keys)
    setTimer2Callback                        0x08004f69   Thumb Code     6  tim-board.o(i.setTimer2Callback)
    time                                     0x08004f75   Thumb Code   130  main.o(i.time)
    timeChange                               0x08004ffd   Thumb Code   246  main.o(i.timeChange)
    PLLMulTable                              0x08005118   Data           9  system_stm32l1xx.o(.constdata)
    AHBPrescTable                            0x08005121   Data          16  system_stm32l1xx.o(.constdata)
    APBPrescTable                            0x08005131   Data           8  system_stm32l1xx.o(.constdata)
    Region$$Table$$Base                      0x080059ec   Number         0  anon$$obj.o(Region$$Table)
    Region$$Table$$Limit                     0x08005a0c   Number         0  anon$$obj.o(Region$$Table)
    yes                                      0x20000000   Data           3  main.o(.data)
    no                                       0x20000003   Data           3  main.o(.data)
    year                                     0x20000008   Data           4  main.o(.data)
    month                                    0x2000000c   Data           4  main.o(.data)
    day                                      0x20000010   Data           4  main.o(.data)
    flag                                     0x20000014   Data           4  main.o(.data)
    count                                    0x20000018   Data           4  main.o(.data)
    Key4Flag                                 0x2000001c   Data           4  main.o(.data)
    year1                                    0x20000020   Data           4  main.o(.data)
    year2                                    0x20000024   Data           4  main.o(.data)
    NonScheduledWakeUp                       0x20000031   Data           1  rtc-board.o(.data)
    McuWakeUpTime                            0x20000038   Data           4  rtc-board.o(.data)
    timer2Callback                           0x20000040   Data           4  tim-board.o(.data)
    timer3Callback                           0x20000044   Data           4  tim-board.o(.data)
    RxData                                   0x20000048   Data           1  uart-board.o(.data)
    Rx2Data                                  0x20000049   Data           1  uart-board.o(.data)
    Rx3Data                                  0x2000004a   Data           1  uart-board.o(.data)
    F_USART1_RX_FINISH                       0x2000004c   Data           1  usart1-board.o(.data)
    F_USART1_RX_RECEIVING                    0x2000004d   Data           1  usart1-board.o(.data)
    USART1_RX_TIMEOUT_COUNT                  0x2000004e   Data           1  usart1-board.o(.data)
    USART1_RX_COUNT                          0x20000050   Data           2  usart1-board.o(.data)
    SystemCoreClock                          0x20000054   Data           4  system_stm32l1xx.o(.data)
    uwTick                                   0x20000058   Data           4  stm32l1xx_hal.o(.data)
    light_status                             0x2000005c   Data           1  hal_key.o(.data)
    fan_status                               0x2000005d   Data           1  hal_key.o(.data)
    is_key2_down                             0x2000005e   Data           1  hal_key.o(.data)
    is_key3_down                             0x2000005f   Data           1  hal_key.o(.data)
    is_key4_down                             0x20000060   Data           1  hal_key.o(.data)
    HasLoopedThroughMain                     0x2000006c   Data           1  timer.o(.data)
    __stdout                                 0x20000074   Data           4  uart.o(.data)
    Led1                                     0x20000078   Data          12  board.o(.bss)
    Led2                                     0x20000084   Data          12  board.o(.bss)
    Key2                                     0x20000090   Data          12  board.o(.bss)
    Adc                                      0x2000009c   Data          12  board.o(.bss)
    Uart1                                    0x200000a8   Data          56  board.o(.bss)
    RtcHandle                                0x20000120   Data          32  rtc-board.o(.bss)
    RtcCalendarContext                       0x20000140   Data          20  rtc-board.o(.bss)
    Tim2Handle                               0x20000154   Data          56  tim-board.o(.bss)
    Tim3Handle                               0x2000018c   Data          56  tim-board.o(.bss)
    UartHandle                               0x200001c4   Data          64  uart-board.o(.bss)
    Uart2Handle                              0x20000204   Data          64  uart-board.o(.bss)
    Uart3Handle                              0x20000244   Data          64  uart-board.o(.bss)
    USART1_RX_BUF                            0x20000284   Data         255  usart1-board.o(.bss)
    pFlash                                   0x20000398   Data          24  stm32l1xx_hal_flash.o(.bss)
    OLED_CS_PIN                              0x200003b0   Data          12  hal_oled.o(.bss)
    OLED_DC_PIN                              0x200003bc   Data          12  hal_oled.o(.bss)
    OLED_SCLK_PIN                            0x200003c8   Data          12  hal_oled.o(.bss)
    OLED_SDIN_PIN                            0x200003d4   Data          12  hal_oled.o(.bss)
    SX1276                                   0x200004e0   Data         272  sx1276.o(.bss)
    TxTimeoutTimer                           0x200005f0   Data          20  sx1276.o(.bss)
    RxTimeoutTimer                           0x20000604   Data          20  sx1276.o(.bss)
    RxTimeoutSyncWord                        0x20000618   Data          20  sx1276.o(.bss)
    __initial_sp                             0x20000a30   Data           0  startup_stm32l151xb.o(STACK)



==============================================================================

Memory Map of the image

  Image Entry point : 0x080000f5

  Load Region LR_IROM1 (Base: 0x08000000, Size: 0x00005a84, Max: 0x00010000, ABSOLUTE)

    Execution Region ER_IROM1 (Base: 0x08000000, Size: 0x00005a0c, Max: 0x00010000, ABSOLUTE)

    Base Addr    Size         Type   Attr      Idx    E Section Name        Object

    0x08000000   0x000000f4   Data   RO         1616    RESET               startup_stm32l151xb.o
    0x080000f4   0x00000000   Code   RO         6195  * .ARM.Collect$$$$00000000  mc_w.l(entry.o)
    0x080000f4   0x00000004   Code   RO         6493    .ARM.Collect$$$$00000001  mc_w.l(entry2.o)
    0x080000f8   0x00000004   Code   RO         6496    .ARM.Collect$$$$00000004  mc_w.l(entry5.o)
    0x080000fc   0x00000000   Code   RO         6498    .ARM.Collect$$$$00000008  mc_w.l(entry7b.o)
    0x080000fc   0x00000000   Code   RO         6500    .ARM.Collect$$$$0000000A  mc_w.l(entry8b.o)
    0x080000fc   0x00000008   Code   RO         6501    .ARM.Collect$$$$0000000B  mc_w.l(entry9a.o)
    0x08000104   0x00000000   Code   RO         6503    .ARM.Collect$$$$0000000D  mc_w.l(entry10a.o)
    0x08000104   0x00000000   Code   RO         6505    .ARM.Collect$$$$0000000F  mc_w.l(entry11a.o)
    0x08000104   0x00000004   Code   RO         6494    .ARM.Collect$$$$00002712  mc_w.l(entry2.o)
    0x08000108   0x00000024   Code   RO         1617    .text               startup_stm32l151xb.o
    0x0800012c   0x00000024   Code   RO         6198    .text               mc_w.l(memcpya.o)
    0x08000150   0x00000024   Code   RO         6200    .text               mc_w.l(memseta.o)
    0x08000174   0x0000014e   Code   RO         6467    .text               mf_w.l(dadd.o)
    0x080002c2   0x000000e4   Code   RO         6469    .text               mf_w.l(dmul.o)
    0x080003a6   0x000000de   Code   RO         6471    .text               mf_w.l(ddiv.o)
    0x08000484   0x00000022   Code   RO         6475    .text               mf_w.l(dflti.o)
    0x080004a6   0x0000001a   Code   RO         6477    .text               mf_w.l(dfltui.o)
    0x080004c0   0x0000003e   Code   RO         6481    .text               mf_w.l(dfixi.o)
    0x080004fe   0x00000032   Code   RO         6483    .text               mf_w.l(dfixui.o)
    0x08000530   0x00000030   Code   RO         6487    .text               mf_w.l(cdcmple.o)
    0x08000560   0x00000030   Code   RO         6489    .text               mf_w.l(cdrcmple.o)
    0x08000590   0x0000002c   Code   RO         6507    .text               mc_w.l(uidiv.o)
    0x080005bc   0x00000062   Code   RO         6509    .text               mc_w.l(uldiv.o)
    0x0800061e   0x0000001e   Code   RO         6511    .text               mc_w.l(llshl.o)
    0x0800063c   0x00000020   Code   RO         6513    .text               mc_w.l(llushr.o)
    0x0800065c   0x00000024   Code   RO         6515    .text               mc_w.l(llsshr.o)
    0x08000680   0x00000000   Code   RO         6517    .text               mc_w.l(iusefp.o)
    0x08000680   0x000000ba   Code   RO         6520    .text               mf_w.l(depilogue.o)
    0x0800073a   0x00000002   PAD
    0x0800073c   0x00000088   Code   RO         6522    .text               mf_w.l(drnd.o)
    0x080007c4   0x00000030   Code   RO         6524    .text               mf_w.l(dfixul.o)
    0x080007f4   0x00000024   Code   RO         6526    .text               mc_w.l(init.o)
    0x08000818   0x00000014   Code   RO         1159    i.BlockLowPowerDuringTask  rtc-board.o
    0x0800082c   0x00000010   Code   RO          944    i.BoardDisableIrq   board.o
    0x0800083c   0x00000018   Code   RO          945    i.BoardEnableIrq    board.o
    0x08000854   0x00000078   Code   RO          950    i.BoardInitMcu      board.o
    0x080008cc   0x00000060   Code   RO          951    i.BoardInitPeriph   board.o
    0x0800092c   0x00000002   Code   RO         5052    i.BusFault_Handler  sysirqhandlers.o
    0x0800092e   0x00000002   Code   RO         5053    i.DebugMon_Handler  sysirqhandlers.o
    0x08000930   0x00000010   Code   RO         1052    i.EXTI0_IRQHandler  gpio-board.o
    0x08000940   0x0000003a   Code   RO         1053    i.EXTI15_10_IRQHandler  gpio-board.o
    0x0800097a   0x00000010   Code   RO         1054    i.EXTI1_IRQHandler  gpio-board.o
    0x0800098a   0x00000010   Code   RO         1055    i.EXTI2_IRQHandler  gpio-board.o
    0x0800099a   0x00000010   Code   RO         1056    i.EXTI3_IRQHandler  gpio-board.o
    0x080009aa   0x00000010   Code   RO         1057    i.EXTI4_IRQHandler  gpio-board.o
    0x080009ba   0x0000002c   Code   RO         1058    i.EXTI9_5_IRQHandler  gpio-board.o
    0x080009e6   0x00000002   PAD
    0x080009e8   0x0000006c   Code   RO         2356    i.FLASH_DATAEEPROM_FastProgramByte  stm32l1xx_hal_flash_ex.o
    0x08000a54   0x00000094   Code   RO         2357    i.FLASH_DATAEEPROM_FastProgramHalfWord  stm32l1xx_hal_flash_ex.o
    0x08000ae8   0x00000060   Code   RO         2358    i.FLASH_DATAEEPROM_ProgramByte  stm32l1xx_hal_flash_ex.o
    0x08000b48   0x00000084   Code   RO         2359    i.FLASH_DATAEEPROM_ProgramHalfWord  stm32l1xx_hal_flash_ex.o
    0x08000bcc   0x00000028   Code   RO         2361    i.FLASH_PageErase   stm32l1xx_hal_flash_ex.o
    0x08000bf4   0x00000048   Code   RO         2258    i.FLASH_SetErrorCode  stm32l1xx_hal_flash.o
    0x08000c3c   0x00000054   Code   RO         2259    i.FLASH_WaitForLastOperation  stm32l1xx_hal_flash.o
    0x08000c90   0x00000010   Code   RO         5893    i.GpioInit          gpio.o
    0x08000ca0   0x00000104   Code   RO         1059    i.GpioMcuInit       gpio-board.o
    0x08000da4   0x00000014   Code   RO         1064    i.GpioMcuWrite      gpio-board.o
    0x08000db8   0x00000004   Code   RO         5898    i.GpioWrite         gpio.o
    0x08000dbc   0x00000010   Code   RO         1665    i.HAL_DBGMCU_EnableDBGSleepMode  stm32l1xx_hal.o
    0x08000dcc   0x00000010   Code   RO         1666    i.HAL_DBGMCU_EnableDBGStandbyMode  stm32l1xx_hal.o
    0x08000ddc   0x00000010   Code   RO         1667    i.HAL_DBGMCU_EnableDBGStopMode  stm32l1xx_hal.o
    0x08000dec   0x00000016   Code   RO         1669    i.HAL_Delay         stm32l1xx_hal.o
    0x08000e02   0x00000002   PAD
    0x08000e04   0x00000040   Code   RO         2364    i.HAL_FLASHEx_DATAEEPROM_Erase  stm32l1xx_hal_flash_ex.o
    0x08000e44   0x00000014   Code   RO         2365    i.HAL_FLASHEx_DATAEEPROM_Lock  stm32l1xx_hal_flash_ex.o
    0x08000e58   0x000000a8   Code   RO         2366    i.HAL_FLASHEx_DATAEEPROM_Program  stm32l1xx_hal_flash_ex.o
    0x08000f00   0x00000028   Code   RO         2367    i.HAL_FLASHEx_DATAEEPROM_Unlock  stm32l1xx_hal_flash_ex.o
    0x08000f28   0x00000080   Code   RO         2368    i.HAL_FLASHEx_Erase  stm32l1xx_hal_flash_ex.o
    0x08000fa8   0x00000014   Code   RO         2263    i.HAL_FLASH_Lock    stm32l1xx_hal_flash.o
    0x08000fbc   0x00000044   Code   RO         2270    i.HAL_FLASH_Unlock  stm32l1xx_hal_flash.o
    0x08001000   0x00000024   Code   RO         1065    i.HAL_GPIO_EXTI_Callback  gpio-board.o
    0x08001024   0x00000018   Code   RO         2527    i.HAL_GPIO_EXTI_IRQHandler  stm32l1xx_hal_gpio.o
    0x0800103c   0x0000018c   Code   RO         2528    i.HAL_GPIO_Init     stm32l1xx_hal_gpio.o
    0x080011c8   0x0000000a   Code   RO         2530    i.HAL_GPIO_ReadPin  stm32l1xx_hal_gpio.o
    0x080011d2   0x0000000a   Code   RO         2532    i.HAL_GPIO_WritePin  stm32l1xx_hal_gpio.o
    0x080011dc   0x0000000c   Code   RO         1673    i.HAL_GetTick       stm32l1xx_hal.o
    0x080011e8   0x00000010   Code   RO         1674    i.HAL_IncTick       stm32l1xx_hal.o
    0x080011f8   0x00000016   Code   RO         1675    i.HAL_Init          stm32l1xx_hal.o
    0x0800120e   0x00000002   PAD
    0x08001210   0x00000028   Code   RO         1676    i.HAL_InitTick      stm32l1xx_hal.o
    0x08001238   0x00000002   Code   RO         1678    i.HAL_MspInit       stm32l1xx_hal.o
    0x0800123a   0x00000016   Code   RO         2043    i.HAL_NVIC_EnableIRQ  stm32l1xx_hal_cortex.o
    0x08001250   0x00000040   Code   RO         2049    i.HAL_NVIC_SetPriority  stm32l1xx_hal_cortex.o
    0x08001290   0x00000024   Code   RO         2050    i.HAL_NVIC_SetPriorityGrouping  stm32l1xx_hal_cortex.o
    0x080012b4   0x00000010   Code   RO         3145    i.HAL_PWREx_GetVoltageRange  stm32l1xx_hal_pwr_ex.o
    0x080012c4   0x00000168   Code   RO         3308    i.HAL_RCCEx_PeriphCLKConfig  stm32l1xx_hal_rcc_ex.o
    0x0800142c   0x000001d4   Code   RO         3200    i.HAL_RCC_ClockConfig  stm32l1xx_hal_rcc.o
    0x08001600   0x0000000c   Code   RO         3205    i.HAL_RCC_GetHCLKFreq  stm32l1xx_hal_rcc.o
    0x0800160c   0x00000030   Code   RO         3207    i.HAL_RCC_GetPCLK1Freq  stm32l1xx_hal_rcc.o
    0x0800163c   0x00000030   Code   RO         3208    i.HAL_RCC_GetPCLK2Freq  stm32l1xx_hal_rcc.o
    0x0800166c   0x0000008c   Code   RO         3209    i.HAL_RCC_GetSysClockFreq  stm32l1xx_hal_rcc.o
    0x080016f8   0x00000750   Code   RO         3212    i.HAL_RCC_OscConfig  stm32l1xx_hal_rcc.o
    0x08001e48   0x00000002   Code   RO         3449    i.HAL_RTCEx_AlarmBEventCallback  stm32l1xx_hal_rtc_ex.o
    0x08001e4a   0x0000007a   Code   RO         3457    i.HAL_RTCEx_DeactivateWakeUpTimer  stm32l1xx_hal_rtc_ex.o
    0x08001ec4   0x00000002   Code   RO         3342    i.HAL_RTC_AlarmAEventCallback  stm32l1xx_hal_rtc.o
    0x08001ec6   0x00000002   PAD
    0x08001ec8   0x0000005c   Code   RO         3343    i.HAL_RTC_AlarmIRQHandler  stm32l1xx_hal_rtc.o
    0x08001f24   0x000000b2   Code   RO         3345    i.HAL_RTC_DeactivateAlarm  stm32l1xx_hal_rtc.o
    0x08001fd6   0x0000006e   Code   RO         3479    i.HAL_RTC_GetAlarm  stm32l1xx_hal_rtc_ex.o
    0x08002044   0x00000044   Code   RO         3346    i.HAL_RTC_GetDate   stm32l1xx_hal_rtc.o
    0x08002088   0x00000048   Code   RO         3480    i.HAL_RTC_GetTime   stm32l1xx_hal_rtc_ex.o
    0x080020d0   0x0000009c   Code   RO         3348    i.HAL_RTC_Init      stm32l1xx_hal_rtc.o
    0x0800216c   0x00000002   Code   RO         3350    i.HAL_RTC_MspInit   stm32l1xx_hal_rtc.o
    0x0800216e   0x00000002   PAD
    0x08002170   0x00000180   Code   RO         3482    i.HAL_RTC_SetAlarm_IT  stm32l1xx_hal_rtc_ex.o
    0x080022f0   0x000000c8   Code   RO         3352    i.HAL_RTC_SetDate   stm32l1xx_hal_rtc.o
    0x080023b8   0x000000e8   Code   RO         3353    i.HAL_RTC_SetTime   stm32l1xx_hal_rtc.o
    0x080024a0   0x00000036   Code   RO         3483    i.HAL_RTC_WaitForSynchro  stm32l1xx_hal_rtc_ex.o
    0x080024d6   0x0000007a   Code   RO         3916    i.HAL_SPI_Init      stm32l1xx_hal_spi_ex.o
    0x08002550   0x00000002   Code   RO         3687    i.HAL_SPI_MspInit   stm32l1xx_hal_spi.o
    0x08002552   0x00000018   Code   RO         2052    i.HAL_SYSTICK_CLKSourceConfig  stm32l1xx_hal_cortex.o
    0x0800256a   0x00000002   Code   RO         2053    i.HAL_SYSTICK_Callback  stm32l1xx_hal_cortex.o
    0x0800256c   0x00000028   Code   RO         2054    i.HAL_SYSTICK_Config  stm32l1xx_hal_cortex.o
    0x08002594   0x00000008   Code   RO         2055    i.HAL_SYSTICK_IRQHandler  stm32l1xx_hal_cortex.o
    0x0800259c   0x00000036   Code   RO         3942    i.HAL_TIM_Base_Init  stm32l1xx_hal_tim.o
    0x080025d2   0x00000002   PAD
    0x080025d4   0x00000060   Code   RO         1422    i.HAL_TIM_Base_MspInit  tim-board.o
    0x08002634   0x00000018   Code   RO         3947    i.HAL_TIM_Base_Start_IT  stm32l1xx_hal_tim.o
    0x0800264c   0x00000002   Code   RO         3971    i.HAL_TIM_IC_CaptureCallback  stm32l1xx_hal_tim.o
    0x0800264e   0x00000126   Code   RO         3984    i.HAL_TIM_IRQHandler  stm32l1xx_hal_tim.o
    0x08002774   0x00000002   Code   RO         3987    i.HAL_TIM_OC_DelayElapsedCallback  stm32l1xx_hal_tim.o
    0x08002776   0x00000002   Code   RO         4014    i.HAL_TIM_PWM_PulseFinishedCallback  stm32l1xx_hal_tim.o
    0x08002778   0x00000028   Code   RO         1423    i.HAL_TIM_PeriodElapsedCallback  tim-board.o
    0x080027a0   0x00000002   Code   RO         4025    i.HAL_TIM_TriggerCallback  stm32l1xx_hal_tim.o
    0x080027a2   0x0000005e   Code   RO         4613    i.HAL_UART_Init     stm32l1xx_hal_uart.o
    0x08002800   0x00000002   Code   RO         4615    i.HAL_UART_MspInit  stm32l1xx_hal_uart.o
    0x08002802   0x00000002   PAD
    0x08002804   0x0000006a   Code   RO         4618    i.HAL_UART_Receive_IT  stm32l1xx_hal_uart.o
    0x0800286e   0x00000002   PAD
    0x08002870   0x00000024   Code   RO            4    i.Init              main.o
    0x08002894   0x00000090   Code   RO            5    i.Key4_Scan         main.o
    0x08002924   0x00000002   Code   RO         5054    i.MemManage_Handler  sysirqhandlers.o
    0x08002926   0x00000002   Code   RO         5055    i.NMI_Handler       sysirqhandlers.o
    0x08002928   0x00000020   Code   RO         2056    i.NVIC_SetPriority  stm32l1xx_hal_cortex.o
    0x08002948   0x0000003c   Code   RO         5255    i.OLED_Clear        hal_oled.o
    0x08002984   0x00000006   Code   RO         5262    i.OLED_Init         hal_oled.o
    0x0800298a   0x00000002   PAD
    0x0800298c   0x00000148   Code   RO         5264    i.OLED_Init_Set_Inverse  hal_oled.o
    0x08002ad4   0x0000002c   Code   RO         5265    i.OLED_Set_Pos      hal_oled.o
    0x08002b00   0x00000050   Code   RO         5266    i.OLED_ShowCHinese  hal_oled.o
    0x08002b50   0x00000064   Code   RO         5268    i.OLED_ShowChar     hal_oled.o
    0x08002bb4   0x00000062   Code   RO         5270    i.OLED_ShowNum      hal_oled.o
    0x08002c16   0x00000032   Code   RO         5271    i.OLED_ShowString   hal_oled.o
    0x08002c48   0x00000068   Code   RO         5272    i.OLED_WR_Byte      hal_oled.o
    0x08002cb0   0x00000024   Code   RO         1536    i.OnUsart1TimerEvent  usart1-board.o
    0x08002cd4   0x00000098   Code   RO            7    i.Pointer           main.o
    0x08002d6c   0x00000004   Code   RO         6104    i.PrintFlashTest    flash.o
    0x08002d70   0x00000078   Code   RO         3213    i.RCC_SetFlashLatencyFromMSIRange  stm32l1xx_hal_rcc.o
    0x08002de8   0x0000002c   Code   RO         1160    i.RTC_Alarm_IRQHandler  rtc-board.o
    0x08002e14   0x00000012   Code   RO         3354    i.RTC_Bcd2ToByte    stm32l1xx_hal_rtc.o
    0x08002e26   0x00000016   Code   RO         3355    i.RTC_ByteToBcd2    stm32l1xx_hal_rtc.o
    0x08002e3c   0x0000003a   Code   RO         3356    i.RTC_EnterInitMode  stm32l1xx_hal_rtc.o
    0x08002e76   0x00000002   PAD
    0x08002e78   0x000001dc   Code   RO         1163    i.RtcComputeTimerTimeToAlarmTick  rtc-board.o
    0x08003054   0x00000098   Code   RO         1164    i.RtcComputeWakeUpTime  rtc-board.o
    0x080030ec   0x0000012c   Code   RO         1165    i.RtcConvertCalendarTickToTimerTime  rtc-board.o
    0x08003218   0x00000030   Code   RO         1168    i.RtcGetAdjustedTimeoutValue  rtc-board.o
    0x08003248   0x00000058   Code   RO         1169    i.RtcGetCalendar    rtc-board.o
    0x080032a0   0x00000024   Code   RO         1170    i.RtcGetElapsedAlarmTime  rtc-board.o
    0x080032c4   0x00000090   Code   RO         1172    i.RtcInit           rtc-board.o
    0x08003354   0x00000040   Code   RO         1173    i.RtcRecoverMcuStatus  rtc-board.o
    0x08003394   0x00000004   Code   RO         1174    i.RtcSetTimeout     rtc-board.o
    0x08003398   0x00000094   Code   RO         1175    i.RtcStartWakeUpAlarm  rtc-board.o
    0x0800342c   0x00000040   Code   RO         1335    i.SX1276IoInit      sx1276-board.o
    0x0800346c   0x00000074   Code   RO            8    i.Set_up            main.o
    0x080034e0   0x00000030   Code   RO         1283    i.SpiFormat         spi-board.o
    0x08003510   0x0000002c   Code   RO         1284    i.SpiFrequency      spi-board.o
    0x0800353c   0x00000110   Code   RO         1286    i.SpiInit           spi-board.o
    0x0800364c   0x0000000e   Code   RO          953    i.SysTick_Handler   board.o
    0x0800365a   0x00000002   PAD
    0x0800365c   0x0000009c   Code   RO          954    i.SystemClockConfig  board.o
    0x080036f8   0x000000c8   Code   RO          955    i.SystemClockReConfig  board.o
    0x080037c0   0x00000050   Code   RO         1625    i.SystemInit        system_stm32l1xx.o
    0x08003810   0x0000000c   Code   RO         1424    i.TIM2_IRQHandler   tim-board.o
    0x0800381c   0x0000000c   Code   RO         1425    i.TIM3_IRQHandler   tim-board.o
    0x08003828   0x0000006c   Code   RO         4026    i.TIM_Base_SetConfig  stm32l1xx_hal_tim.o
    0x08003894   0x00000088   Code   RO         1426    i.Tim2McuInit       tim-board.o
    0x0800391c   0x00000004   Code   RO          304    i.Time2Handler      timer_handles.o
    0x08003920   0x0000000e   Code   RO         5951    i.TimerInit         timer.o
    0x0800392e   0x00000002   PAD
    0x08003930   0x00000054   Code   RO         5954    i.TimerIrqHandler   timer.o
    0x08003984   0x00000020   Code   RO         5957    i.TimerSetTimeout   timer.o
    0x080039a4   0x00000010   Code   RO         5958    i.TimerSetValue     timer.o
    0x080039b4   0x0000008c   Code   RO         5960    i.TimerStop         timer.o
    0x08003a40   0x000002a0   Code   RO         4632    i.UART_SetConfig    stm32l1xx_hal_uart.o
    0x08003ce0   0x00000014   Code   RO         1537    i.USART1_GetFlagStatus  usart1-board.o
    0x08003cf4   0x00000038   Code   RO         1538    i.USART1_IRQHandler  usart1-board.o
    0x08003d2c   0x00000048   Code   RO         1539    i.USART1_Init       usart1-board.o
    0x08003d74   0x00000018   Code   RO         1541    i.USART1_ReceiveClr  usart1-board.o
    0x08003d8c   0x00000010   Code   RO         1542    i.USART1_ReceiveData  usart1-board.o
    0x08003d9c   0x00000030   Code   RO         1544    i.USART1_SendStr    usart1-board.o
    0x08003dcc   0x0000001a   Code   RO         6049    i.UartConfig        uart.o
    0x08003de6   0x0000001a   Code   RO         6051    i.UartInit          uart.o
    0x08003e00   0x000002c0   Code   RO         1492    i.UartMcuConfig     uart-board.o
    0x080040c0   0x000000b8   Code   RO         1494    i.UartMcuInit       uart-board.o
    0x08004178   0x00000002   Code   RO         5056    i.UsageFault_Handler  sysirqhandlers.o
    0x0800417a   0x00000036   Code   RO         6108    i.WriteFlashTest    flash.o
    0x080041b0   0x00000020   Code   RO         6437    i.__0printf         mc_w.l(printfa.o)
    0x080041d0   0x0000000e   Code   RO         6530    i.__scatterload_copy  mc_w.l(handlers.o)
    0x080041de   0x00000002   Code   RO         6531    i.__scatterload_null  mc_w.l(handlers.o)
    0x080041e0   0x0000000e   Code   RO         6532    i.__scatterload_zeroinit  mc_w.l(handlers.o)
    0x080041ee   0x00000002   PAD
    0x080041f0   0x00000164   Code   RO         6444    i._fp_digits        mc_w.l(printfa.o)
    0x08004354   0x000006dc   Code   RO         6445    i._printf_core      mc_w.l(printfa.o)
    0x08004a30   0x00000024   Code   RO         6446    i._printf_post_padding  mc_w.l(printfa.o)
    0x08004a54   0x0000002e   Code   RO         6447    i._printf_pre_padding  mc_w.l(printfa.o)
    0x08004a82   0x00000002   PAD
    0x08004a84   0x000000dc   Code   RO         6186    i.ceil              m_ws.l(ceil.o)
    0x08004b60   0x00000094   Code   RO            9    i.day_count         main.o
    0x08004bf4   0x00000018   Code   RO         6053    i.fputc             uart.o
    0x08004c0c   0x0000000c   Code   RO         5164    i.isKey2Pressed     hal_key.o
    0x08004c18   0x0000000c   Code   RO         5165    i.isKey3Pressed     hal_key.o
    0x08004c24   0x0000000c   Code   RO         5166    i.isKey4Pressed     hal_key.o
    0x08004c30   0x0000001c   Code   RO          728    i.keyScanner        key_scaner.o
    0x08004c4c   0x00000044   Code   RO         5167    i.keys_init         hal_key.o
    0x08004c90   0x00000134   Code   RO           11    i.main              main.o
    0x08004dc4   0x00000010   Code   RO         5273    i.oled_pow          hal_oled.o
    0x08004dd4   0x0000000c   Code   RO         5170    i.resetKey2         hal_key.o
    0x08004de0   0x0000000c   Code   RO         5171    i.resetKey3         hal_key.o
    0x08004dec   0x0000000c   Code   RO         5172    i.resetKey4         hal_key.o
    0x08004df8   0x00000094   Code   RO         6193    i.round             m_ws.l(round.o)
    0x08004e8c   0x000000dc   Code   RO         5173    i.scan_keys         hal_key.o
    0x08004f68   0x0000000c   Code   RO         1428    i.setTimer2Callback  tim-board.o
    0x08004f74   0x00000088   Code   RO           12    i.time              main.o
    0x08004ffc   0x00000104   Code   RO           13    i.timeChange        main.o
    0x08005100   0x00000018   Data   RO         1177    .constdata          rtc-board.o
    0x08005118   0x00000019   Data   RO         1626    .constdata          system_stm32l1xx.o
    0x08005131   0x00000008   Data   RO         1627    .constdata          system_stm32l1xx.o
    0x08005139   0x000008b0   Data   RO         5276    .constdata          hal_oled.o
    0x080059e9   0x00000003   PAD
    0x080059ec   0x00000020   Data   RO         6528    Region$$Table       anon$$obj.o


    Execution Region RW_IRAM1 (Base: 0x20000000, Size: 0x00000a30, Max: 0x00002800, ABSOLUTE)

    Base Addr    Size         Type   Attr      Idx    E Section Name        Object

    0x20000000   0x00000028   Data   RW           15    .data               main.o
    0x20000028   0x00000004   Data   RW          729    .data               key_scaner.o
    0x2000002c   0x00000004   Data   RW          959    .data               board.o
    0x20000030   0x00000010   Data   RW         1178    .data               rtc-board.o
    0x20000040   0x00000008   Data   RW         1431    .data               tim-board.o
    0x20000048   0x00000003   Data   RW         1496    .data               uart-board.o
    0x2000004b   0x00000001   PAD
    0x2000004c   0x00000006   Data   RW         1546    .data               usart1-board.o
    0x20000052   0x00000002   PAD
    0x20000054   0x00000004   Data   RW         1628    .data               system_stm32l1xx.o
    0x20000058   0x00000004   Data   RW         1681    .data               stm32l1xx_hal.o
    0x2000005c   0x0000000e   Data   RW         5174    .data               hal_key.o
    0x2000006a   0x00000002   PAD
    0x2000006c   0x00000008   Data   RW         5961    .data               timer.o
    0x20000074   0x00000004   Data   RW         6054    .data               uart.o
    0x20000078   0x00000030   Zero   RW          956    .bss                board.o
    0x200000a8   0x00000038   Zero   RW          957    .bss                board.o
    0x200000e0   0x00000040   Zero   RW         1066    .bss                gpio-board.o
    0x20000120   0x00000034   Zero   RW         1176    .bss                rtc-board.o
    0x20000154   0x00000070   Zero   RW         1430    .bss                tim-board.o
    0x200001c4   0x000000c0   Zero   RW         1495    .bss                uart-board.o
    0x20000284   0x00000114   Zero   RW         1545    .bss                usart1-board.o
    0x20000398   0x00000018   Zero   RW         2271    .bss                stm32l1xx_hal_flash.o
    0x200003b0   0x00000030   Zero   RW         5274    .bss                hal_oled.o
    0x200003e0   0x0000024c   Zero   RW         5601    .bss                sx1276.o
    0x2000062c   0x00000004   PAD
    0x20000630   0x00000400   Zero   RW         1614    STACK               startup_stm32l151xb.o


==============================================================================

Image component sizes


      Code (inc. data)   RO Data    RW Data    ZI Data      Debug   Object Name

       626         48          0          4        104       5057   board.o
         0          0          0          0          0     126456   configs.o
        58          0          0          0          0       1050   flash.o
       498         32          0          0         64       6205   gpio-board.o
        20          0          0          0          0       1287   gpio.o
       360         50          0         14          0       4741   hal_key.o
       886         22       2224          0         48       7182   hal_oled.o
        28          6          0          4          0        501   key_scaner.o
      1300         98          0         40          0     396418   main.o
      1524        134         24         16         52       9392   rtc-board.o
       364         22          0          0          0       2497   spi-board.o
        36          8        244          0       1024        852   startup_stm32l151xb.o
       162         30          0          4          0       5862   stm32l1xx_hal.o
       228         14          0          0          0      28853   stm32l1xx_hal_cortex.o
       244         42          0          0         24       2758   stm32l1xx_hal_flash.o
       944         76          0          0          0       8811   stm32l1xx_hal_flash_ex.o
       440         38          0          0          0       3466   stm32l1xx_hal_gpio.o
        16          6          0          0          0        568   stm32l1xx_hal_pwr_ex.o
      2708        110          0          0          0       7016   stm32l1xx_hal_rcc.o
       360         12          0          0          0       1436   stm32l1xx_hal_rcc_ex.o
      1028         26          0          0          0       7993   stm32l1xx_hal_rtc.o
       744         12          0          0          0       4914   stm32l1xx_hal_rtc_ex.o
         2          0          0          0          0       1034   stm32l1xx_hal_spi.o
       122          0          0          0          0       1091   stm32l1xx_hal_spi_ex.o
       488         22          0          0          0       6110   stm32l1xx_hal_tim.o
       874          6          0          0          0       3253   stm32l1xx_hal_uart.o
        64          4          0          0          0        495   sx1276-board.o
         0          0          0          0        588       1784   sx1276.o
        10          0          0          0          0       2285   sysirqhandlers.o
        80         18         33          4          0       1323   system_stm32l1xx.o
       308         96          0          8        112       3915   tim-board.o
       286         18          0          8          0       3689   timer.o
         4          0          0          0          0        435   timer_handles.o
       888         26          0          3        192       2993   uart-board.o
        76          6          0          4          0       3502   uart.o
       272         56          0          6        276       4638   usart1-board.o

    ----------------------------------------------------------------------
     16072       1038       2560        120       2488     669862   Object Totals
         0          0         32          0          0          0   (incl. Generated)
        24          0          3          5          4          0   (incl. Padding)

    ----------------------------------------------------------------------

      Code (inc. data)   RO Data    RW Data    ZI Data      Debug   Library Member Name

       220         16          0          0          0         84   ceil.o
       148         12          0          0          0         88   round.o
         0          0          0          0          0          0   entry.o
         0          0          0          0          0          0   entry10a.o
         0          0          0          0          0          0   entry11a.o
         8          4          0          0          0          0   entry2.o
         4          0          0          0          0          0   entry5.o
         0          0          0          0          0          0   entry7b.o
         0          0          0          0          0          0   entry8b.o
         8          4          0          0          0          0   entry9a.o
        30          0          0          0          0          0   handlers.o
        36          8          0          0          0         68   init.o
         0          0          0          0          0          0   iusefp.o
        30          0          0          0          0         68   llshl.o
        36          0          0          0          0         68   llsshr.o
        32          0          0          0          0         68   llushr.o
        36          0          0          0          0         68   memcpya.o
        36          0          0          0          0        108   memseta.o
      2226         90          0          0          0        444   printfa.o
        44          0          0          0          0         80   uidiv.o
        98          0          0          0          0         92   uldiv.o
        48          0          0          0          0         68   cdcmple.o
        48          0          0          0          0         68   cdrcmple.o
       334          0          0          0          0        148   dadd.o
       222          0          0          0          0        100   ddiv.o
       186          0          0          0          0        176   depilogue.o
        62          0          0          0          0         80   dfixi.o
        50          0          0          0          0         76   dfixui.o
        48          0          0          0          0         68   dfixul.o
        34          0          0          0          0         76   dflti.o
        26          0          0          0          0         76   dfltui.o
       228          0          0          0          0         96   dmul.o
       136          4          0          0          0         92   drnd.o

    ----------------------------------------------------------------------
      4420        138          0          0          0       2360   Library Totals
         6          0          0          0          0          0   (incl. Padding)

    ----------------------------------------------------------------------

      Code (inc. data)   RO Data    RW Data    ZI Data      Debug   Library Name

       368         28          0          0          0        172   m_ws.l
      2624        106          0          0          0       1064   mc_w.l
      1422          4          0          0          0       1124   mf_w.l

    ----------------------------------------------------------------------
      4420        138          0          0          0       2360   Library Totals

    ----------------------------------------------------------------------

==============================================================================


      Code (inc. data)   RO Data    RW Data    ZI Data      Debug   

     20492       1176       2560        120       2488     662494   Grand Totals
     20492       1176       2560        120       2488     662494   ELF Image Totals
     20492       1176       2560        120          0          0   ROM Totals

==============================================================================

    Total RO  Size (Code + RO Data)                23052 (  22.51kB)
    Total RW  Size (RW Data + ZI Data)              2608 (   2.55kB)
    Total ROM Size (Code + RO Data + RW Data)      23172 (  22.63kB)

==============================================================================

