<html>
<body>
<pre>
<h1>µVision Build Log</h1>
<h2>Tool Versions:</h2>
IDE-Version: ¦ÌVision V5.25.2.0
Copyright (C) 2018 ARM Ltd and ARM Germany GmbH. All rights reserved.
License Information: 1 1, 1, LIC=SHYH9-4PE18-IWT27-EIDCQ-I0FQN-LTNAR
 
Tool Versions:
Toolchain:       DB-ARM Debugger  Version: 5.25.2.0
Toolchain Path:  C:\Keil_v5\ARM\ARMCC\Bin
C Compiler:      Armcc.exe V5.06 update 6 (build 750)
Assembler:       Armasm.exe V5.06 update 6 (build 750)
Linker/Locator:  ArmLink.exe V5.06 update 6 (build 750)
Library Manager: ArmAr.exe V5.06 update 6 (build 750)
Hex Converter:   FromElf.exe V5.06 update 6 (build 750)
CPU DLL:         SARMCM3.DLL V5.25.2.0
Dialog DLL:      DCM.DLL V1.17.1.0
Target DLL:      STLink\ST-LINKIII-KEIL_SWO.dll V3.0.1.0
Dialog DLL:      TCM.DLL V1.35.1.0
 
<h2>Project:</h2>
C:\Users\13172\Desktop\2022\01\LoRaÄ£¿é\project\LoraNode.uvprojx
Project File Date:  10/04/2022

<h2>Output:</h2>
*** Using Compiler 'V5.06 update 6 (build 750)', folder: 'C:\Keil_v5\ARM\ARMCC\Bin'
Rebuild target 'LoraNode-433-lora'
compiling configs.c...
compiling misc.c...
compiling timer_handles.c...
compiling key_scaner.c...
compiling main.c...
compiling adc-board.c...
compiling adc_reader.c...
compiling NS_Radio.c...
compiling led_light.c...
compiling uart_receiver.c...
compiling board.c...
assembling startup_stm32l151xb.s...
compiling system_stm32l1xx.c...
compiling gpio-board.c...
compiling stm32l1xx_hal.c...
compiling stm32l1xx_hal_adc_ex.c...
compiling stm32l1xx_hal_adc.c...
compiling tim-board.c...
compiling uart-board.c...
compiling rtc-board.c...
compiling spi-board.c...
compiling sx1276-board.c...
compiling usart1-board.c...
compiling stm32l1xx_hal_flash_ramfunc.c...
compiling stm32l1xx_hal_flash.c...
compiling stm32l1xx_hal_cortex.c...
compiling stm32l1xx_hal_dma.c...
compiling stm32l1xx_hal_flash_ex.c...
compiling stm32l1xx_hal_pwr.c...
compiling stm32l1xx_hal_pwr_ex.c...
compiling stm32l1xx_hal_iwdg.c...
compiling stm32l1xx_hal_gpio.c...
compiling stm32l1xx_hal_i2c.c...
compiling stm32l1xx_hal_rcc.c...
compiling stm32l1xx_hal_spi_ex.c...
compiling stm32l1xx_hal_tim_ex.c...
compiling stm32l1xx_hal_rtc.c...
compiling stm32l1xx_hal_rcc_ex.c...
compiling stm32l1xx_hal_usart.c...
compiling stm32l1xx_hal_rtc_ex.c...
compiling stm32l1xx_hal_uart.c...
compiling stm32l1xx_hal_spi.c...
compiling stm32l1xx_hal_tim.c...
compiling fifo.c...
compiling sysIrqHandlers.c...
compiling utilities.c...
compiling hal_key.c...
compiling sht1x.c...
compiling gpio.c...
compiling adc.c...
compiling flash.c...
compiling hal_it.c...
compiling delay.c...
compiling uart.c...
compiling timer.c...
compiling hal_oled.c...
compiling sx1276.c...
compiling iwdg.c...
linking...
Program Size: Code=18104 RO-data=5432 RW-data=92 ZI-data=2388  
FromELF: creating hex file...
".\Objects\LoraNode.axf" - 0 Error(s), 0 Warning(s).

<h2>Software Packages used:</h2>

Package Vendor: Keil
                http://www.keil.com/pack/Keil.STM32L1xx_DFP.1.4.1.pack
                Keil.STM32L1xx_DFP.1.4.1
                STMicroelectronics STM32L1 Series Device Support and Examples

<h2>Collection of Component include folders:</h2>
  .\RTE\_LoraNode-433-lora
  C:\Keil_v5\ARM\PACK\Keil\STM32L1xx_DFP\1.4.1\Drivers\CMSIS\Device\ST\STM32L1xx\Include

<h2>Collection of Component Files used:</h2>
Build Time Elapsed:  00:00:13
</pre>
</body>
</html>
